[2024-11-25T11:23:27.669+0100][0.007s] CardTable entry size: 512
[2024-11-25T11:23:27.669+0100][0.008s] Using G1
[2024-11-25T11:23:27.708+0100][0.047s] Version: 21.0.5+11-Ubuntu-1ubuntu124.04 (release)
[2024-11-25T11:23:27.708+0100][0.047s] CPUs: 20 total, 20 available
[2024-11-25T11:23:27.708+0100][0.047s] Memory: 15660M
[2024-11-25T11:23:27.708+0100][0.047s] Large Page Support: Disabled
[2024-11-25T11:23:27.708+0100][0.047s] NUMA Support: Disabled
[2024-11-25T11:23:27.708+0100][0.047s] Compressed Oops: Enabled (32-bit)
[2024-11-25T11:23:27.708+0100][0.047s] Heap Region Size: 1M
[2024-11-25T11:23:27.708+0100][0.047s] Heap Min Capacity: 512M
[2024-11-25T11:23:27.708+0100][0.047s] Heap Initial Capacity: 512M
[2024-11-25T11:23:27.708+0100][0.047s] Heap Max Capacity: 512M
[2024-11-25T11:23:27.708+0100][0.047s] Pre-touch: Enabled
[2024-11-25T11:23:27.708+0100][0.047s] Parallel Workers: 15
[2024-11-25T11:23:27.708+0100][0.047s] Concurrent Workers: 4
[2024-11-25T11:23:27.708+0100][0.047s] Concurrent Refinement Workers: 15
[2024-11-25T11:23:27.708+0100][0.047s] Periodic GC: Disabled
[2024-11-25T11:23:27.717+0100][0.056s] CDS archive(s) mapped at: [0x000073526b000000-0x000073526bc97000-0x000073526bc97000), size 13201408, SharedBaseAddress: 0x000073526b000000, ArchiveRelocationMode: 1.
[2024-11-25T11:23:27.717+0100][0.056s] Compressed class space mapped at: 0x000073526c000000-0x00007352ac000000, reserved size: 1073741824
[2024-11-25T11:23:27.717+0100][0.056s] Narrow klass base: 0x000073526b000000, Narrow klass shift: 0, Narrow klass range: 0x100000000
[2024-11-25T11:23:28.235+0100][0.573s] GC(0) Pause Young (Normal) (G1 Evacuation Pause)
[2024-11-25T11:23:28.235+0100][0.573s] GC(0) Using 12 workers of 15 for evacuation
[2024-11-25T11:23:28.237+0100][0.575s] GC(0)   Pre Evacuate Collection Set: 0.2ms
[2024-11-25T11:23:28.237+0100][0.575s] GC(0)   Merge Heap Roots: 0.1ms
[2024-11-25T11:23:28.237+0100][0.575s] GC(0)   Evacuate Collection Set: 1.4ms
[2024-11-25T11:23:28.237+0100][0.575s] GC(0)   Post Evacuate Collection Set: 0.4ms
[2024-11-25T11:23:28.237+0100][0.575s] GC(0)   Other: 0.0ms
[2024-11-25T11:23:28.237+0100][0.575s] GC(0) Eden regions: 29->0(56)
[2024-11-25T11:23:28.237+0100][0.575s] GC(0) Survivor regions: 0->4(4)
[2024-11-25T11:23:28.237+0100][0.575s] GC(0) Old regions: 2->2
[2024-11-25T11:23:28.237+0100][0.575s] GC(0) Humongous regions: 0->0
[2024-11-25T11:23:28.237+0100][0.575s] GC(0) Metaspace: 7646K(7872K)->7646K(7872K) NonClass: 6784K(6912K)->6784K(6912K) Class: 861K(960K)->861K(960K)
[2024-11-25T11:23:28.237+0100][0.575s] GC(0) Pause Young (Normal) (G1 Evacuation Pause) 30M->4M(512M) 2.287ms
[2024-11-25T11:23:28.237+0100][0.575s] GC(0) User=0.02s Sys=0.00s Real=0.00s
[2024-11-25T11:23:29.106+0100][1.444s] GC(1) Pause Young (Normal) (G1 Evacuation Pause)
[2024-11-25T11:23:29.106+0100][1.444s] GC(1) Using 15 workers of 15 for evacuation
[2024-11-25T11:23:29.112+0100][1.451s] GC(1)   Pre Evacuate Collection Set: 0.4ms
[2024-11-25T11:23:29.112+0100][1.451s] GC(1)   Merge Heap Roots: 0.2ms
[2024-11-25T11:23:29.112+0100][1.451s] GC(1)   Evacuate Collection Set: 5.0ms
[2024-11-25T11:23:29.112+0100][1.451s] GC(1)   Post Evacuate Collection Set: 0.7ms
[2024-11-25T11:23:29.112+0100][1.451s] GC(1)   Other: 0.1ms
[2024-11-25T11:23:29.112+0100][1.451s] GC(1) Eden regions: 56->0(76)
[2024-11-25T11:23:29.112+0100][1.451s] GC(1) Survivor regions: 4->8(8)
[2024-11-25T11:23:29.113+0100][1.451s] GC(1) Old regions: 2->9
[2024-11-25T11:23:29.113+0100][1.451s] GC(1) Humongous regions: 4->4
[2024-11-25T11:23:29.113+0100][1.451s] GC(1) Metaspace: 19971K(20352K)->19971K(20352K) NonClass: 17731K(17920K)->17731K(17920K) Class: 2240K(2432K)->2240K(2432K)
[2024-11-25T11:23:29.113+0100][1.451s] GC(1) Pause Young (Normal) (G1 Evacuation Pause) 64M->19M(512M) 6.579ms
[2024-11-25T11:23:29.113+0100][1.451s] GC(1) User=0.08s Sys=0.01s Real=0.01s
[2024-11-25T11:23:29.270+0100][1.609s] GC(2) Pause Young (Normal) (G1 Evacuation Pause)
[2024-11-25T11:23:29.271+0100][1.609s] GC(2) Using 15 workers of 15 for evacuation
[2024-11-25T11:23:29.274+0100][1.612s] GC(2)   Pre Evacuate Collection Set: 0.2ms
[2024-11-25T11:23:29.274+0100][1.612s] GC(2)   Merge Heap Roots: 0.1ms
[2024-11-25T11:23:29.274+0100][1.612s] GC(2)   Evacuate Collection Set: 2.2ms
[2024-11-25T11:23:29.274+0100][1.612s] GC(2)   Post Evacuate Collection Set: 0.5ms
[2024-11-25T11:23:29.274+0100][1.612s] GC(2)   Other: 0.1ms
[2024-11-25T11:23:29.274+0100][1.612s] GC(2) Eden regions: 76->0(302)
[2024-11-25T11:23:29.274+0100][1.612s] GC(2) Survivor regions: 8->5(11)
[2024-11-25T11:23:29.274+0100][1.612s] GC(2) Old regions: 9->18
[2024-11-25T11:23:29.274+0100][1.612s] GC(2) Humongous regions: 4->4
[2024-11-25T11:23:29.274+0100][1.612s] GC(2) Metaspace: 20148K(20544K)->20148K(20544K) NonClass: 17905K(18112K)->17905K(18112K) Class: 2243K(2432K)->2243K(2432K)
[2024-11-25T11:23:29.274+0100][1.612s] GC(2) Pause Young (Normal) (G1 Evacuation Pause) 95M->25M(512M) 3.318ms
[2024-11-25T11:23:29.274+0100][1.612s] GC(2) User=0.04s Sys=0.00s Real=0.01s
[2024-11-25T11:23:29.391+0100][1.729s] GC(3) Pause Young (Concurrent Start) (Metadata GC Threshold)
[2024-11-25T11:23:29.391+0100][1.729s] GC(3) Using 15 workers of 15 for evacuation
[2024-11-25T11:23:29.393+0100][1.731s] GC(3)   Pre Evacuate Collection Set: 0.3ms
[2024-11-25T11:23:29.393+0100][1.731s] GC(3)   Merge Heap Roots: 0.0ms
[2024-11-25T11:23:29.393+0100][1.731s] GC(3)   Evacuate Collection Set: 0.8ms
[2024-11-25T11:23:29.393+0100][1.731s] GC(3)   Post Evacuate Collection Set: 0.4ms
[2024-11-25T11:23:29.393+0100][1.731s] GC(3)   Other: 0.1ms
[2024-11-25T11:23:29.393+0100][1.731s] GC(3) Eden regions: 30->0(302)
[2024-11-25T11:23:29.393+0100][1.731s] GC(3) Survivor regions: 5->5(39)
[2024-11-25T11:23:29.393+0100][1.731s] GC(3) Old regions: 18->18
[2024-11-25T11:23:29.393+0100][1.731s] GC(3) Humongous regions: 4->4
[2024-11-25T11:23:29.393+0100][1.731s] GC(3) Metaspace: 21130K(21504K)->21130K(21504K) NonClass: 18772K(18944K)->18772K(18944K) Class: 2358K(2560K)->2358K(2560K)
[2024-11-25T11:23:29.393+0100][1.731s] GC(3) Pause Young (Concurrent Start) (Metadata GC Threshold) 55M->24M(512M) 1.760ms
[2024-11-25T11:23:29.393+0100][1.731s] GC(3) User=0.01s Sys=0.00s Real=0.01s
[2024-11-25T11:23:29.393+0100][1.731s] GC(4) Concurrent Mark Cycle
[2024-11-25T11:23:29.393+0100][1.731s] GC(4) Concurrent Scan Root Regions
[2024-11-25T11:23:29.394+0100][1.732s] GC(4) Concurrent Scan Root Regions 0.918ms
[2024-11-25T11:23:29.394+0100][1.732s] GC(4) Concurrent Mark
[2024-11-25T11:23:29.394+0100][1.732s] GC(4) Concurrent Mark From Roots
[2024-11-25T11:23:29.394+0100][1.732s] GC(4) Using 4 workers of 4 for marking
[2024-11-25T11:23:29.402+0100][1.740s] GC(4) Concurrent Mark From Roots 7.752ms
[2024-11-25T11:23:29.402+0100][1.740s] GC(4) Concurrent Preclean
[2024-11-25T11:23:29.402+0100][1.740s] GC(4) Concurrent Preclean 0.073ms
[2024-11-25T11:23:29.402+0100][1.741s] GC(4) Pause Remark
[2024-11-25T11:23:29.404+0100][1.742s] GC(4) Pause Remark 25M->25M(512M) 1.614ms
[2024-11-25T11:23:29.404+0100][1.742s] GC(4) User=0.01s Sys=0.00s Real=0.00s
[2024-11-25T11:23:29.404+0100][1.742s] GC(4) Concurrent Mark 10.067ms
[2024-11-25T11:23:29.404+0100][1.742s] GC(4) Concurrent Rebuild Remembered Sets and Scrub Regions
[2024-11-25T11:23:29.407+0100][1.745s] GC(4) Concurrent Rebuild Remembered Sets and Scrub Regions 3.033ms
[2024-11-25T11:23:29.407+0100][1.746s] GC(4) Pause Cleanup
[2024-11-25T11:23:29.407+0100][1.746s] GC(4) Pause Cleanup 25M->25M(512M) 0.171ms
[2024-11-25T11:23:29.407+0100][1.746s] GC(4) User=0.00s Sys=0.00s Real=0.00s
[2024-11-25T11:23:29.408+0100][1.746s] GC(4) Concurrent Clear Claimed Marks
[2024-11-25T11:23:29.408+0100][1.746s] GC(4) Concurrent Clear Claimed Marks 0.041ms
[2024-11-25T11:23:29.408+0100][1.746s] GC(4) Concurrent Cleanup for Next Mark
[2024-11-25T11:23:29.408+0100][1.746s] GC(4) Concurrent Cleanup for Next Mark 0.380ms
[2024-11-25T11:23:29.408+0100][1.746s] GC(4) Concurrent Mark Cycle 15.030ms
[2024-11-25T11:23:30.335+0100][2.673s] GC(5) Pause Young (Prepare Mixed) (Metadata GC Threshold)
[2024-11-25T11:23:30.335+0100][2.673s] GC(5) Using 15 workers of 15 for evacuation
[2024-11-25T11:23:30.338+0100][2.676s] GC(5)   Pre Evacuate Collection Set: 0.3ms
[2024-11-25T11:23:30.338+0100][2.676s] GC(5)   Merge Heap Roots: 0.1ms
[2024-11-25T11:23:30.338+0100][2.676s] GC(5)   Evacuate Collection Set: 2.1ms
[2024-11-25T11:23:30.338+0100][2.676s] GC(5)   Post Evacuate Collection Set: 0.3ms
[2024-11-25T11:23:30.338+0100][2.676s] GC(5)   Other: 0.1ms
[2024-11-25T11:23:30.338+0100][2.676s] GC(5) Eden regions: 91->0(299)
[2024-11-25T11:23:30.338+0100][2.676s] GC(5) Survivor regions: 5->8(39)
[2024-11-25T11:23:30.338+0100][2.676s] GC(5) Old regions: 18->18
[2024-11-25T11:23:30.338+0100][2.676s] GC(5) Humongous regions: 4->4
[2024-11-25T11:23:30.338+0100][2.676s] GC(5) Metaspace: 36141K(36736K)->36141K(36736K) NonClass: 32074K(32384K)->32074K(32384K) Class: 4067K(4352K)->4067K(4352K)
[2024-11-25T11:23:30.338+0100][2.676s] GC(5) Pause Young (Prepare Mixed) (Metadata GC Threshold) 115M->27M(512M) 3.085ms
[2024-11-25T11:23:30.338+0100][2.676s] GC(5) User=0.03s Sys=0.00s Real=0.00s
[2024-11-25T11:23:30.359+0100][2.697s] GC(6) Pause Young (Mixed) (Metadata GC Threshold)
[2024-11-25T11:23:30.359+0100][2.697s] GC(6) Using 15 workers of 15 for evacuation
[2024-11-25T11:23:30.362+0100][2.700s] GC(6)   Pre Evacuate Collection Set: 0.2ms
[2024-11-25T11:23:30.362+0100][2.700s] GC(6)   Merge Heap Roots: 0.0ms
[2024-11-25T11:23:30.362+0100][2.700s] GC(6)   Evacuate Collection Set: 2.0ms
[2024-11-25T11:23:30.362+0100][2.700s] GC(6)   Post Evacuate Collection Set: 0.3ms
[2024-11-25T11:23:30.362+0100][2.700s] GC(6)   Other: 0.0ms
[2024-11-25T11:23:30.362+0100][2.700s] GC(6) Eden regions: 3->0(299)
[2024-11-25T11:23:30.362+0100][2.700s] GC(6) Survivor regions: 8->8(39)
[2024-11-25T11:23:30.362+0100][2.700s] GC(6) Old regions: 18->17
[2024-11-25T11:23:30.362+0100][2.700s] GC(6) Humongous regions: 4->4
[2024-11-25T11:23:30.362+0100][2.700s] GC(6) Metaspace: 36440K(37056K)->36440K(37056K) NonClass: 32342K(32640K)->32342K(32640K) Class: 4097K(4416K)->4097K(4416K)
[2024-11-25T11:23:30.362+0100][2.700s] GC(6) Pause Young (Mixed) (Metadata GC Threshold) 30M->27M(512M) 2.739ms
[2024-11-25T11:23:30.362+0100][2.700s] GC(6) User=0.03s Sys=0.00s Real=0.00s
[2024-11-25T11:23:30.376+0100][2.714s] GC(7) Pause Young (Concurrent Start) (Metadata GC Threshold)
[2024-11-25T11:23:30.376+0100][2.714s] GC(7) Using 15 workers of 15 for evacuation
[2024-11-25T11:23:30.380+0100][2.718s] GC(7)   Pre Evacuate Collection Set: 1.1ms
[2024-11-25T11:23:30.380+0100][2.718s] GC(7)   Merge Heap Roots: 0.1ms
[2024-11-25T11:23:30.380+0100][2.718s] GC(7)   Evacuate Collection Set: 2.1ms
[2024-11-25T11:23:30.380+0100][2.718s] GC(7)   Post Evacuate Collection Set: 0.3ms
[2024-11-25T11:23:30.380+0100][2.718s] GC(7)   Other: 0.2ms
[2024-11-25T11:23:30.380+0100][2.718s] GC(7) Eden regions: 1->0(299)
[2024-11-25T11:23:30.380+0100][2.718s] GC(7) Survivor regions: 8->8(39)
[2024-11-25T11:23:30.380+0100][2.718s] GC(7) Old regions: 17->17
[2024-11-25T11:23:30.380+0100][2.718s] GC(7) Humongous regions: 4->4
[2024-11-25T11:23:30.380+0100][2.718s] GC(7) Metaspace: 36810K(37376K)->36810K(37376K) NonClass: 32681K(32960K)->32681K(32960K) Class: 4128K(4416K)->4128K(4416K)
[2024-11-25T11:23:30.380+0100][2.718s] GC(7) Pause Young (Concurrent Start) (Metadata GC Threshold) 28M->28M(512M) 3.969ms
[2024-11-25T11:23:30.380+0100][2.718s] GC(7) User=0.04s Sys=0.00s Real=0.00s
[2024-11-25T11:23:30.380+0100][2.718s] GC(8) Concurrent Mark Cycle
[2024-11-25T11:23:30.380+0100][2.718s] GC(8) Concurrent Scan Root Regions
[2024-11-25T11:23:30.381+0100][2.720s] GC(8) Concurrent Scan Root Regions 1.336ms
[2024-11-25T11:23:30.381+0100][2.720s] GC(8) Concurrent Mark
[2024-11-25T11:23:30.381+0100][2.720s] GC(8) Concurrent Mark From Roots
[2024-11-25T11:23:30.381+0100][2.720s] GC(8) Using 4 workers of 4 for marking
[2024-11-25T11:23:30.389+0100][2.727s] GC(8) Concurrent Mark From Roots 7.271ms
[2024-11-25T11:23:30.389+0100][2.727s] GC(8) Concurrent Preclean
[2024-11-25T11:23:30.389+0100][2.727s] GC(8) Concurrent Preclean 0.026ms
[2024-11-25T11:23:30.389+0100][2.727s] GC(8) Pause Remark
[2024-11-25T11:23:30.391+0100][2.729s] GC(8) Pause Remark 29M->29M(512M) 2.128ms
[2024-11-25T11:23:30.391+0100][2.729s] GC(8) User=0.01s Sys=0.00s Real=0.00s
[2024-11-25T11:23:30.391+0100][2.729s] GC(8) Concurrent Mark 9.695ms
[2024-11-25T11:23:30.391+0100][2.729s] GC(8) Concurrent Rebuild Remembered Sets and Scrub Regions
[2024-11-25T11:23:30.395+0100][2.733s] GC(8) Concurrent Rebuild Remembered Sets and Scrub Regions 3.485ms
[2024-11-25T11:23:30.395+0100][2.733s] GC(8) Pause Cleanup
[2024-11-25T11:23:30.395+0100][2.733s] GC(8) Pause Cleanup 29M->29M(512M) 0.147ms
[2024-11-25T11:23:30.395+0100][2.733s] GC(8) User=0.00s Sys=0.00s Real=0.00s
[2024-11-25T11:23:30.395+0100][2.733s] GC(8) Concurrent Clear Claimed Marks
[2024-11-25T11:23:30.395+0100][2.733s] GC(8) Concurrent Clear Claimed Marks 0.047ms
[2024-11-25T11:23:30.395+0100][2.733s] GC(8) Concurrent Cleanup for Next Mark
[2024-11-25T11:23:30.395+0100][2.734s] GC(8) Concurrent Cleanup for Next Mark 0.392ms
[2024-11-25T11:23:30.396+0100][2.734s] GC(8) Concurrent Mark Cycle 15.671ms
[2024-11-25T11:23:35.974+0100][8.312s] GC(9) Pause Young (Prepare Mixed) (Metadata GC Threshold)
[2024-11-25T11:23:35.974+0100][8.313s] GC(9) Using 15 workers of 15 for evacuation
[2024-11-25T11:23:35.982+0100][8.320s] GC(9)   Pre Evacuate Collection Set: 0.2ms
[2024-11-25T11:23:35.982+0100][8.320s] GC(9)   Merge Heap Roots: 0.1ms
[2024-11-25T11:23:35.982+0100][8.320s] GC(9)   Evacuate Collection Set: 6.2ms
[2024-11-25T11:23:35.982+0100][8.320s] GC(9)   Post Evacuate Collection Set: 1.1ms
[2024-11-25T11:23:35.982+0100][8.320s] GC(9)   Other: 0.1ms
[2024-11-25T11:23:35.982+0100][8.320s] GC(9) Eden regions: 213->0(280)
[2024-11-25T11:23:35.982+0100][8.320s] GC(9) Survivor regions: 8->27(39)
[2024-11-25T11:23:35.982+0100][8.320s] GC(9) Old regions: 17->17
[2024-11-25T11:23:35.982+0100][8.320s] GC(9) Humongous regions: 4->4
[2024-11-25T11:23:35.982+0100][8.320s] GC(9) Metaspace: 61881K(62656K)->61881K(62656K) NonClass: 54503K(54912K)->54503K(54912K) Class: 7377K(7744K)->7377K(7744K)
[2024-11-25T11:23:35.982+0100][8.320s] GC(9) Pause Young (Prepare Mixed) (Metadata GC Threshold) 240M->46M(512M) 7.983ms
[2024-11-25T11:23:35.982+0100][8.320s] GC(9) User=0.09s Sys=0.00s Real=0.01s
[2024-11-25T11:23:36.005+0100][8.343s] GC(10) Pause Young (Mixed) (Metadata GC Threshold)
[2024-11-25T11:23:36.005+0100][8.343s] GC(10) Using 15 workers of 15 for evacuation
[2024-11-25T11:23:36.011+0100][8.349s] GC(10)   Pre Evacuate Collection Set: 0.3ms
[2024-11-25T11:23:36.011+0100][8.349s] GC(10)   Merge Heap Roots: 0.1ms
[2024-11-25T11:23:36.011+0100][8.349s] GC(10)   Evacuate Collection Set: 4.8ms
[2024-11-25T11:23:36.011+0100][8.349s] GC(10)   Post Evacuate Collection Set: 0.7ms
[2024-11-25T11:23:36.011+0100][8.349s] GC(10)   Other: 0.1ms
[2024-11-25T11:23:36.011+0100][8.349s] GC(10) Eden regions: 3->0(286)
[2024-11-25T11:23:36.011+0100][8.349s] GC(10) Survivor regions: 27->21(39)
[2024-11-25T11:23:36.011+0100][8.349s] GC(10) Old regions: 17->23
[2024-11-25T11:23:36.011+0100][8.349s] GC(10) Humongous regions: 4->4
[2024-11-25T11:23:36.011+0100][8.349s] GC(10) Metaspace: 62202K(62976K)->62202K(62976K) NonClass: 54775K(55168K)->54775K(55168K) Class: 7426K(7808K)->7426K(7808K)
[2024-11-25T11:23:36.011+0100][8.349s] GC(10) Pause Young (Mixed) (Metadata GC Threshold) 49M->46M(512M) 6.210ms
[2024-11-25T11:23:36.011+0100][8.349s] GC(10) User=0.07s Sys=0.00s Real=0.00s
[2024-11-25T11:24:31.425+0100][63.763s] GC(11) Pause Young (Concurrent Start) (Metadata GC Threshold)
[2024-11-25T11:24:31.425+0100][63.763s] GC(11) Using 15 workers of 15 for evacuation
[2024-11-25T11:24:31.431+0100][63.769s] GC(11)   Pre Evacuate Collection Set: 0.3ms
[2024-11-25T11:24:31.431+0100][63.769s] GC(11)   Merge Heap Roots: 0.1ms
[2024-11-25T11:24:31.431+0100][63.769s] GC(11)   Evacuate Collection Set: 4.7ms
[2024-11-25T11:24:31.431+0100][63.769s] GC(11)   Post Evacuate Collection Set: 0.8ms
[2024-11-25T11:24:31.431+0100][63.769s] GC(11)   Other: 0.1ms
[2024-11-25T11:24:31.431+0100][63.769s] GC(11) Eden regions: 6->0(286)
[2024-11-25T11:24:31.431+0100][63.769s] GC(11) Survivor regions: 21->21(39)
[2024-11-25T11:24:31.431+0100][63.769s] GC(11) Old regions: 23->23
[2024-11-25T11:24:31.431+0100][63.769s] GC(11) Humongous regions: 4->4
[2024-11-25T11:24:31.431+0100][63.769s] GC(11) Metaspace: 62505K(63296K)->62505K(63296K) NonClass: 55038K(55424K)->55038K(55424K) Class: 7467K(7872K)->7467K(7872K)
[2024-11-25T11:24:31.431+0100][63.769s] GC(11) Pause Young (Concurrent Start) (Metadata GC Threshold) 52M->47M(512M) 6.158ms
[2024-11-25T11:24:31.431+0100][63.769s] GC(11) User=0.06s Sys=0.00s Real=0.00s
[2024-11-25T11:24:31.431+0100][63.769s] GC(12) Concurrent Mark Cycle
[2024-11-25T11:24:31.431+0100][63.769s] GC(12) Concurrent Scan Root Regions
[2024-11-25T11:24:31.436+0100][63.774s] GC(12) Concurrent Scan Root Regions 4.615ms
[2024-11-25T11:24:31.436+0100][63.774s] GC(12) Concurrent Mark
[2024-11-25T11:24:31.436+0100][63.774s] GC(12) Concurrent Mark From Roots
[2024-11-25T11:24:31.436+0100][63.774s] GC(12) Using 4 workers of 4 for marking
[2024-11-25T11:24:31.445+0100][63.783s] GC(12) Concurrent Mark From Roots 9.146ms
[2024-11-25T11:24:31.445+0100][63.783s] GC(12) Concurrent Preclean
[2024-11-25T11:24:31.445+0100][63.783s] GC(12) Concurrent Preclean 0.139ms
[2024-11-25T11:24:31.445+0100][63.783s] GC(12) Pause Remark
[2024-11-25T11:24:31.448+0100][63.786s] GC(12) Pause Remark 50M->50M(512M) 2.510ms
[2024-11-25T11:24:31.448+0100][63.786s] GC(12) User=0.02s Sys=0.00s Real=0.00s
[2024-11-25T11:24:31.448+0100][63.786s] GC(12) Concurrent Mark 11.984ms
[2024-11-25T11:24:31.448+0100][63.786s] GC(12) Concurrent Rebuild Remembered Sets and Scrub Regions
[2024-11-25T11:24:31.453+0100][63.791s] GC(12) Concurrent Rebuild Remembered Sets and Scrub Regions 5.006ms
[2024-11-25T11:24:31.453+0100][63.791s] GC(12) Pause Cleanup
[2024-11-25T11:24:31.453+0100][63.791s] GC(12) Pause Cleanup 51M->51M(512M) 0.178ms
[2024-11-25T11:24:31.453+0100][63.791s] GC(12) User=0.00s Sys=0.00s Real=0.00s
[2024-11-25T11:24:31.453+0100][63.791s] GC(12) Concurrent Clear Claimed Marks
[2024-11-25T11:24:31.453+0100][63.791s] GC(12) Concurrent Clear Claimed Marks 0.095ms
[2024-11-25T11:24:31.453+0100][63.791s] GC(12) Concurrent Cleanup for Next Mark
[2024-11-25T11:24:31.454+0100][63.792s] GC(12) Concurrent Cleanup for Next Mark 0.323ms
[2024-11-25T11:24:31.454+0100][63.792s] GC(12) Concurrent Mark Cycle 22.503ms
[2024-11-25T11:24:39.661+0100][72.000s] Heap
[2024-11-25T11:24:39.661+0100][72.000s]  garbage-first heap   total 524288K, used 68231K [0x00000000e0000000, 0x0000000100000000)
[2024-11-25T11:24:39.661+0100][72.000s]   region size 1024K, 40 young (40960K), 21 survivors (21504K)
[2024-11-25T11:24:39.661+0100][72.000s]  Metaspace       used 62890K, committed 63680K, reserved 1114112K
[2024-11-25T11:24:39.661+0100][72.000s]   class space    used 7525K, committed 7872K, reserved 1048576K
