[2024-11-27T13:44:08.742+0100][0.010s] CardTable entry size: 512
[2024-11-27T13:44:08.743+0100][0.011s] Using G1
[2024-11-27T13:44:08.812+0100][0.079s] Version: 21.0.5+11-Ubuntu-1ubuntu124.04 (release)
[2024-11-27T13:44:08.812+0100][0.079s] CPUs: 20 total, 20 available
[2024-11-27T13:44:08.812+0100][0.079s] Memory: 15660M
[2024-11-27T13:44:08.812+0100][0.079s] Large Page Support: Disabled
[2024-11-27T13:44:08.812+0100][0.079s] NUMA Support: Disabled
[2024-11-27T13:44:08.812+0100][0.079s] Compressed Oops: Enabled (32-bit)
[2024-11-27T13:44:08.812+0100][0.079s] Heap Region Size: 1M
[2024-11-27T13:44:08.812+0100][0.080s] Heap Min Capacity: 512M
[2024-11-27T13:44:08.812+0100][0.080s] Heap Initial Capacity: 512M
[2024-11-27T13:44:08.812+0100][0.080s] Heap Max Capacity: 512M
[2024-11-27T13:44:08.812+0100][0.080s] Pre-touch: Enabled
[2024-11-27T13:44:08.812+0100][0.080s] Parallel Workers: 15
[2024-11-27T13:44:08.812+0100][0.080s] Concurrent Workers: 4
[2024-11-27T13:44:08.812+0100][0.080s] Concurrent Refinement Workers: 15
[2024-11-27T13:44:08.812+0100][0.080s] Periodic GC: Disabled
[2024-11-27T13:44:08.820+0100][0.088s] CDS archive(s) mapped at: [0x000077443f000000-0x000077443fc97000-0x000077443fc97000), size 13201408, SharedBaseAddress: 0x000077443f000000, ArchiveRelocationMode: 1.
[2024-11-27T13:44:08.821+0100][0.088s] Compressed class space mapped at: 0x0000774440000000-0x0000774480000000, reserved size: 1073741824
[2024-11-27T13:44:08.821+0100][0.088s] Narrow klass base: 0x000077443f000000, Narrow klass shift: 0, Narrow klass range: 0x100000000
[2024-11-27T13:44:09.426+0100][0.694s] GC(0) Pause Young (Normal) (G1 Evacuation Pause)
[2024-11-27T13:44:09.426+0100][0.694s] GC(0) Using 12 workers of 15 for evacuation
[2024-11-27T13:44:09.430+0100][0.698s] GC(0)   Pre Evacuate Collection Set: 0.4ms
[2024-11-27T13:44:09.431+0100][0.698s] GC(0)   Merge Heap Roots: 0.1ms
[2024-11-27T13:44:09.431+0100][0.698s] GC(0)   Evacuate Collection Set: 2.8ms
[2024-11-27T13:44:09.431+0100][0.698s] GC(0)   Post Evacuate Collection Set: 1.0ms
[2024-11-27T13:44:09.431+0100][0.698s] GC(0)   Other: 0.2ms
[2024-11-27T13:44:09.431+0100][0.698s] GC(0) Eden regions: 29->0(55)
[2024-11-27T13:44:09.431+0100][0.698s] GC(0) Survivor regions: 0->4(4)
[2024-11-27T13:44:09.431+0100][0.698s] GC(0) Old regions: 2->2
[2024-11-27T13:44:09.431+0100][0.698s] GC(0) Humongous regions: 0->0
[2024-11-27T13:44:09.431+0100][0.698s] GC(0) Metaspace: 7645K(7872K)->7645K(7872K) NonClass: 6782K(6912K)->6782K(6912K) Class: 862K(960K)->862K(960K)
[2024-11-27T13:44:09.431+0100][0.699s] GC(0) Pause Young (Normal) (G1 Evacuation Pause) 30M->4M(512M) 4.848ms
[2024-11-27T13:44:09.431+0100][0.699s] GC(0) User=0.04s Sys=0.00s Real=0.00s
[2024-11-27T13:44:10.312+0100][1.580s] GC(1) Pause Young (Normal) (G1 Evacuation Pause)
[2024-11-27T13:44:10.312+0100][1.580s] GC(1) Using 15 workers of 15 for evacuation
[2024-11-27T13:44:10.319+0100][1.587s] GC(1)   Pre Evacuate Collection Set: 0.5ms
[2024-11-27T13:44:10.319+0100][1.587s] GC(1)   Merge Heap Roots: 0.1ms
[2024-11-27T13:44:10.319+0100][1.587s] GC(1)   Evacuate Collection Set: 5.4ms
[2024-11-27T13:44:10.319+0100][1.587s] GC(1)   Post Evacuate Collection Set: 0.5ms
[2024-11-27T13:44:10.319+0100][1.587s] GC(1)   Other: 0.1ms
[2024-11-27T13:44:10.319+0100][1.587s] GC(1) Eden regions: 55->0(74)
[2024-11-27T13:44:10.319+0100][1.587s] GC(1) Survivor regions: 4->8(8)
[2024-11-27T13:44:10.319+0100][1.587s] GC(1) Old regions: 2->9
[2024-11-27T13:44:10.319+0100][1.587s] GC(1) Humongous regions: 4->4
[2024-11-27T13:44:10.319+0100][1.587s] GC(1) Metaspace: 19960K(20352K)->19960K(20352K) NonClass: 17720K(17920K)->17720K(17920K) Class: 2240K(2432K)->2240K(2432K)
[2024-11-27T13:44:10.319+0100][1.587s] GC(1) Pause Young (Normal) (G1 Evacuation Pause) 63M->19M(512M) 6.787ms
[2024-11-27T13:44:10.319+0100][1.587s] GC(1) User=0.10s Sys=0.00s Real=0.01s
[2024-11-27T13:44:10.445+0100][1.713s] GC(2) Pause Young (Normal) (G1 Evacuation Pause)
[2024-11-27T13:44:10.445+0100][1.713s] GC(2) Using 15 workers of 15 for evacuation
[2024-11-27T13:44:10.450+0100][1.718s] GC(2)   Pre Evacuate Collection Set: 0.6ms
[2024-11-27T13:44:10.450+0100][1.718s] GC(2)   Merge Heap Roots: 0.1ms
[2024-11-27T13:44:10.450+0100][1.718s] GC(2)   Evacuate Collection Set: 2.8ms
[2024-11-27T13:44:10.450+0100][1.718s] GC(2)   Post Evacuate Collection Set: 0.8ms
[2024-11-27T13:44:10.450+0100][1.718s] GC(2)   Other: 0.1ms
[2024-11-27T13:44:10.450+0100][1.718s] GC(2) Eden regions: 74->0(302)
[2024-11-27T13:44:10.450+0100][1.718s] GC(2) Survivor regions: 8->5(11)
[2024-11-27T13:44:10.450+0100][1.718s] GC(2) Old regions: 9->18
[2024-11-27T13:44:10.450+0100][1.718s] GC(2) Humongous regions: 4->4
[2024-11-27T13:44:10.450+0100][1.718s] GC(2) Metaspace: 20135K(20544K)->20135K(20544K) NonClass: 17892K(18112K)->17892K(18112K) Class: 2243K(2432K)->2243K(2432K)
[2024-11-27T13:44:10.450+0100][1.718s] GC(2) Pause Young (Normal) (G1 Evacuation Pause) 93M->24M(512M) 4.667ms
[2024-11-27T13:44:10.450+0100][1.718s] GC(2) User=0.06s Sys=0.00s Real=0.00s
[2024-11-27T13:44:10.553+0100][1.821s] GC(3) Pause Young (Concurrent Start) (Metadata GC Threshold)
[2024-11-27T13:44:10.554+0100][1.821s] GC(3) Using 15 workers of 15 for evacuation
[2024-11-27T13:44:10.556+0100][1.824s] GC(3)   Pre Evacuate Collection Set: 0.5ms
[2024-11-27T13:44:10.556+0100][1.824s] GC(3)   Merge Heap Roots: 0.1ms
[2024-11-27T13:44:10.556+0100][1.824s] GC(3)   Evacuate Collection Set: 1.1ms
[2024-11-27T13:44:10.556+0100][1.824s] GC(3)   Post Evacuate Collection Set: 0.7ms
[2024-11-27T13:44:10.556+0100][1.824s] GC(3)   Other: 0.2ms
[2024-11-27T13:44:10.556+0100][1.824s] GC(3) Eden regions: 34->0(302)
[2024-11-27T13:44:10.556+0100][1.824s] GC(3) Survivor regions: 5->5(39)
[2024-11-27T13:44:10.556+0100][1.824s] GC(3) Old regions: 18->18
[2024-11-27T13:44:10.556+0100][1.824s] GC(3) Humongous regions: 4->4
[2024-11-27T13:44:10.556+0100][1.824s] GC(3) Metaspace: 21133K(21504K)->21133K(21504K) NonClass: 18774K(18944K)->18774K(18944K) Class: 2359K(2560K)->2359K(2560K)
[2024-11-27T13:44:10.556+0100][1.824s] GC(3) Pause Young (Concurrent Start) (Metadata GC Threshold) 58M->24M(512M) 2.771ms
[2024-11-27T13:44:10.556+0100][1.824s] GC(3) User=0.01s Sys=0.00s Real=0.01s
[2024-11-27T13:44:10.556+0100][1.824s] GC(4) Concurrent Mark Cycle
[2024-11-27T13:44:10.556+0100][1.824s] GC(4) Concurrent Scan Root Regions
[2024-11-27T13:44:10.557+0100][1.825s] GC(4) Concurrent Scan Root Regions 0.950ms
[2024-11-27T13:44:10.557+0100][1.825s] GC(4) Concurrent Mark
[2024-11-27T13:44:10.557+0100][1.825s] GC(4) Concurrent Mark From Roots
[2024-11-27T13:44:10.557+0100][1.825s] GC(4) Using 4 workers of 4 for marking
[2024-11-27T13:44:10.564+0100][1.832s] GC(4) Concurrent Mark From Roots 7.180ms
[2024-11-27T13:44:10.565+0100][1.832s] GC(4) Concurrent Preclean
[2024-11-27T13:44:10.565+0100][1.832s] GC(4) Concurrent Preclean 0.113ms
[2024-11-27T13:44:10.565+0100][1.833s] GC(4) Pause Remark
[2024-11-27T13:44:10.567+0100][1.835s] GC(4) Pause Remark 25M->25M(512M) 2.315ms
[2024-11-27T13:44:10.567+0100][1.835s] GC(4) User=0.01s Sys=0.00s Real=0.00s
[2024-11-27T13:44:10.567+0100][1.835s] GC(4) Concurrent Mark 9.896ms
[2024-11-27T13:44:10.567+0100][1.835s] GC(4) Concurrent Rebuild Remembered Sets and Scrub Regions
[2024-11-27T13:44:10.571+0100][1.839s] GC(4) Concurrent Rebuild Remembered Sets and Scrub Regions 3.633ms
[2024-11-27T13:44:10.571+0100][1.839s] GC(4) Pause Cleanup
[2024-11-27T13:44:10.571+0100][1.839s] GC(4) Pause Cleanup 25M->25M(512M) 0.151ms
[2024-11-27T13:44:10.571+0100][1.839s] GC(4) User=0.00s Sys=0.00s Real=0.00s
[2024-11-27T13:44:10.571+0100][1.839s] GC(4) Concurrent Clear Claimed Marks
[2024-11-27T13:44:10.571+0100][1.839s] GC(4) Concurrent Clear Claimed Marks 0.037ms
[2024-11-27T13:44:10.571+0100][1.839s] GC(4) Concurrent Cleanup for Next Mark
[2024-11-27T13:44:10.572+0100][1.840s] GC(4) Concurrent Cleanup for Next Mark 0.402ms
[2024-11-27T13:44:10.572+0100][1.840s] GC(4) Concurrent Mark Cycle 15.493ms
[2024-11-27T13:44:11.559+0100][2.827s] GC(5) Pause Young (Prepare Mixed) (Metadata GC Threshold)
[2024-11-27T13:44:11.560+0100][2.827s] GC(5) Using 15 workers of 15 for evacuation
[2024-11-27T13:44:11.563+0100][2.830s] GC(5)   Pre Evacuate Collection Set: 0.4ms
[2024-11-27T13:44:11.563+0100][2.830s] GC(5)   Merge Heap Roots: 0.1ms
[2024-11-27T13:44:11.563+0100][2.830s] GC(5)   Evacuate Collection Set: 2.1ms
[2024-11-27T13:44:11.563+0100][2.830s] GC(5)   Post Evacuate Collection Set: 0.4ms
[2024-11-27T13:44:11.563+0100][2.830s] GC(5)   Other: 0.1ms
[2024-11-27T13:44:11.563+0100][2.831s] GC(5) Eden regions: 84->0(299)
[2024-11-27T13:44:11.563+0100][2.831s] GC(5) Survivor regions: 5->8(39)
[2024-11-27T13:44:11.563+0100][2.831s] GC(5) Old regions: 18->18
[2024-11-27T13:44:11.563+0100][2.831s] GC(5) Humongous regions: 4->4
[2024-11-27T13:44:11.563+0100][2.831s] GC(5) Metaspace: 35987K(36480K)->35987K(36480K) NonClass: 31937K(32192K)->31937K(32192K) Class: 4050K(4288K)->4050K(4288K)
[2024-11-27T13:44:11.563+0100][2.831s] GC(5) Pause Young (Prepare Mixed) (Metadata GC Threshold) 108M->27M(512M) 3.235ms
[2024-11-27T13:44:11.563+0100][2.831s] GC(5) User=0.03s Sys=0.00s Real=0.00s
[2024-11-27T13:44:11.583+0100][2.851s] GC(6) Pause Young (Mixed) (Metadata GC Threshold)
[2024-11-27T13:44:11.583+0100][2.851s] GC(6) Using 15 workers of 15 for evacuation
[2024-11-27T13:44:11.587+0100][2.855s] GC(6)   Pre Evacuate Collection Set: 0.2ms
[2024-11-27T13:44:11.587+0100][2.855s] GC(6)   Merge Heap Roots: 0.0ms
[2024-11-27T13:44:11.587+0100][2.855s] GC(6)   Evacuate Collection Set: 2.7ms
[2024-11-27T13:44:11.587+0100][2.855s] GC(6)   Post Evacuate Collection Set: 0.7ms
[2024-11-27T13:44:11.587+0100][2.855s] GC(6)   Other: 0.2ms
[2024-11-27T13:44:11.587+0100][2.855s] GC(6) Eden regions: 2->0(299)
[2024-11-27T13:44:11.587+0100][2.855s] GC(6) Survivor regions: 8->8(39)
[2024-11-27T13:44:11.587+0100][2.855s] GC(6) Old regions: 18->17
[2024-11-27T13:44:11.587+0100][2.855s] GC(6) Humongous regions: 4->4
[2024-11-27T13:44:11.587+0100][2.855s] GC(6) Metaspace: 36251K(36800K)->36251K(36800K) NonClass: 32168K(32448K)->32168K(32448K) Class: 4082K(4352K)->4082K(4352K)
[2024-11-27T13:44:11.587+0100][2.855s] GC(6) Pause Young (Mixed) (Metadata GC Threshold) 29M->27M(512M) 4.144ms
[2024-11-27T13:44:11.587+0100][2.855s] GC(6) User=0.05s Sys=0.00s Real=0.01s
[2024-11-27T13:44:11.599+0100][2.867s] GC(7) Pause Young (Concurrent Start) (Metadata GC Threshold)
[2024-11-27T13:44:11.599+0100][2.867s] GC(7) Using 15 workers of 15 for evacuation
[2024-11-27T13:44:11.605+0100][2.873s] GC(7)   Pre Evacuate Collection Set: 0.4ms
[2024-11-27T13:44:11.606+0100][2.873s] GC(7)   Merge Heap Roots: 0.2ms
[2024-11-27T13:44:11.606+0100][2.873s] GC(7)   Evacuate Collection Set: 4.1ms
[2024-11-27T13:44:11.606+0100][2.873s] GC(7)   Post Evacuate Collection Set: 1.0ms
[2024-11-27T13:44:11.606+0100][2.873s] GC(7)   Other: 0.3ms
[2024-11-27T13:44:11.606+0100][2.873s] GC(7) Eden regions: 1->0(299)
[2024-11-27T13:44:11.606+0100][2.873s] GC(7) Survivor regions: 8->8(39)
[2024-11-27T13:44:11.606+0100][2.873s] GC(7) Old regions: 17->17
[2024-11-27T13:44:11.606+0100][2.873s] GC(7) Humongous regions: 4->4
[2024-11-27T13:44:11.606+0100][2.873s] GC(7) Metaspace: 36524K(37120K)->36524K(37120K) NonClass: 32423K(32704K)->32423K(32704K) Class: 4100K(4416K)->4100K(4416K)
[2024-11-27T13:44:11.606+0100][2.874s] GC(7) Pause Young (Concurrent Start) (Metadata GC Threshold) 28M->27M(512M) 6.297ms
[2024-11-27T13:44:11.606+0100][2.874s] GC(7) User=0.06s Sys=0.00s Real=0.01s
[2024-11-27T13:44:11.606+0100][2.874s] GC(8) Concurrent Mark Cycle
[2024-11-27T13:44:11.606+0100][2.874s] GC(8) Concurrent Scan Root Regions
[2024-11-27T13:44:11.608+0100][2.876s] GC(8) Concurrent Scan Root Regions 2.196ms
[2024-11-27T13:44:11.608+0100][2.876s] GC(8) Concurrent Mark
[2024-11-27T13:44:11.608+0100][2.876s] GC(8) Concurrent Mark From Roots
[2024-11-27T13:44:11.608+0100][2.876s] GC(8) Using 4 workers of 4 for marking
[2024-11-27T13:44:11.622+0100][2.889s] GC(8) Concurrent Mark From Roots 13.484ms
[2024-11-27T13:44:11.622+0100][2.890s] GC(8) Concurrent Preclean
[2024-11-27T13:44:11.622+0100][2.890s] GC(8) Concurrent Preclean 0.112ms
[2024-11-27T13:44:11.622+0100][2.890s] GC(8) Pause Remark
[2024-11-27T13:44:11.626+0100][2.894s] GC(8) Pause Remark 28M->28M(512M) 3.893ms
[2024-11-27T13:44:11.626+0100][2.894s] GC(8) User=0.03s Sys=0.00s Real=0.01s
[2024-11-27T13:44:11.626+0100][2.894s] GC(8) Concurrent Mark 18.173ms
[2024-11-27T13:44:11.626+0100][2.894s] GC(8) Concurrent Rebuild Remembered Sets and Scrub Regions
[2024-11-27T13:44:11.634+0100][2.902s] GC(8) Concurrent Rebuild Remembered Sets and Scrub Regions 7.492ms
[2024-11-27T13:44:11.634+0100][2.902s] GC(8) Pause Cleanup
[2024-11-27T13:44:11.634+0100][2.902s] GC(8) Pause Cleanup 28M->28M(512M) 0.315ms
[2024-11-27T13:44:11.635+0100][2.902s] GC(8) User=0.00s Sys=0.00s Real=0.00s
[2024-11-27T13:44:11.635+0100][2.902s] GC(8) Concurrent Clear Claimed Marks
[2024-11-27T13:44:11.635+0100][2.902s] GC(8) Concurrent Clear Claimed Marks 0.100ms
[2024-11-27T13:44:11.635+0100][2.903s] GC(8) Concurrent Cleanup for Next Mark
[2024-11-27T13:44:11.635+0100][2.903s] GC(8) Concurrent Cleanup for Next Mark 0.575ms
[2024-11-27T13:44:11.635+0100][2.903s] GC(8) Concurrent Mark Cycle 29.522ms
[2024-11-27T13:44:16.036+0100][7.304s] GC(9) Pause Young (Prepare Mixed) (Metadata GC Threshold)
[2024-11-27T13:44:16.036+0100][7.304s] GC(9) Using 15 workers of 15 for evacuation
[2024-11-27T13:44:16.047+0100][7.315s] GC(9)   Pre Evacuate Collection Set: 0.4ms
[2024-11-27T13:44:16.047+0100][7.315s] GC(9)   Merge Heap Roots: 0.2ms
[2024-11-27T13:44:16.047+0100][7.315s] GC(9)   Evacuate Collection Set: 9.9ms
[2024-11-27T13:44:16.047+0100][7.315s] GC(9)   Post Evacuate Collection Set: 0.9ms
[2024-11-27T13:44:16.047+0100][7.315s] GC(9)   Other: 0.1ms
[2024-11-27T13:44:16.047+0100][7.315s] GC(9) Eden regions: 210->0(280)
[2024-11-27T13:44:16.048+0100][7.315s] GC(9) Survivor regions: 8->27(39)
[2024-11-27T13:44:16.048+0100][7.315s] GC(9) Old regions: 17->17
[2024-11-27T13:44:16.048+0100][7.315s] GC(9) Humongous regions: 4->4
[2024-11-27T13:44:16.048+0100][7.315s] GC(9) Metaspace: 61488K(62208K)->61488K(62208K) NonClass: 54166K(54528K)->54166K(54528K) Class: 7322K(7680K)->7322K(7680K)
[2024-11-27T13:44:16.048+0100][7.315s] GC(9) Pause Young (Prepare Mixed) (Metadata GC Threshold) 237M->46M(512M) 11.699ms
[2024-11-27T13:44:16.048+0100][7.315s] GC(9) User=0.15s Sys=0.00s Real=0.01s
[2024-11-27T13:44:16.070+0100][7.338s] GC(10) Pause Young (Mixed) (Metadata GC Threshold)
[2024-11-27T13:44:16.070+0100][7.338s] GC(10) Using 15 workers of 15 for evacuation
[2024-11-27T13:44:16.084+0100][7.352s] GC(10)   Pre Evacuate Collection Set: 0.3ms
[2024-11-27T13:44:16.084+0100][7.352s] GC(10)   Merge Heap Roots: 0.2ms
[2024-11-27T13:44:16.084+0100][7.352s] GC(10)   Evacuate Collection Set: 11.6ms
[2024-11-27T13:44:16.084+0100][7.352s] GC(10)   Post Evacuate Collection Set: 1.1ms
[2024-11-27T13:44:16.084+0100][7.352s] GC(10)   Other: 0.1ms
[2024-11-27T13:44:16.084+0100][7.352s] GC(10) Eden regions: 3->0(286)
[2024-11-27T13:44:16.084+0100][7.352s] GC(10) Survivor regions: 27->21(39)
[2024-11-27T13:44:16.084+0100][7.352s] GC(10) Old regions: 17->23
[2024-11-27T13:44:16.084+0100][7.352s] GC(10) Humongous regions: 4->4
[2024-11-27T13:44:16.084+0100][7.352s] GC(10) Metaspace: 61740K(62528K)->61740K(62528K) NonClass: 54386K(54784K)->54386K(54784K) Class: 7354K(7744K)->7354K(7744K)
[2024-11-27T13:44:16.084+0100][7.352s] GC(10) Pause Young (Mixed) (Metadata GC Threshold) 49M->46M(512M) 13.509ms
[2024-11-27T13:44:16.084+0100][7.352s] GC(10) User=0.14s Sys=0.01s Real=0.02s
[2024-11-27T13:44:16.110+0100][7.378s] GC(11) Pause Young (Concurrent Start) (Metadata GC Threshold)
[2024-11-27T13:44:16.110+0100][7.378s] GC(11) Using 15 workers of 15 for evacuation
[2024-11-27T13:44:16.120+0100][7.387s] GC(11)   Pre Evacuate Collection Set: 0.4ms
[2024-11-27T13:44:16.120+0100][7.388s] GC(11)   Merge Heap Roots: 0.1ms
[2024-11-27T13:44:16.120+0100][7.388s] GC(11)   Evacuate Collection Set: 6.9ms
[2024-11-27T13:44:16.120+0100][7.388s] GC(11)   Post Evacuate Collection Set: 1.5ms
[2024-11-27T13:44:16.120+0100][7.388s] GC(11)   Other: 0.3ms
[2024-11-27T13:44:16.120+0100][7.388s] GC(11) Eden regions: 3->0(286)
[2024-11-27T13:44:16.120+0100][7.388s] GC(11) Survivor regions: 21->21(39)
[2024-11-27T13:44:16.120+0100][7.388s] GC(11) Old regions: 23->23
[2024-11-27T13:44:16.120+0100][7.388s] GC(11) Humongous regions: 4->4
[2024-11-27T13:44:16.120+0100][7.388s] GC(11) Metaspace: 62122K(62848K)->62122K(62848K) NonClass: 54715K(55104K)->54715K(55104K) Class: 7407K(7744K)->7407K(7744K)
[2024-11-27T13:44:16.120+0100][7.388s] GC(11) Pause Young (Concurrent Start) (Metadata GC Threshold) 49M->46M(512M) 9.478ms
[2024-11-27T13:44:16.120+0100][7.388s] GC(12) Concurrent Mark Cycle
[2024-11-27T13:44:16.120+0100][7.388s] GC(12) Concurrent Scan Root Regions
[2024-11-27T13:44:16.120+0100][7.388s] GC(11) User=0.10s Sys=0.01s Real=0.01s
[2024-11-27T13:44:16.130+0100][7.397s] GC(12) Concurrent Scan Root Regions 9.681ms
[2024-11-27T13:44:16.130+0100][7.397s] GC(12) Concurrent Mark
[2024-11-27T13:44:16.130+0100][7.397s] GC(12) Concurrent Mark From Roots
[2024-11-27T13:44:16.130+0100][7.397s] GC(12) Using 4 workers of 4 for marking
[2024-11-27T13:44:16.145+0100][7.413s] GC(12) Concurrent Mark From Roots 15.249ms
[2024-11-27T13:44:16.145+0100][7.413s] GC(12) Concurrent Preclean
[2024-11-27T13:44:16.145+0100][7.413s] GC(12) Concurrent Preclean 0.146ms
[2024-11-27T13:44:16.145+0100][7.413s] GC(12) Pause Remark
[2024-11-27T13:44:16.149+0100][7.417s] GC(12) Pause Remark 47M->47M(512M) 4.045ms
[2024-11-27T13:44:16.150+0100][7.417s] GC(12) User=0.02s Sys=0.00s Real=0.00s
[2024-11-27T13:44:16.150+0100][7.418s] GC(12) Concurrent Mark 20.030ms
[2024-11-27T13:44:16.150+0100][7.418s] GC(12) Concurrent Rebuild Remembered Sets and Scrub Regions
[2024-11-27T13:44:16.156+0100][7.424s] GC(12) Concurrent Rebuild Remembered Sets and Scrub Regions 6.066ms
[2024-11-27T13:44:16.156+0100][7.424s] GC(12) Pause Cleanup
[2024-11-27T13:44:16.156+0100][7.424s] GC(12) Pause Cleanup 47M->47M(512M) 0.291ms
[2024-11-27T13:44:16.156+0100][7.424s] GC(12) User=0.00s Sys=0.00s Real=0.00s
[2024-11-27T13:44:16.156+0100][7.424s] GC(12) Concurrent Clear Claimed Marks
[2024-11-27T13:44:16.157+0100][7.424s] GC(12) Concurrent Clear Claimed Marks 0.127ms
[2024-11-27T13:44:16.157+0100][7.424s] GC(12) Concurrent Cleanup for Next Mark
[2024-11-27T13:44:16.158+0100][7.425s] GC(12) Concurrent Cleanup for Next Mark 0.922ms
[2024-11-27T13:44:16.158+0100][7.425s] GC(12) Concurrent Mark Cycle 37.691ms
[2024-11-27T14:03:40.002+0100][1171.270s] Heap
[2024-11-27T14:03:40.002+0100][1171.270s]  garbage-first heap   total 524288K, used 200361K [0x00000000e0000000, 0x0000000100000000)
[2024-11-27T14:03:40.002+0100][1171.270s]   region size 1024K, 170 young (174080K), 21 survivors (21504K)
[2024-11-27T14:03:40.002+0100][1171.270s]  Metaspace       used 65136K, committed 65920K, reserved 1114112K
[2024-11-27T14:03:40.002+0100][1171.270s]   class space    used 7580K, committed 7936K, reserved 1048576K
