[2024-11-27T14:03:42.296+0100][0.011s] CardTable entry size: 512
[2024-11-27T14:03:42.297+0100][0.011s] Using G1
[2024-11-27T14:03:42.372+0100][0.086s] Version: 21.0.5+11-Ubuntu-1ubuntu124.04 (release)
[2024-11-27T14:03:42.372+0100][0.086s] CPUs: 20 total, 20 available
[2024-11-27T14:03:42.372+0100][0.086s] Memory: 15660M
[2024-11-27T14:03:42.372+0100][0.086s] Large Page Support: Disabled
[2024-11-27T14:03:42.372+0100][0.086s] NUMA Support: Disabled
[2024-11-27T14:03:42.372+0100][0.086s] Compressed Oops: Enabled (32-bit)
[2024-11-27T14:03:42.372+0100][0.086s] Heap Region Size: 1M
[2024-11-27T14:03:42.372+0100][0.086s] Heap Min Capacity: 512M
[2024-11-27T14:03:42.372+0100][0.086s] Heap Initial Capacity: 512M
[2024-11-27T14:03:42.372+0100][0.086s] Heap Max Capacity: 512M
[2024-11-27T14:03:42.372+0100][0.086s] Pre-touch: Enabled
[2024-11-27T14:03:42.372+0100][0.086s] Parallel Workers: 15
[2024-11-27T14:03:42.372+0100][0.086s] Concurrent Workers: 4
[2024-11-27T14:03:42.372+0100][0.086s] Concurrent Refinement Workers: 15
[2024-11-27T14:03:42.372+0100][0.086s] Periodic GC: Disabled
[2024-11-27T14:03:42.385+0100][0.100s] CDS archive(s) mapped at: [0x000070997f000000-0x000070997fc97000-0x000070997fc97000), size 13201408, SharedBaseAddress: 0x000070997f000000, ArchiveRelocationMode: 1.
[2024-11-27T14:03:42.385+0100][0.100s] Compressed class space mapped at: 0x0000709980000000-0x00007099c0000000, reserved size: 1073741824
[2024-11-27T14:03:42.385+0100][0.100s] Narrow klass base: 0x000070997f000000, Narrow klass shift: 0, Narrow klass range: 0x100000000
[2024-11-27T14:03:42.898+0100][0.612s] GC(0) Pause Young (Normal) (G1 Evacuation Pause)
[2024-11-27T14:03:42.898+0100][0.612s] GC(0) Using 12 workers of 15 for evacuation
[2024-11-27T14:03:42.901+0100][0.615s] GC(0)   Pre Evacuate Collection Set: 0.2ms
[2024-11-27T14:03:42.901+0100][0.615s] GC(0)   Merge Heap Roots: 0.1ms
[2024-11-27T14:03:42.901+0100][0.615s] GC(0)   Evacuate Collection Set: 1.7ms
[2024-11-27T14:03:42.901+0100][0.615s] GC(0)   Post Evacuate Collection Set: 0.6ms
[2024-11-27T14:03:42.901+0100][0.615s] GC(0)   Other: 0.1ms
[2024-11-27T14:03:42.901+0100][0.615s] GC(0) Eden regions: 29->0(56)
[2024-11-27T14:03:42.901+0100][0.615s] GC(0) Survivor regions: 0->4(4)
[2024-11-27T14:03:42.901+0100][0.615s] GC(0) Old regions: 2->2
[2024-11-27T14:03:42.901+0100][0.615s] GC(0) Humongous regions: 0->0
[2024-11-27T14:03:42.901+0100][0.615s] GC(0) Metaspace: 7653K(7872K)->7653K(7872K) NonClass: 6790K(6912K)->6790K(6912K) Class: 862K(960K)->862K(960K)
[2024-11-27T14:03:42.901+0100][0.615s] GC(0) Pause Young (Normal) (G1 Evacuation Pause) 30M->4M(512M) 3.173ms
[2024-11-27T14:03:42.901+0100][0.615s] GC(0) User=0.02s Sys=0.00s Real=0.00s
[2024-11-27T14:03:43.723+0100][1.437s] GC(1) Pause Young (Normal) (G1 Evacuation Pause)
[2024-11-27T14:03:43.723+0100][1.437s] GC(1) Using 15 workers of 15 for evacuation
[2024-11-27T14:03:43.730+0100][1.444s] GC(1)   Pre Evacuate Collection Set: 0.3ms
[2024-11-27T14:03:43.730+0100][1.444s] GC(1)   Merge Heap Roots: 0.1ms
[2024-11-27T14:03:43.730+0100][1.444s] GC(1)   Evacuate Collection Set: 5.6ms
[2024-11-27T14:03:43.730+0100][1.444s] GC(1)   Post Evacuate Collection Set: 0.5ms
[2024-11-27T14:03:43.730+0100][1.444s] GC(1)   Other: 0.1ms
[2024-11-27T14:03:43.730+0100][1.444s] GC(1) Eden regions: 56->0(76)
[2024-11-27T14:03:43.730+0100][1.444s] GC(1) Survivor regions: 4->8(8)
[2024-11-27T14:03:43.730+0100][1.444s] GC(1) Old regions: 2->9
[2024-11-27T14:03:43.730+0100][1.444s] GC(1) Humongous regions: 4->4
[2024-11-27T14:03:43.730+0100][1.444s] GC(1) Metaspace: 19964K(20352K)->19964K(20352K) NonClass: 17723K(17920K)->17723K(17920K) Class: 2240K(2432K)->2240K(2432K)
[2024-11-27T14:03:43.730+0100][1.444s] GC(1) Pause Young (Normal) (G1 Evacuation Pause) 64M->19M(512M) 6.875ms
[2024-11-27T14:03:43.730+0100][1.444s] GC(1) User=0.11s Sys=0.01s Real=0.01s
[2024-11-27T14:03:43.855+0100][1.569s] GC(2) Pause Young (Normal) (G1 Evacuation Pause)
[2024-11-27T14:03:43.855+0100][1.569s] GC(2) Using 15 workers of 15 for evacuation
[2024-11-27T14:03:43.860+0100][1.574s] GC(2)   Pre Evacuate Collection Set: 0.5ms
[2024-11-27T14:03:43.860+0100][1.575s] GC(2)   Merge Heap Roots: 0.1ms
[2024-11-27T14:03:43.860+0100][1.575s] GC(2)   Evacuate Collection Set: 3.5ms
[2024-11-27T14:03:43.860+0100][1.575s] GC(2)   Post Evacuate Collection Set: 0.9ms
[2024-11-27T14:03:43.860+0100][1.575s] GC(2)   Other: 0.1ms
[2024-11-27T14:03:43.860+0100][1.575s] GC(2) Eden regions: 76->0(302)
[2024-11-27T14:03:43.860+0100][1.575s] GC(2) Survivor regions: 8->5(11)
[2024-11-27T14:03:43.860+0100][1.575s] GC(2) Old regions: 9->17
[2024-11-27T14:03:43.860+0100][1.575s] GC(2) Humongous regions: 4->4
[2024-11-27T14:03:43.860+0100][1.575s] GC(2) Metaspace: 20137K(20544K)->20137K(20544K) NonClass: 17894K(18112K)->17894K(18112K) Class: 2243K(2432K)->2243K(2432K)
[2024-11-27T14:03:43.860+0100][1.575s] GC(2) Pause Young (Normal) (G1 Evacuation Pause) 95M->24M(512M) 5.549ms
[2024-11-27T14:03:43.860+0100][1.575s] GC(2) User=0.07s Sys=0.00s Real=0.00s
[2024-11-27T14:03:43.963+0100][1.677s] GC(3) Pause Young (Concurrent Start) (Metadata GC Threshold)
[2024-11-27T14:03:43.963+0100][1.677s] GC(3) Using 15 workers of 15 for evacuation
[2024-11-27T14:03:43.965+0100][1.679s] GC(3)   Pre Evacuate Collection Set: 0.4ms
[2024-11-27T14:03:43.965+0100][1.679s] GC(3)   Merge Heap Roots: 0.1ms
[2024-11-27T14:03:43.965+0100][1.679s] GC(3)   Evacuate Collection Set: 0.9ms
[2024-11-27T14:03:43.965+0100][1.679s] GC(3)   Post Evacuate Collection Set: 0.4ms
[2024-11-27T14:03:43.965+0100][1.679s] GC(3)   Other: 0.1ms
[2024-11-27T14:03:43.965+0100][1.679s] GC(3) Eden regions: 32->0(302)
[2024-11-27T14:03:43.965+0100][1.679s] GC(3) Survivor regions: 5->5(39)
[2024-11-27T14:03:43.965+0100][1.679s] GC(3) Old regions: 17->17
[2024-11-27T14:03:43.965+0100][1.679s] GC(3) Humongous regions: 4->4
[2024-11-27T14:03:43.965+0100][1.679s] GC(3) Metaspace: 21127K(21504K)->21127K(21504K) NonClass: 18768K(18944K)->18768K(18944K) Class: 2358K(2560K)->2358K(2560K)
[2024-11-27T14:03:43.965+0100][1.679s] GC(3) Pause Young (Concurrent Start) (Metadata GC Threshold) 55M->24M(512M) 2.100ms
[2024-11-27T14:03:43.965+0100][1.679s] GC(3) User=0.01s Sys=0.00s Real=0.01s
[2024-11-27T14:03:43.965+0100][1.679s] GC(4) Concurrent Mark Cycle
[2024-11-27T14:03:43.965+0100][1.679s] GC(4) Concurrent Scan Root Regions
[2024-11-27T14:03:43.966+0100][1.680s] GC(4) Concurrent Scan Root Regions 1.069ms
[2024-11-27T14:03:43.966+0100][1.681s] GC(4) Concurrent Mark
[2024-11-27T14:03:43.966+0100][1.681s] GC(4) Concurrent Mark From Roots
[2024-11-27T14:03:43.966+0100][1.681s] GC(4) Using 4 workers of 4 for marking
[2024-11-27T14:03:43.977+0100][1.691s] GC(4) Concurrent Mark From Roots 10.938ms
[2024-11-27T14:03:43.977+0100][1.692s] GC(4) Concurrent Preclean
[2024-11-27T14:03:43.977+0100][1.692s] GC(4) Concurrent Preclean 0.079ms
[2024-11-27T14:03:43.977+0100][1.692s] GC(4) Pause Remark
[2024-11-27T14:03:43.980+0100][1.694s] GC(4) Pause Remark 25M->25M(512M) 2.647ms
[2024-11-27T14:03:43.980+0100][1.694s] GC(4) User=0.02s Sys=0.00s Real=0.00s
[2024-11-27T14:03:43.980+0100][1.695s] GC(4) Concurrent Mark 14.053ms
[2024-11-27T14:03:43.980+0100][1.695s] GC(4) Concurrent Rebuild Remembered Sets and Scrub Regions
[2024-11-27T14:03:43.987+0100][1.701s] GC(4) Concurrent Rebuild Remembered Sets and Scrub Regions 6.684ms
[2024-11-27T14:03:43.987+0100][1.701s] GC(4) Pause Cleanup
[2024-11-27T14:03:43.987+0100][1.702s] GC(4) Pause Cleanup 25M->25M(512M) 0.161ms
[2024-11-27T14:03:43.987+0100][1.702s] GC(4) User=0.00s Sys=0.00s Real=0.00s
[2024-11-27T14:03:43.987+0100][1.702s] GC(4) Concurrent Clear Claimed Marks
[2024-11-27T14:03:43.987+0100][1.702s] GC(4) Concurrent Clear Claimed Marks 0.055ms
[2024-11-27T14:03:43.987+0100][1.702s] GC(4) Concurrent Cleanup for Next Mark
[2024-11-27T14:03:43.988+0100][1.702s] GC(4) Concurrent Cleanup for Next Mark 0.526ms
[2024-11-27T14:03:43.988+0100][1.702s] GC(4) Concurrent Mark Cycle 22.967ms
[2024-11-27T14:03:44.868+0100][2.583s] GC(5) Pause Young (Prepare Mixed) (Metadata GC Threshold)
[2024-11-27T14:03:44.868+0100][2.583s] GC(5) Using 15 workers of 15 for evacuation
[2024-11-27T14:03:44.872+0100][2.586s] GC(5)   Pre Evacuate Collection Set: 0.3ms
[2024-11-27T14:03:44.872+0100][2.586s] GC(5)   Merge Heap Roots: 0.1ms
[2024-11-27T14:03:44.872+0100][2.586s] GC(5)   Evacuate Collection Set: 2.6ms
[2024-11-27T14:03:44.872+0100][2.586s] GC(5)   Post Evacuate Collection Set: 0.5ms
[2024-11-27T14:03:44.872+0100][2.586s] GC(5)   Other: 0.1ms
[2024-11-27T14:03:44.872+0100][2.586s] GC(5) Eden regions: 81->0(299)
[2024-11-27T14:03:44.872+0100][2.586s] GC(5) Survivor regions: 5->8(39)
[2024-11-27T14:03:44.872+0100][2.586s] GC(5) Old regions: 17->17
[2024-11-27T14:03:44.872+0100][2.586s] GC(5) Humongous regions: 4->4
[2024-11-27T14:03:44.872+0100][2.586s] GC(5) Metaspace: 36198K(36736K)->36198K(36736K) NonClass: 32118K(32384K)->32118K(32384K) Class: 4080K(4352K)->4080K(4352K)
[2024-11-27T14:03:44.872+0100][2.587s] GC(5) Pause Young (Prepare Mixed) (Metadata GC Threshold) 105M->27M(512M) 3.924ms
[2024-11-27T14:03:44.872+0100][2.587s] GC(5) User=0.03s Sys=0.00s Real=0.00s
[2024-11-27T14:03:44.884+0100][2.599s] GC(6) Pause Young (Mixed) (Metadata GC Threshold)
[2024-11-27T14:03:44.884+0100][2.599s] GC(6) Using 15 workers of 15 for evacuation
[2024-11-27T14:03:44.888+0100][2.602s] GC(6)   Pre Evacuate Collection Set: 0.3ms
[2024-11-27T14:03:44.888+0100][2.602s] GC(6)   Merge Heap Roots: 0.1ms
[2024-11-27T14:03:44.888+0100][2.602s] GC(6)   Evacuate Collection Set: 2.5ms
[2024-11-27T14:03:44.888+0100][2.602s] GC(6)   Post Evacuate Collection Set: 0.4ms
[2024-11-27T14:03:44.888+0100][2.602s] GC(6)   Other: 0.1ms
[2024-11-27T14:03:44.888+0100][2.602s] GC(6) Eden regions: 2->0(299)
[2024-11-27T14:03:44.888+0100][2.602s] GC(6) Survivor regions: 8->8(39)
[2024-11-27T14:03:44.888+0100][2.602s] GC(6) Old regions: 17->16
[2024-11-27T14:03:44.888+0100][2.602s] GC(6) Humongous regions: 4->4
[2024-11-27T14:03:44.888+0100][2.602s] GC(6) Metaspace: 36470K(37056K)->36470K(37056K) NonClass: 32368K(32640K)->32368K(32640K) Class: 4102K(4416K)->4102K(4416K)
[2024-11-27T14:03:44.888+0100][2.602s] GC(6) Pause Young (Mixed) (Metadata GC Threshold) 29M->27M(512M) 3.546ms
[2024-11-27T14:03:44.888+0100][2.602s] GC(6) User=0.04s Sys=0.01s Real=0.00s
[2024-11-27T14:03:44.903+0100][2.618s] GC(7) Pause Young (Concurrent Start) (Metadata GC Threshold)
[2024-11-27T14:03:44.903+0100][2.618s] GC(7) Using 15 workers of 15 for evacuation
[2024-11-27T14:03:44.907+0100][2.621s] GC(7)   Pre Evacuate Collection Set: 0.3ms
[2024-11-27T14:03:44.907+0100][2.621s] GC(7)   Merge Heap Roots: 0.1ms
[2024-11-27T14:03:44.907+0100][2.621s] GC(7)   Evacuate Collection Set: 2.8ms
[2024-11-27T14:03:44.907+0100][2.621s] GC(7)   Post Evacuate Collection Set: 0.3ms
[2024-11-27T14:03:44.907+0100][2.621s] GC(7)   Other: 0.1ms
[2024-11-27T14:03:44.907+0100][2.621s] GC(7) Eden regions: 2->0(299)
[2024-11-27T14:03:44.907+0100][2.621s] GC(7) Survivor regions: 8->8(39)
[2024-11-27T14:03:44.907+0100][2.621s] GC(7) Old regions: 16->16
[2024-11-27T14:03:44.907+0100][2.621s] GC(7) Humongous regions: 4->4
[2024-11-27T14:03:44.907+0100][2.621s] GC(7) Metaspace: 36830K(37376K)->36830K(37376K) NonClass: 32695K(32960K)->32695K(32960K) Class: 4135K(4416K)->4135K(4416K)
[2024-11-27T14:03:44.907+0100][2.621s] GC(7) Pause Young (Concurrent Start) (Metadata GC Threshold) 29M->27M(512M) 3.737ms
[2024-11-27T14:03:44.907+0100][2.621s] GC(7) User=0.04s Sys=0.00s Real=0.01s
[2024-11-27T14:03:44.907+0100][2.621s] GC(8) Concurrent Mark Cycle
[2024-11-27T14:03:44.907+0100][2.621s] GC(8) Concurrent Scan Root Regions
[2024-11-27T14:03:44.909+0100][2.623s] GC(8) Concurrent Scan Root Regions 1.672ms
[2024-11-27T14:03:44.909+0100][2.623s] GC(8) Concurrent Mark
[2024-11-27T14:03:44.909+0100][2.623s] GC(8) Concurrent Mark From Roots
[2024-11-27T14:03:44.909+0100][2.623s] GC(8) Using 4 workers of 4 for marking
[2024-11-27T14:03:44.917+0100][2.631s] GC(8) Concurrent Mark From Roots 7.881ms
[2024-11-27T14:03:44.917+0100][2.631s] GC(8) Concurrent Preclean
[2024-11-27T14:03:44.917+0100][2.631s] GC(8) Concurrent Preclean 0.041ms
[2024-11-27T14:03:44.917+0100][2.631s] GC(8) Pause Remark
[2024-11-27T14:03:44.920+0100][2.634s] GC(8) Pause Remark 28M->28M(512M) 3.260ms
[2024-11-27T14:03:44.920+0100][2.635s] GC(8) User=0.01s Sys=0.00s Real=0.00s
[2024-11-27T14:03:44.920+0100][2.635s] GC(8) Concurrent Mark 11.652ms
[2024-11-27T14:03:44.920+0100][2.635s] GC(8) Concurrent Rebuild Remembered Sets and Scrub Regions
[2024-11-27T14:03:44.924+0100][2.639s] GC(8) Concurrent Rebuild Remembered Sets and Scrub Regions 3.917ms
[2024-11-27T14:03:44.925+0100][2.639s] GC(8) Pause Cleanup
[2024-11-27T14:03:44.925+0100][2.639s] GC(8) Pause Cleanup 28M->28M(512M) 0.322ms
[2024-11-27T14:03:44.925+0100][2.639s] GC(8) User=0.00s Sys=0.00s Real=0.00s
[2024-11-27T14:03:44.925+0100][2.639s] GC(8) Concurrent Clear Claimed Marks
[2024-11-27T14:03:44.925+0100][2.639s] GC(8) Concurrent Clear Claimed Marks 0.068ms
[2024-11-27T14:03:44.925+0100][2.639s] GC(8) Concurrent Cleanup for Next Mark
[2024-11-27T14:03:44.926+0100][2.640s] GC(8) Concurrent Cleanup for Next Mark 0.594ms
[2024-11-27T14:03:44.926+0100][2.640s] GC(8) Concurrent Mark Cycle 18.699ms
[2024-11-27T14:04:07.477+0100][25.191s] GC(9) Pause Young (Prepare Mixed) (Metadata GC Threshold)
[2024-11-27T14:04:07.477+0100][25.191s] GC(9) Using 15 workers of 15 for evacuation
[2024-11-27T14:04:07.491+0100][25.205s] GC(9)   Pre Evacuate Collection Set: 0.4ms
[2024-11-27T14:04:07.491+0100][25.205s] GC(9)   Merge Heap Roots: 0.1ms
[2024-11-27T14:04:07.491+0100][25.205s] GC(9)   Evacuate Collection Set: 11.8ms
[2024-11-27T14:04:07.491+0100][25.205s] GC(9)   Post Evacuate Collection Set: 1.9ms
[2024-11-27T14:04:07.491+0100][25.205s] GC(9)   Other: 0.1ms
[2024-11-27T14:04:07.491+0100][25.206s] GC(9) Eden regions: 212->0(280)
[2024-11-27T14:04:07.491+0100][25.206s] GC(9) Survivor regions: 8->27(39)
[2024-11-27T14:04:07.491+0100][25.206s] GC(9) Old regions: 16->16
[2024-11-27T14:04:07.491+0100][25.206s] GC(9) Humongous regions: 4->4
[2024-11-27T14:04:07.491+0100][25.206s] GC(9) Metaspace: 61999K(62720K)->61999K(62720K) NonClass: 54607K(54976K)->54607K(54976K) Class: 7392K(7744K)->7392K(7744K)
[2024-11-27T14:04:07.491+0100][25.206s] GC(9) Pause Young (Prepare Mixed) (Metadata GC Threshold) 238M->46M(512M) 14.792ms
[2024-11-27T14:04:07.491+0100][25.206s] GC(9) User=0.16s Sys=0.02s Real=0.01s
[2024-11-27T14:04:07.543+0100][25.257s] GC(10) Pause Young (Mixed) (Metadata GC Threshold)
[2024-11-27T14:04:07.543+0100][25.257s] GC(10) Using 15 workers of 15 for evacuation
[2024-11-27T14:04:07.556+0100][25.271s] GC(10)   Pre Evacuate Collection Set: 0.3ms
[2024-11-27T14:04:07.556+0100][25.271s] GC(10)   Merge Heap Roots: 0.2ms
[2024-11-27T14:04:07.557+0100][25.271s] GC(10)   Evacuate Collection Set: 11.5ms
[2024-11-27T14:04:07.557+0100][25.271s] GC(10)   Post Evacuate Collection Set: 1.5ms
[2024-11-27T14:04:07.557+0100][25.271s] GC(10)   Other: 0.1ms
[2024-11-27T14:04:07.557+0100][25.271s] GC(10) Eden regions: 6->0(286)
[2024-11-27T14:04:07.557+0100][25.271s] GC(10) Survivor regions: 27->21(39)
[2024-11-27T14:04:07.557+0100][25.271s] GC(10) Old regions: 16->23
[2024-11-27T14:04:07.557+0100][25.271s] GC(10) Humongous regions: 4->4
[2024-11-27T14:04:07.557+0100][25.271s] GC(10) Metaspace: 62284K(63040K)->62284K(63040K) NonClass: 54850K(55232K)->54850K(55232K) Class: 7434K(7808K)->7434K(7808K)
[2024-11-27T14:04:07.557+0100][25.271s] GC(10) Pause Young (Mixed) (Metadata GC Threshold) 52M->47M(512M) 13.749ms
[2024-11-27T14:04:07.557+0100][25.271s] GC(10) User=0.14s Sys=0.01s Real=0.02s
[2024-11-27T14:04:27.779+0100][45.494s] GC(11) Pause Young (Concurrent Start) (Metadata GC Threshold)
[2024-11-27T14:04:27.780+0100][45.494s] GC(11) Using 15 workers of 15 for evacuation
[2024-11-27T14:04:27.791+0100][45.506s] GC(11)   Pre Evacuate Collection Set: 0.5ms
[2024-11-27T14:04:27.791+0100][45.506s] GC(11)   Merge Heap Roots: 0.1ms
[2024-11-27T14:04:27.791+0100][45.506s] GC(11)   Evacuate Collection Set: 8.8ms
[2024-11-27T14:04:27.791+0100][45.506s] GC(11)   Post Evacuate Collection Set: 2.0ms
[2024-11-27T14:04:27.791+0100][45.506s] GC(11)   Other: 0.3ms
[2024-11-27T14:04:27.791+0100][45.506s] GC(11) Eden regions: 6->0(287)
[2024-11-27T14:04:27.792+0100][45.506s] GC(11) Survivor regions: 21->20(39)
[2024-11-27T14:04:27.792+0100][45.506s] GC(11) Old regions: 23->23
[2024-11-27T14:04:27.792+0100][45.506s] GC(11) Humongous regions: 4->4
[2024-11-27T14:04:27.792+0100][45.506s] GC(11) Metaspace: 62650K(63360K)->62650K(63360K) NonClass: 55179K(55552K)->55179K(55552K) Class: 7471K(7808K)->7471K(7808K)
[2024-11-27T14:04:27.792+0100][45.506s] GC(11) Pause Young (Concurrent Start) (Metadata GC Threshold) 52M->46M(512M) 12.101ms
[2024-11-27T14:04:27.792+0100][45.506s] GC(11) User=0.13s Sys=0.00s Real=0.01s
[2024-11-27T14:04:27.792+0100][45.506s] GC(12) Concurrent Mark Cycle
[2024-11-27T14:04:27.792+0100][45.506s] GC(12) Concurrent Scan Root Regions
[2024-11-27T14:04:27.800+0100][45.515s] GC(12) Concurrent Scan Root Regions 8.422ms
[2024-11-27T14:04:27.800+0100][45.515s] GC(12) Concurrent Mark
[2024-11-27T14:04:27.800+0100][45.515s] GC(12) Concurrent Mark From Roots
[2024-11-27T14:04:27.800+0100][45.515s] GC(12) Using 4 workers of 4 for marking
[2024-11-27T14:04:27.820+0100][45.534s] GC(12) Concurrent Mark From Roots 19.811ms
[2024-11-27T14:04:27.820+0100][45.535s] GC(12) Concurrent Preclean
[2024-11-27T14:04:27.821+0100][45.535s] GC(12) Concurrent Preclean 0.308ms
[2024-11-27T14:04:27.821+0100][45.535s] GC(12) Pause Remark
[2024-11-27T14:04:27.827+0100][45.541s] GC(12) Pause Remark 49M->49M(512M) 6.089ms
[2024-11-27T14:04:27.827+0100][45.541s] GC(12) User=0.04s Sys=0.00s Real=0.01s
[2024-11-27T14:04:27.827+0100][45.542s] GC(12) Concurrent Mark 26.978ms
[2024-11-27T14:04:27.827+0100][45.542s] GC(12) Concurrent Rebuild Remembered Sets and Scrub Regions
[2024-11-27T14:04:27.841+0100][45.555s] GC(12) Concurrent Rebuild Remembered Sets and Scrub Regions 13.277ms
[2024-11-27T14:04:27.841+0100][45.556s] GC(12) Pause Cleanup
[2024-11-27T14:04:27.842+0100][45.556s] GC(12) Pause Cleanup 50M->50M(512M) 0.431ms
[2024-11-27T14:04:27.842+0100][45.556s] GC(12) User=0.01s Sys=0.00s Real=0.00s
[2024-11-27T14:04:27.842+0100][45.556s] GC(12) Concurrent Clear Claimed Marks
[2024-11-27T14:04:27.842+0100][45.557s] GC(12) Concurrent Clear Claimed Marks 0.258ms
[2024-11-27T14:04:27.842+0100][45.557s] GC(12) Concurrent Cleanup for Next Mark
[2024-11-27T14:04:27.843+0100][45.557s] GC(12) Concurrent Cleanup for Next Mark 0.803ms
[2024-11-27T14:04:27.843+0100][45.558s] GC(12) Concurrent Mark Cycle 51.507ms
[2024-11-27T14:20:54.094+0100][1030.060s] Heap
[2024-11-27T14:20:54.094+0100][1030.060s]  garbage-first heap   total 524288K, used 174912K [0x00000000e0000000, 0x0000000100000000)
[2024-11-27T14:20:54.094+0100][1030.060s]   region size 1024K, 144 young (147456K), 20 survivors (20480K)
[2024-11-27T14:20:54.094+0100][1030.060s]  Metaspace       used 65764K, committed 66560K, reserved 1114112K
[2024-11-27T14:20:54.094+0100][1030.060s]   class space    used 7566K, committed 7936K, reserved 1048576K
