[2024-12-04T18:15:41.885+0100][0.011s] CardTable entry size: 512
[2024-12-04T18:15:41.885+0100][0.011s] Using G1
[2024-12-04T18:15:41.965+0100][0.091s] Version: 21.0.5+11-Ubuntu-1ubuntu124.04 (release)
[2024-12-04T18:15:41.965+0100][0.091s] CPUs: 20 total, 20 available
[2024-12-04T18:15:41.965+0100][0.092s] Memory: 15660M
[2024-12-04T18:15:41.965+0100][0.092s] Large Page Support: Disabled
[2024-12-04T18:15:41.965+0100][0.092s] NUMA Support: Disabled
[2024-12-04T18:15:41.966+0100][0.092s] Compressed Oops: Enabled (32-bit)
[2024-12-04T18:15:41.966+0100][0.092s] Heap Region Size: 1M
[2024-12-04T18:15:41.966+0100][0.092s] Heap Min Capacity: 512M
[2024-12-04T18:15:41.966+0100][0.092s] Heap Initial Capacity: 512M
[2024-12-04T18:15:41.966+0100][0.092s] Heap Max Capacity: 512M
[2024-12-04T18:15:41.966+0100][0.092s] Pre-touch: Enabled
[2024-12-04T18:15:41.966+0100][0.092s] Parallel Workers: 15
[2024-12-04T18:15:41.966+0100][0.092s] Concurrent Workers: 4
[2024-12-04T18:15:41.966+0100][0.092s] Concurrent Refinement Workers: 15
[2024-12-04T18:15:41.966+0100][0.092s] Periodic GC: Disabled
[2024-12-04T18:15:41.979+0100][0.105s] CDS archive(s) mapped at: [0x00007cabd3000000-0x00007cabd3c97000-0x00007cabd3c97000), size 13201408, SharedBaseAddress: 0x00007cabd3000000, ArchiveRelocationMode: 1.
[2024-12-04T18:15:41.979+0100][0.105s] Compressed class space mapped at: 0x00007cabd4000000-0x00007cac14000000, reserved size: 1073741824
[2024-12-04T18:15:41.979+0100][0.105s] Narrow klass base: 0x00007cabd3000000, Narrow klass shift: 0, Narrow klass range: 0x100000000
[2024-12-04T18:15:42.824+0100][0.950s] GC(0) Pause Young (Normal) (G1 Evacuation Pause)
[2024-12-04T18:15:42.824+0100][0.950s] GC(0) Using 12 workers of 15 for evacuation
[2024-12-04T18:15:42.828+0100][0.954s] GC(0)   Pre Evacuate Collection Set: 0.5ms
[2024-12-04T18:15:42.828+0100][0.954s] GC(0)   Merge Heap Roots: 0.2ms
[2024-12-04T18:15:42.828+0100][0.954s] GC(0)   Evacuate Collection Set: 2.6ms
[2024-12-04T18:15:42.828+0100][0.954s] GC(0)   Post Evacuate Collection Set: 1.1ms
[2024-12-04T18:15:42.828+0100][0.954s] GC(0)   Other: 0.1ms
[2024-12-04T18:15:42.828+0100][0.954s] GC(0) Eden regions: 29->0(56)
[2024-12-04T18:15:42.828+0100][0.954s] GC(0) Survivor regions: 0->4(4)
[2024-12-04T18:15:42.828+0100][0.955s] GC(0) Old regions: 2->2
[2024-12-04T18:15:42.828+0100][0.955s] GC(0) Humongous regions: 0->0
[2024-12-04T18:15:42.828+0100][0.955s] GC(0) Metaspace: 7682K(7872K)->7682K(7872K) NonClass: 6819K(6912K)->6819K(6912K) Class: 862K(960K)->862K(960K)
[2024-12-04T18:15:42.828+0100][0.955s] GC(0) Pause Young (Normal) (G1 Evacuation Pause) 30M->4M(512M) 4.927ms
[2024-12-04T18:15:42.829+0100][0.955s] GC(0) User=0.03s Sys=0.00s Real=0.01s
[2024-12-04T18:15:43.981+0100][2.107s] GC(1) Pause Young (Normal) (G1 Evacuation Pause)
[2024-12-04T18:15:43.981+0100][2.107s] GC(1) Using 15 workers of 15 for evacuation
[2024-12-04T18:15:43.991+0100][2.117s] GC(1)   Pre Evacuate Collection Set: 0.4ms
[2024-12-04T18:15:43.991+0100][2.117s] GC(1)   Merge Heap Roots: 0.1ms
[2024-12-04T18:15:43.991+0100][2.118s] GC(1)   Evacuate Collection Set: 8.6ms
[2024-12-04T18:15:43.991+0100][2.118s] GC(1)   Post Evacuate Collection Set: 1.0ms
[2024-12-04T18:15:43.991+0100][2.118s] GC(1)   Other: 0.2ms
[2024-12-04T18:15:43.991+0100][2.118s] GC(1) Eden regions: 56->0(74)
[2024-12-04T18:15:43.991+0100][2.118s] GC(1) Survivor regions: 4->8(8)
[2024-12-04T18:15:43.991+0100][2.118s] GC(1) Old regions: 2->9
[2024-12-04T18:15:43.991+0100][2.118s] GC(1) Humongous regions: 4->4
[2024-12-04T18:15:43.991+0100][2.118s] GC(1) Metaspace: 19963K(20352K)->19963K(20352K) NonClass: 17722K(17920K)->17722K(17920K) Class: 2240K(2432K)->2240K(2432K)
[2024-12-04T18:15:43.992+0100][2.118s] GC(1) Pause Young (Normal) (G1 Evacuation Pause) 64M->19M(512M) 10.727ms
[2024-12-04T18:15:43.992+0100][2.118s] GC(1) User=0.15s Sys=0.00s Real=0.01s
[2024-12-04T18:15:44.217+0100][2.343s] GC(2) Pause Young (Normal) (G1 Evacuation Pause)
[2024-12-04T18:15:44.217+0100][2.343s] GC(2) Using 15 workers of 15 for evacuation
[2024-12-04T18:15:44.223+0100][2.349s] GC(2)   Pre Evacuate Collection Set: 0.5ms
[2024-12-04T18:15:44.223+0100][2.349s] GC(2)   Merge Heap Roots: 0.2ms
[2024-12-04T18:15:44.223+0100][2.349s] GC(2)   Evacuate Collection Set: 4.0ms
[2024-12-04T18:15:44.223+0100][2.349s] GC(2)   Post Evacuate Collection Set: 1.2ms
[2024-12-04T18:15:44.223+0100][2.349s] GC(2)   Other: 0.2ms
[2024-12-04T18:15:44.223+0100][2.349s] GC(2) Eden regions: 74->0(302)
[2024-12-04T18:15:44.223+0100][2.349s] GC(2) Survivor regions: 8->5(11)
[2024-12-04T18:15:44.223+0100][2.349s] GC(2) Old regions: 9->18
[2024-12-04T18:15:44.223+0100][2.349s] GC(2) Humongous regions: 4->4
[2024-12-04T18:15:44.223+0100][2.349s] GC(2) Metaspace: 20136K(20544K)->20136K(20544K) NonClass: 17892K(18112K)->17892K(18112K) Class: 2243K(2432K)->2243K(2432K)
[2024-12-04T18:15:44.223+0100][2.349s] GC(2) Pause Young (Normal) (G1 Evacuation Pause) 93M->24M(512M) 6.511ms
[2024-12-04T18:15:44.223+0100][2.349s] GC(2) User=0.09s Sys=0.00s Real=0.01s
[2024-12-04T18:15:44.397+0100][2.523s] GC(3) Pause Young (Concurrent Start) (Metadata GC Threshold)
[2024-12-04T18:15:44.397+0100][2.523s] GC(3) Using 15 workers of 15 for evacuation
[2024-12-04T18:15:44.400+0100][2.526s] GC(3)   Pre Evacuate Collection Set: 0.5ms
[2024-12-04T18:15:44.400+0100][2.526s] GC(3)   Merge Heap Roots: 0.2ms
[2024-12-04T18:15:44.400+0100][2.526s] GC(3)   Evacuate Collection Set: 1.0ms
[2024-12-04T18:15:44.400+0100][2.526s] GC(3)   Post Evacuate Collection Set: 0.8ms
[2024-12-04T18:15:44.400+0100][2.526s] GC(3)   Other: 0.2ms
[2024-12-04T18:15:44.400+0100][2.526s] GC(3) Eden regions: 33->0(302)
[2024-12-04T18:15:44.400+0100][2.526s] GC(3) Survivor regions: 5->5(39)
[2024-12-04T18:15:44.400+0100][2.526s] GC(3) Old regions: 18->18
[2024-12-04T18:15:44.400+0100][2.526s] GC(3) Humongous regions: 4->4
[2024-12-04T18:15:44.400+0100][2.526s] GC(3) Metaspace: 21134K(21504K)->21134K(21504K) NonClass: 18775K(18944K)->18775K(18944K) Class: 2359K(2560K)->2359K(2560K)
[2024-12-04T18:15:44.400+0100][2.526s] GC(3) Pause Young (Concurrent Start) (Metadata GC Threshold) 57M->24M(512M) 3.051ms
[2024-12-04T18:15:44.400+0100][2.526s] GC(3) User=0.02s Sys=0.00s Real=0.01s
[2024-12-04T18:15:44.400+0100][2.526s] GC(4) Concurrent Mark Cycle
[2024-12-04T18:15:44.400+0100][2.526s] GC(4) Concurrent Scan Root Regions
[2024-12-04T18:15:44.401+0100][2.527s] GC(4) Concurrent Scan Root Regions 1.143ms
[2024-12-04T18:15:44.401+0100][2.527s] GC(4) Concurrent Mark
[2024-12-04T18:15:44.401+0100][2.527s] GC(4) Concurrent Mark From Roots
[2024-12-04T18:15:44.401+0100][2.527s] GC(4) Using 4 workers of 4 for marking
[2024-12-04T18:15:44.415+0100][2.541s] GC(4) Concurrent Mark From Roots 13.425ms
[2024-12-04T18:15:44.415+0100][2.541s] GC(4) Concurrent Preclean
[2024-12-04T18:15:44.415+0100][2.541s] GC(4) Concurrent Preclean 0.080ms
[2024-12-04T18:15:44.415+0100][2.541s] GC(4) Pause Remark
[2024-12-04T18:15:44.418+0100][2.544s] GC(4) Pause Remark 25M->25M(512M) 3.524ms
[2024-12-04T18:15:44.418+0100][2.544s] GC(4) User=0.01s Sys=0.00s Real=0.01s
[2024-12-04T18:15:44.418+0100][2.545s] GC(4) Concurrent Mark 17.348ms
[2024-12-04T18:15:44.418+0100][2.545s] GC(4) Concurrent Rebuild Remembered Sets and Scrub Regions
[2024-12-04T18:15:44.425+0100][2.551s] GC(4) Concurrent Rebuild Remembered Sets and Scrub Regions 6.538ms
[2024-12-04T18:15:44.425+0100][2.551s] GC(4) Pause Cleanup
[2024-12-04T18:15:44.426+0100][2.552s] GC(4) Pause Cleanup 25M->25M(512M) 0.366ms
[2024-12-04T18:15:44.426+0100][2.552s] GC(4) User=0.00s Sys=0.00s Real=0.00s
[2024-12-04T18:15:44.426+0100][2.552s] GC(4) Concurrent Clear Claimed Marks
[2024-12-04T18:15:44.426+0100][2.552s] GC(4) Concurrent Clear Claimed Marks 0.078ms
[2024-12-04T18:15:44.426+0100][2.552s] GC(4) Concurrent Cleanup for Next Mark
[2024-12-04T18:15:44.427+0100][2.553s] GC(4) Concurrent Cleanup for Next Mark 0.747ms
[2024-12-04T18:15:44.427+0100][2.553s] GC(4) Concurrent Mark Cycle 26.913ms
[2024-12-04T18:15:45.643+0100][3.769s] GC(5) Pause Young (Prepare Mixed) (Metadata GC Threshold)
[2024-12-04T18:15:45.643+0100][3.769s] GC(5) Using 15 workers of 15 for evacuation
[2024-12-04T18:15:45.647+0100][3.773s] GC(5)   Pre Evacuate Collection Set: 0.4ms
[2024-12-04T18:15:45.647+0100][3.773s] GC(5)   Merge Heap Roots: 0.2ms
[2024-12-04T18:15:45.647+0100][3.773s] GC(5)   Evacuate Collection Set: 2.6ms
[2024-12-04T18:15:45.647+0100][3.773s] GC(5)   Post Evacuate Collection Set: 0.8ms
[2024-12-04T18:15:45.647+0100][3.773s] GC(5)   Other: 0.1ms
[2024-12-04T18:15:45.647+0100][3.773s] GC(5) Eden regions: 79->0(300)
[2024-12-04T18:15:45.647+0100][3.773s] GC(5) Survivor regions: 5->7(39)
[2024-12-04T18:15:45.647+0100][3.773s] GC(5) Old regions: 18->18
[2024-12-04T18:15:45.647+0100][3.773s] GC(5) Humongous regions: 4->4
[2024-12-04T18:15:45.647+0100][3.773s] GC(5) Metaspace: 35739K(36288K)->35739K(36288K) NonClass: 31717K(32000K)->31717K(32000K) Class: 4021K(4288K)->4021K(4288K)
[2024-12-04T18:15:45.647+0100][3.773s] GC(5) Pause Young (Prepare Mixed) (Metadata GC Threshold) 103M->27M(512M) 4.448ms
[2024-12-04T18:15:45.647+0100][3.773s] GC(5) User=0.03s Sys=0.00s Real=0.00s
[2024-12-04T18:15:45.673+0100][3.799s] GC(6) Pause Young (Mixed) (Metadata GC Threshold)
[2024-12-04T18:15:45.673+0100][3.799s] GC(6) Using 15 workers of 15 for evacuation
[2024-12-04T18:15:45.677+0100][3.803s] GC(6)   Pre Evacuate Collection Set: 0.2ms
[2024-12-04T18:15:45.677+0100][3.803s] GC(6)   Merge Heap Roots: 0.1ms
[2024-12-04T18:15:45.677+0100][3.803s] GC(6)   Evacuate Collection Set: 2.7ms
[2024-12-04T18:15:45.677+0100][3.803s] GC(6)   Post Evacuate Collection Set: 0.5ms
[2024-12-04T18:15:45.677+0100][3.803s] GC(6)   Other: 0.1ms
[2024-12-04T18:15:45.677+0100][3.803s] GC(6) Eden regions: 2->0(299)
[2024-12-04T18:15:45.677+0100][3.803s] GC(6) Survivor regions: 7->8(39)
[2024-12-04T18:15:45.677+0100][3.803s] GC(6) Old regions: 18->17
[2024-12-04T18:15:45.677+0100][3.803s] GC(6) Humongous regions: 4->4
[2024-12-04T18:15:45.677+0100][3.803s] GC(6) Metaspace: 36057K(36608K)->36057K(36608K) NonClass: 31996K(32320K)->31996K(32320K) Class: 4061K(4288K)->4061K(4288K)
[2024-12-04T18:15:45.677+0100][3.803s] GC(6) Pause Young (Mixed) (Metadata GC Threshold) 29M->27M(512M) 3.774ms
[2024-12-04T18:15:45.677+0100][3.803s] GC(6) User=0.04s Sys=0.01s Real=0.00s
[2024-12-04T18:15:45.703+0100][3.829s] GC(7) Pause Young (Concurrent Start) (Metadata GC Threshold)
[2024-12-04T18:15:45.703+0100][3.829s] GC(7) Using 15 workers of 15 for evacuation
[2024-12-04T18:15:45.708+0100][3.834s] GC(7)   Pre Evacuate Collection Set: 0.4ms
[2024-12-04T18:15:45.708+0100][3.834s] GC(7)   Merge Heap Roots: 0.1ms
[2024-12-04T18:15:45.708+0100][3.834s] GC(7)   Evacuate Collection Set: 3.6ms
[2024-12-04T18:15:45.708+0100][3.834s] GC(7)   Post Evacuate Collection Set: 0.6ms
[2024-12-04T18:15:45.708+0100][3.834s] GC(7)   Other: 0.2ms
[2024-12-04T18:15:45.708+0100][3.834s] GC(7) Eden regions: 3->0(299)
[2024-12-04T18:15:45.708+0100][3.834s] GC(7) Survivor regions: 8->8(39)
[2024-12-04T18:15:45.708+0100][3.834s] GC(7) Old regions: 17->17
[2024-12-04T18:15:45.708+0100][3.834s] GC(7) Humongous regions: 4->4
[2024-12-04T18:15:45.708+0100][3.834s] GC(7) Metaspace: 36355K(36928K)->36355K(36928K) NonClass: 32259K(32576K)->32259K(32576K) Class: 4095K(4352K)->4095K(4352K)
[2024-12-04T18:15:45.708+0100][3.834s] GC(7) Pause Young (Concurrent Start) (Metadata GC Threshold) 29M->27M(512M) 5.066ms
[2024-12-04T18:15:45.708+0100][3.834s] GC(7) User=0.06s Sys=0.00s Real=0.01s
[2024-12-04T18:15:45.709+0100][3.835s] GC(8) Concurrent Mark Cycle
[2024-12-04T18:15:45.709+0100][3.835s] GC(8) Concurrent Scan Root Regions
[2024-12-04T18:15:45.711+0100][3.837s] GC(8) Concurrent Scan Root Regions 2.376ms
[2024-12-04T18:15:45.711+0100][3.837s] GC(8) Concurrent Mark
[2024-12-04T18:15:45.711+0100][3.837s] GC(8) Concurrent Mark From Roots
[2024-12-04T18:15:45.711+0100][3.837s] GC(8) Using 4 workers of 4 for marking
[2024-12-04T18:15:45.724+0100][3.851s] GC(8) Concurrent Mark From Roots 13.395ms
[2024-12-04T18:15:45.725+0100][3.851s] GC(8) Concurrent Preclean
[2024-12-04T18:15:45.725+0100][3.851s] GC(8) Concurrent Preclean 0.060ms
[2024-12-04T18:15:45.725+0100][3.851s] GC(8) Pause Remark
[2024-12-04T18:15:45.729+0100][3.855s] GC(8) Pause Remark 28M->28M(512M) 3.786ms
[2024-12-04T18:15:45.729+0100][3.855s] GC(8) User=0.03s Sys=0.00s Real=0.01s
[2024-12-04T18:15:45.729+0100][3.855s] GC(8) Concurrent Mark 17.701ms
[2024-12-04T18:15:45.729+0100][3.855s] GC(8) Concurrent Rebuild Remembered Sets and Scrub Regions
[2024-12-04T18:15:45.736+0100][3.862s] GC(8) Concurrent Rebuild Remembered Sets and Scrub Regions 6.960ms
[2024-12-04T18:15:45.736+0100][3.862s] GC(8) Pause Cleanup
[2024-12-04T18:15:45.737+0100][3.863s] GC(8) Pause Cleanup 28M->28M(512M) 0.205ms
[2024-12-04T18:15:45.737+0100][3.863s] GC(8) User=0.00s Sys=0.00s Real=0.00s
[2024-12-04T18:15:45.737+0100][3.863s] GC(8) Concurrent Clear Claimed Marks
[2024-12-04T18:15:45.737+0100][3.863s] GC(8) Concurrent Clear Claimed Marks 0.079ms
[2024-12-04T18:15:45.737+0100][3.863s] GC(8) Concurrent Cleanup for Next Mark
[2024-12-04T18:15:45.737+0100][3.863s] GC(8) Concurrent Cleanup for Next Mark 0.529ms
[2024-12-04T18:15:45.737+0100][3.863s] GC(8) Concurrent Mark Cycle 28.763ms
[2024-12-04T18:15:53.266+0100][11.392s] GC(9) Pause Young (Prepare Mixed) (Metadata GC Threshold)
[2024-12-04T18:15:53.266+0100][11.393s] GC(9) Using 15 workers of 15 for evacuation
[2024-12-04T18:15:53.281+0100][11.407s] GC(9)   Pre Evacuate Collection Set: 0.5ms
[2024-12-04T18:15:53.281+0100][11.407s] GC(9)   Merge Heap Roots: 0.3ms
[2024-12-04T18:15:53.281+0100][11.407s] GC(9)   Evacuate Collection Set: 11.5ms
[2024-12-04T18:15:53.281+0100][11.407s] GC(9)   Post Evacuate Collection Set: 1.8ms
[2024-12-04T18:15:53.281+0100][11.407s] GC(9)   Other: 0.2ms
[2024-12-04T18:15:53.281+0100][11.407s] GC(9) Eden regions: 209->0(280)
[2024-12-04T18:15:53.281+0100][11.407s] GC(9) Survivor regions: 8->27(39)
[2024-12-04T18:15:53.281+0100][11.407s] GC(9) Old regions: 17->17
[2024-12-04T18:15:53.281+0100][11.407s] GC(9) Humongous regions: 4->4
[2024-12-04T18:15:53.281+0100][11.407s] GC(9) Metaspace: 61230K(62016K)->61230K(62016K) NonClass: 53932K(54336K)->53932K(54336K) Class: 7297K(7680K)->7297K(7680K)
[2024-12-04T18:15:53.281+0100][11.407s] GC(9) Pause Young (Prepare Mixed) (Metadata GC Threshold) 236M->46M(512M) 14.684ms
[2024-12-04T18:15:53.281+0100][11.407s] GC(9) User=0.17s Sys=0.00s Real=0.02s
[2024-12-04T18:15:53.339+0100][11.465s] GC(10) Pause Young (Mixed) (Metadata GC Threshold)
[2024-12-04T18:15:53.340+0100][11.466s] GC(10) Using 15 workers of 15 for evacuation
[2024-12-04T18:15:53.351+0100][11.477s] GC(10)   Pre Evacuate Collection Set: 0.6ms
[2024-12-04T18:15:53.351+0100][11.477s] GC(10)   Merge Heap Roots: 0.1ms
[2024-12-04T18:15:53.351+0100][11.477s] GC(10)   Evacuate Collection Set: 9.4ms
[2024-12-04T18:15:53.351+0100][11.477s] GC(10)   Post Evacuate Collection Set: 1.6ms
[2024-12-04T18:15:53.351+0100][11.477s] GC(10)   Other: 0.1ms
[2024-12-04T18:15:53.351+0100][11.477s] GC(10) Eden regions: 3->0(287)
[2024-12-04T18:15:53.351+0100][11.477s] GC(10) Survivor regions: 27->20(39)
[2024-12-04T18:15:53.351+0100][11.477s] GC(10) Old regions: 17->23
[2024-12-04T18:15:53.351+0100][11.477s] GC(10) Humongous regions: 4->4
[2024-12-04T18:15:53.351+0100][11.477s] GC(10) Metaspace: 61622K(62336K)->61622K(62336K) NonClass: 54278K(54656K)->54278K(54656K) Class: 7343K(7680K)->7343K(7680K)
[2024-12-04T18:15:53.351+0100][11.478s] GC(10) Pause Young (Mixed) (Metadata GC Threshold) 49M->46M(512M) 12.039ms
[2024-12-04T18:15:53.351+0100][11.478s] GC(10) User=0.14s Sys=0.01s Real=0.01s
[2024-12-04T18:15:53.382+0100][11.508s] GC(11) Pause Young (Concurrent Start) (Metadata GC Threshold)
[2024-12-04T18:15:53.382+0100][11.508s] GC(11) Using 15 workers of 15 for evacuation
[2024-12-04T18:15:53.390+0100][11.517s] GC(11)   Pre Evacuate Collection Set: 0.5ms
[2024-12-04T18:15:53.391+0100][11.517s] GC(11)   Merge Heap Roots: 0.1ms
[2024-12-04T18:15:53.391+0100][11.517s] GC(11)   Evacuate Collection Set: 6.5ms
[2024-12-04T18:15:53.391+0100][11.517s] GC(11)   Post Evacuate Collection Set: 1.2ms
[2024-12-04T18:15:53.391+0100][11.517s] GC(11)   Other: 0.2ms
[2024-12-04T18:15:53.391+0100][11.517s] GC(11) Eden regions: 2->0(287)
[2024-12-04T18:15:53.391+0100][11.517s] GC(11) Survivor regions: 20->20(39)
[2024-12-04T18:15:53.391+0100][11.517s] GC(11) Old regions: 23->23
[2024-12-04T18:15:53.391+0100][11.517s] GC(11) Humongous regions: 4->4
[2024-12-04T18:15:53.391+0100][11.517s] GC(11) Metaspace: 61907K(62656K)->61907K(62656K) NonClass: 54527K(54912K)->54527K(54912K) Class: 7380K(7744K)->7380K(7744K)
[2024-12-04T18:15:53.391+0100][11.517s] GC(11) Pause Young (Concurrent Start) (Metadata GC Threshold) 48M->46M(512M) 8.893ms
[2024-12-04T18:15:53.391+0100][11.517s] GC(11) User=0.09s Sys=0.01s Real=0.01s
[2024-12-04T18:15:53.391+0100][11.517s] GC(12) Concurrent Mark Cycle
[2024-12-04T18:15:53.391+0100][11.517s] GC(12) Concurrent Scan Root Regions
[2024-12-04T18:15:53.399+0100][11.525s] GC(12) Concurrent Scan Root Regions 8.415ms
[2024-12-04T18:15:53.399+0100][11.525s] GC(12) Concurrent Mark
[2024-12-04T18:15:53.399+0100][11.525s] GC(12) Concurrent Mark From Roots
[2024-12-04T18:15:53.399+0100][11.525s] GC(12) Using 4 workers of 4 for marking
[2024-12-04T18:15:53.418+0100][11.544s] GC(12) Concurrent Mark From Roots 18.218ms
[2024-12-04T18:15:53.418+0100][11.544s] GC(12) Concurrent Preclean
[2024-12-04T18:15:53.418+0100][11.544s] GC(12) Concurrent Preclean 0.205ms
[2024-12-04T18:15:53.418+0100][11.544s] GC(12) Pause Remark
[2024-12-04T18:15:53.424+0100][11.550s] GC(12) Pause Remark 47M->47M(512M) 6.066ms
[2024-12-04T18:15:53.424+0100][11.551s] GC(12) User=0.05s Sys=0.00s Real=0.00s
[2024-12-04T18:15:53.425+0100][11.551s] GC(12) Concurrent Mark 25.236ms
[2024-12-04T18:15:53.425+0100][11.551s] GC(12) Concurrent Rebuild Remembered Sets and Scrub Regions
[2024-12-04T18:15:53.435+0100][11.561s] GC(12) Concurrent Rebuild Remembered Sets and Scrub Regions 10.706ms
[2024-12-04T18:15:53.436+0100][11.562s] GC(12) Pause Cleanup
[2024-12-04T18:15:53.436+0100][11.562s] GC(12) Pause Cleanup 48M->48M(512M) 0.379ms
[2024-12-04T18:15:53.436+0100][11.562s] GC(12) User=0.00s Sys=0.00s Real=0.00s
[2024-12-04T18:15:53.436+0100][11.562s] GC(12) Concurrent Clear Claimed Marks
[2024-12-04T18:15:53.437+0100][11.563s] GC(12) Concurrent Clear Claimed Marks 0.210ms
[2024-12-04T18:15:53.437+0100][11.563s] GC(12) Concurrent Cleanup for Next Mark
[2024-12-04T18:15:53.437+0100][11.563s] GC(12) Concurrent Cleanup for Next Mark 0.754ms
[2024-12-04T18:15:53.437+0100][11.564s] GC(12) Concurrent Mark Cycle 46.642ms
[2024-12-04T18:20:42.710+0100][300.836s] GC(13) Pause Young (Prepare Mixed) (G1 Evacuation Pause)
[2024-12-04T18:20:42.710+0100][300.836s] GC(13) Using 15 workers of 15 for evacuation
[2024-12-04T18:20:42.713+0100][300.839s] GC(13)   Pre Evacuate Collection Set: 0.3ms
[2024-12-04T18:20:42.713+0100][300.839s] GC(13)   Merge Heap Roots: 0.1ms
[2024-12-04T18:20:42.713+0100][300.839s] GC(13)   Evacuate Collection Set: 2.3ms
[2024-12-04T18:20:42.713+0100][300.839s] GC(13)   Post Evacuate Collection Set: 0.4ms
[2024-12-04T18:20:42.713+0100][300.839s] GC(13)   Other: 0.1ms
[2024-12-04T18:20:42.713+0100][300.839s] GC(13) Eden regions: 287->0(284)
[2024-12-04T18:20:42.713+0100][300.839s] GC(13) Survivor regions: 20->23(39)
[2024-12-04T18:20:42.713+0100][300.839s] GC(13) Old regions: 23->23
[2024-12-04T18:20:42.713+0100][300.839s] GC(13) Humongous regions: 4->4
[2024-12-04T18:20:42.713+0100][300.839s] GC(13) Metaspace: 65213K(65984K)->65213K(65984K) NonClass: 57718K(58112K)->57718K(58112K) Class: 7495K(7872K)->7495K(7872K)
[2024-12-04T18:20:42.713+0100][300.839s] GC(13) Pause Young (Prepare Mixed) (G1 Evacuation Pause) 333M->48M(512M) 3.359ms
[2024-12-04T18:20:42.713+0100][300.839s] GC(13) User=0.03s Sys=0.00s Real=0.00s
[2024-12-04T18:21:26.553+0100][344.679s] Heap
[2024-12-04T18:21:26.553+0100][344.679s]  garbage-first heap   total 524288K, used 68444K [0x00000000e0000000, 0x0000000100000000)
[2024-12-04T18:21:26.553+0100][344.679s]   region size 1024K, 41 young (41984K), 23 survivors (23552K)
[2024-12-04T18:21:26.553+0100][344.679s]  Metaspace       used 65557K, committed 66304K, reserved 1114112K
[2024-12-04T18:21:26.553+0100][344.679s]   class space    used 7553K, committed 7872K, reserved 1048576K
