[2024-12-04T18:11:47.221+0100][0.012s] CardTable entry size: 512
[2024-12-04T18:11:47.222+0100][0.012s] Using G1
[2024-12-04T18:11:47.305+0100][0.095s] Version: 21.0.5+11-Ubuntu-1ubuntu124.04 (release)
[2024-12-04T18:11:47.305+0100][0.095s] CPUs: 20 total, 20 available
[2024-12-04T18:11:47.305+0100][0.095s] Memory: 15660M
[2024-12-04T18:11:47.305+0100][0.095s] Large Page Support: Disabled
[2024-12-04T18:11:47.305+0100][0.095s] NUMA Support: Disabled
[2024-12-04T18:11:47.305+0100][0.095s] Compressed Oops: Enabled (32-bit)
[2024-12-04T18:11:47.305+0100][0.095s] Heap Region Size: 1M
[2024-12-04T18:11:47.305+0100][0.095s] Heap Min Capacity: 512M
[2024-12-04T18:11:47.305+0100][0.095s] Heap Initial Capacity: 512M
[2024-12-04T18:11:47.305+0100][0.095s] Heap Max Capacity: 512M
[2024-12-04T18:11:47.305+0100][0.095s] Pre-touch: Enabled
[2024-12-04T18:11:47.305+0100][0.095s] Parallel Workers: 15
[2024-12-04T18:11:47.305+0100][0.095s] Concurrent Workers: 4
[2024-12-04T18:11:47.305+0100][0.095s] Concurrent Refinement Workers: 15
[2024-12-04T18:11:47.305+0100][0.095s] Periodic GC: Disabled
[2024-12-04T18:11:47.321+0100][0.111s] CDS archive(s) mapped at: [0x0000739643000000-0x0000739643c97000-0x0000739643c97000), size 13201408, SharedBaseAddress: 0x0000739643000000, ArchiveRelocationMode: 1.
[2024-12-04T18:11:47.321+0100][0.111s] Compressed class space mapped at: 0x0000739644000000-0x0000739684000000, reserved size: 1073741824
[2024-12-04T18:11:47.321+0100][0.111s] Narrow klass base: 0x0000739643000000, Narrow klass shift: 0, Narrow klass range: 0x100000000
[2024-12-04T18:11:48.292+0100][1.083s] GC(0) Pause Young (Normal) (G1 Evacuation Pause)
[2024-12-04T18:11:48.293+0100][1.083s] GC(0) Using 12 workers of 15 for evacuation
[2024-12-04T18:11:48.297+0100][1.088s] GC(0)   Pre Evacuate Collection Set: 0.3ms
[2024-12-04T18:11:48.297+0100][1.088s] GC(0)   Merge Heap Roots: 0.2ms
[2024-12-04T18:11:48.297+0100][1.088s] GC(0)   Evacuate Collection Set: 2.9ms
[2024-12-04T18:11:48.297+0100][1.088s] GC(0)   Post Evacuate Collection Set: 1.0ms
[2024-12-04T18:11:48.297+0100][1.088s] GC(0)   Other: 0.1ms
[2024-12-04T18:11:48.297+0100][1.088s] GC(0) Eden regions: 29->0(56)
[2024-12-04T18:11:48.297+0100][1.088s] GC(0) Survivor regions: 0->4(4)
[2024-12-04T18:11:48.297+0100][1.088s] GC(0) Old regions: 2->2
[2024-12-04T18:11:48.297+0100][1.088s] GC(0) Humongous regions: 0->0
[2024-12-04T18:11:48.297+0100][1.088s] GC(0) Metaspace: 7647K(7872K)->7647K(7872K) NonClass: 6784K(6912K)->6784K(6912K) Class: 862K(960K)->862K(960K)
[2024-12-04T18:11:48.297+0100][1.088s] GC(0) Pause Young (Normal) (G1 Evacuation Pause) 30M->4M(512M) 4.963ms
[2024-12-04T18:11:48.297+0100][1.088s] GC(0) User=0.03s Sys=0.01s Real=0.00s
[2024-12-04T18:11:49.475+0100][2.266s] GC(1) Pause Young (Normal) (G1 Evacuation Pause)
[2024-12-04T18:11:49.475+0100][2.266s] GC(1) Using 15 workers of 15 for evacuation
[2024-12-04T18:11:49.487+0100][2.277s] GC(1)   Pre Evacuate Collection Set: 0.4ms
[2024-12-04T18:11:49.487+0100][2.277s] GC(1)   Merge Heap Roots: 0.1ms
[2024-12-04T18:11:49.487+0100][2.277s] GC(1)   Evacuate Collection Set: 9.6ms
[2024-12-04T18:11:49.487+0100][2.277s] GC(1)   Post Evacuate Collection Set: 0.9ms
[2024-12-04T18:11:49.487+0100][2.277s] GC(1)   Other: 0.3ms
[2024-12-04T18:11:49.487+0100][2.277s] GC(1) Eden regions: 56->0(75)
[2024-12-04T18:11:49.487+0100][2.277s] GC(1) Survivor regions: 4->8(8)
[2024-12-04T18:11:49.487+0100][2.277s] GC(1) Old regions: 2->9
[2024-12-04T18:11:49.487+0100][2.277s] GC(1) Humongous regions: 4->4
[2024-12-04T18:11:49.487+0100][2.277s] GC(1) Metaspace: 19971K(20352K)->19971K(20352K) NonClass: 17731K(17920K)->17731K(17920K) Class: 2240K(2432K)->2240K(2432K)
[2024-12-04T18:11:49.487+0100][2.277s] GC(1) Pause Young (Normal) (G1 Evacuation Pause) 64M->19M(512M) 11.657ms
[2024-12-04T18:11:49.487+0100][2.277s] GC(1) User=0.15s Sys=0.01s Real=0.01s
[2024-12-04T18:11:49.762+0100][2.552s] GC(2) Pause Young (Normal) (G1 Evacuation Pause)
[2024-12-04T18:11:49.762+0100][2.552s] GC(2) Using 15 workers of 15 for evacuation
[2024-12-04T18:11:49.768+0100][2.558s] GC(2)   Pre Evacuate Collection Set: 0.4ms
[2024-12-04T18:11:49.768+0100][2.559s] GC(2)   Merge Heap Roots: 0.2ms
[2024-12-04T18:11:49.768+0100][2.559s] GC(2)   Evacuate Collection Set: 4.2ms
[2024-12-04T18:11:49.768+0100][2.559s] GC(2)   Post Evacuate Collection Set: 0.9ms
[2024-12-04T18:11:49.768+0100][2.559s] GC(2)   Other: 0.3ms
[2024-12-04T18:11:49.768+0100][2.559s] GC(2) Eden regions: 75->0(302)
[2024-12-04T18:11:49.768+0100][2.559s] GC(2) Survivor regions: 8->5(11)
[2024-12-04T18:11:49.768+0100][2.559s] GC(2) Old regions: 9->17
[2024-12-04T18:11:49.768+0100][2.559s] GC(2) Humongous regions: 4->4
[2024-12-04T18:11:49.768+0100][2.559s] GC(2) Metaspace: 20148K(20544K)->20148K(20544K) NonClass: 17905K(18112K)->17905K(18112K) Class: 2243K(2432K)->2243K(2432K)
[2024-12-04T18:11:49.768+0100][2.559s] GC(2) Pause Young (Normal) (G1 Evacuation Pause) 94M->24M(512M) 6.383ms
[2024-12-04T18:11:49.768+0100][2.559s] GC(2) User=0.09s Sys=0.01s Real=0.01s
[2024-12-04T18:11:49.934+0100][2.724s] GC(3) Pause Young (Concurrent Start) (Metadata GC Threshold)
[2024-12-04T18:11:49.934+0100][2.725s] GC(3) Using 15 workers of 15 for evacuation
[2024-12-04T18:11:49.937+0100][2.727s] GC(3)   Pre Evacuate Collection Set: 0.5ms
[2024-12-04T18:11:49.937+0100][2.727s] GC(3)   Merge Heap Roots: 0.1ms
[2024-12-04T18:11:49.937+0100][2.727s] GC(3)   Evacuate Collection Set: 1.1ms
[2024-12-04T18:11:49.937+0100][2.727s] GC(3)   Post Evacuate Collection Set: 0.7ms
[2024-12-04T18:11:49.937+0100][2.727s] GC(3)   Other: 0.3ms
[2024-12-04T18:11:49.937+0100][2.727s] GC(3) Eden regions: 32->0(302)
[2024-12-04T18:11:49.937+0100][2.727s] GC(3) Survivor regions: 5->5(39)
[2024-12-04T18:11:49.937+0100][2.727s] GC(3) Old regions: 17->17
[2024-12-04T18:11:49.937+0100][2.727s] GC(3) Humongous regions: 4->4
[2024-12-04T18:11:49.937+0100][2.727s] GC(3) Metaspace: 21135K(21504K)->21135K(21504K) NonClass: 18776K(18944K)->18776K(18944K) Class: 2358K(2560K)->2358K(2560K)
[2024-12-04T18:11:49.937+0100][2.727s] GC(3) Pause Young (Concurrent Start) (Metadata GC Threshold) 56M->24M(512M) 2.847ms
[2024-12-04T18:11:49.937+0100][2.727s] GC(3) User=0.02s Sys=0.00s Real=0.00s
[2024-12-04T18:11:49.937+0100][2.727s] GC(4) Concurrent Mark Cycle
[2024-12-04T18:11:49.937+0100][2.727s] GC(4) Concurrent Scan Root Regions
[2024-12-04T18:11:49.939+0100][2.729s] GC(4) Concurrent Scan Root Regions 1.687ms
[2024-12-04T18:11:49.939+0100][2.729s] GC(4) Concurrent Mark
[2024-12-04T18:11:49.939+0100][2.729s] GC(4) Concurrent Mark From Roots
[2024-12-04T18:11:49.939+0100][2.729s] GC(4) Using 4 workers of 4 for marking
[2024-12-04T18:11:49.953+0100][2.744s] GC(4) Concurrent Mark From Roots 14.518ms
[2024-12-04T18:11:49.953+0100][2.744s] GC(4) Concurrent Preclean
[2024-12-04T18:11:49.953+0100][2.744s] GC(4) Concurrent Preclean 0.104ms
[2024-12-04T18:11:49.954+0100][2.744s] GC(4) Pause Remark
[2024-12-04T18:11:49.957+0100][2.747s] GC(4) Pause Remark 25M->25M(512M) 3.277ms
[2024-12-04T18:11:49.957+0100][2.748s] GC(4) User=0.02s Sys=0.00s Real=0.00s
[2024-12-04T18:11:49.957+0100][2.748s] GC(4) Concurrent Mark 18.453ms
[2024-12-04T18:11:49.957+0100][2.748s] GC(4) Concurrent Rebuild Remembered Sets and Scrub Regions
[2024-12-04T18:11:49.964+0100][2.754s] GC(4) Concurrent Rebuild Remembered Sets and Scrub Regions 6.619ms
[2024-12-04T18:11:49.964+0100][2.755s] GC(4) Pause Cleanup
[2024-12-04T18:11:49.965+0100][2.755s] GC(4) Pause Cleanup 25M->25M(512M) 0.284ms
[2024-12-04T18:11:49.965+0100][2.755s] GC(4) User=0.00s Sys=0.00s Real=0.00s
[2024-12-04T18:11:49.965+0100][2.755s] GC(4) Concurrent Clear Claimed Marks
[2024-12-04T18:11:49.965+0100][2.755s] GC(4) Concurrent Clear Claimed Marks 0.072ms
[2024-12-04T18:11:49.965+0100][2.755s] GC(4) Concurrent Cleanup for Next Mark
[2024-12-04T18:11:49.965+0100][2.756s] GC(4) Concurrent Cleanup for Next Mark 0.538ms
[2024-12-04T18:11:49.965+0100][2.756s] GC(4) Concurrent Mark Cycle 28.284ms
[2024-12-04T18:11:51.200+0100][3.990s] GC(5) Pause Young (Prepare Mixed) (Metadata GC Threshold)
[2024-12-04T18:11:51.200+0100][3.991s] GC(5) Using 15 workers of 15 for evacuation
[2024-12-04T18:11:51.206+0100][3.996s] GC(5)   Pre Evacuate Collection Set: 0.4ms
[2024-12-04T18:11:51.206+0100][3.996s] GC(5)   Merge Heap Roots: 0.1ms
[2024-12-04T18:11:51.206+0100][3.996s] GC(5)   Evacuate Collection Set: 3.9ms
[2024-12-04T18:11:51.206+0100][3.996s] GC(5)   Post Evacuate Collection Set: 0.8ms
[2024-12-04T18:11:51.206+0100][3.996s] GC(5)   Other: 0.2ms
[2024-12-04T18:11:51.206+0100][3.996s] GC(5) Eden regions: 80->0(299)
[2024-12-04T18:11:51.206+0100][3.996s] GC(5) Survivor regions: 5->8(39)
[2024-12-04T18:11:51.206+0100][3.996s] GC(5) Old regions: 17->17
[2024-12-04T18:11:51.206+0100][3.996s] GC(5) Humongous regions: 4->4
[2024-12-04T18:11:51.206+0100][3.996s] GC(5) Metaspace: 36085K(36608K)->36085K(36608K) NonClass: 32023K(32320K)->32023K(32320K) Class: 4062K(4288K)->4062K(4288K)
[2024-12-04T18:11:51.206+0100][3.996s] GC(5) Pause Young (Prepare Mixed) (Metadata GC Threshold) 103M->27M(512M) 5.857ms
[2024-12-04T18:11:51.206+0100][3.996s] GC(5) User=0.05s Sys=0.00s Real=0.00s
[2024-12-04T18:11:51.236+0100][4.026s] GC(6) Pause Young (Mixed) (Metadata GC Threshold)
[2024-12-04T18:11:51.236+0100][4.026s] GC(6) Using 15 workers of 15 for evacuation
[2024-12-04T18:11:51.240+0100][4.031s] GC(6)   Pre Evacuate Collection Set: 0.3ms
[2024-12-04T18:11:51.240+0100][4.031s] GC(6)   Merge Heap Roots: 0.1ms
[2024-12-04T18:11:51.240+0100][4.031s] GC(6)   Evacuate Collection Set: 3.5ms
[2024-12-04T18:11:51.240+0100][4.031s] GC(6)   Post Evacuate Collection Set: 0.6ms
[2024-12-04T18:11:51.240+0100][4.031s] GC(6)   Other: 0.1ms
[2024-12-04T18:11:51.240+0100][4.031s] GC(6) Eden regions: 3->0(299)
[2024-12-04T18:11:51.240+0100][4.031s] GC(6) Survivor regions: 8->8(39)
[2024-12-04T18:11:51.240+0100][4.031s] GC(6) Old regions: 17->16
[2024-12-04T18:11:51.240+0100][4.031s] GC(6) Humongous regions: 4->4
[2024-12-04T18:11:51.240+0100][4.031s] GC(6) Metaspace: 36330K(36928K)->36330K(36928K) NonClass: 32237K(32576K)->32237K(32576K) Class: 4093K(4352K)->4093K(4352K)
[2024-12-04T18:11:51.240+0100][4.031s] GC(6) Pause Young (Mixed) (Metadata GC Threshold) 30M->27M(512M) 4.834ms
[2024-12-04T18:11:51.240+0100][4.031s] GC(6) User=0.06s Sys=0.00s Real=0.01s
[2024-12-04T18:11:51.265+0100][4.055s] GC(7) Pause Young (Concurrent Start) (Metadata GC Threshold)
[2024-12-04T18:11:51.265+0100][4.055s] GC(7) Using 15 workers of 15 for evacuation
[2024-12-04T18:11:51.270+0100][4.061s] GC(7)   Pre Evacuate Collection Set: 0.5ms
[2024-12-04T18:11:51.270+0100][4.061s] GC(7)   Merge Heap Roots: 0.1ms
[2024-12-04T18:11:51.270+0100][4.061s] GC(7)   Evacuate Collection Set: 4.1ms
[2024-12-04T18:11:51.270+0100][4.061s] GC(7)   Post Evacuate Collection Set: 0.6ms
[2024-12-04T18:11:51.270+0100][4.061s] GC(7)   Other: 0.2ms
[2024-12-04T18:11:51.270+0100][4.061s] GC(7) Eden regions: 1->0(299)
[2024-12-04T18:11:51.270+0100][4.061s] GC(7) Survivor regions: 8->8(39)
[2024-12-04T18:11:51.270+0100][4.061s] GC(7) Old regions: 16->16
[2024-12-04T18:11:51.270+0100][4.061s] GC(7) Humongous regions: 4->4
[2024-12-04T18:11:51.270+0100][4.061s] GC(7) Metaspace: 36656K(37248K)->36656K(37248K) NonClass: 32540K(32832K)->32540K(32832K) Class: 4116K(4416K)->4116K(4416K)
[2024-12-04T18:11:51.271+0100][4.061s] GC(7) Pause Young (Concurrent Start) (Metadata GC Threshold) 28M->27M(512M) 5.651ms
[2024-12-04T18:11:51.271+0100][4.061s] GC(7) User=0.08s Sys=0.01s Real=0.01s
[2024-12-04T18:11:51.271+0100][4.061s] GC(8) Concurrent Mark Cycle
[2024-12-04T18:11:51.271+0100][4.061s] GC(8) Concurrent Scan Root Regions
[2024-12-04T18:11:51.273+0100][4.063s] GC(8) Concurrent Scan Root Regions 2.303ms
[2024-12-04T18:11:51.273+0100][4.063s] GC(8) Concurrent Mark
[2024-12-04T18:11:51.273+0100][4.063s] GC(8) Concurrent Mark From Roots
[2024-12-04T18:11:51.273+0100][4.063s] GC(8) Using 4 workers of 4 for marking
[2024-12-04T18:11:51.288+0100][4.078s] GC(8) Concurrent Mark From Roots 14.560ms
[2024-12-04T18:11:51.288+0100][4.078s] GC(8) Concurrent Preclean
[2024-12-04T18:11:51.288+0100][4.078s] GC(8) Concurrent Preclean 0.063ms
[2024-12-04T18:11:51.288+0100][4.078s] GC(8) Pause Remark
[2024-12-04T18:11:51.292+0100][4.082s] GC(8) Pause Remark 28M->28M(512M) 3.688ms
[2024-12-04T18:11:51.292+0100][4.082s] GC(8) User=0.02s Sys=0.00s Real=0.01s
[2024-12-04T18:11:51.292+0100][4.082s] GC(8) Concurrent Mark 18.806ms
[2024-12-04T18:11:51.292+0100][4.082s] GC(8) Concurrent Rebuild Remembered Sets and Scrub Regions
[2024-12-04T18:11:51.299+0100][4.089s] GC(8) Concurrent Rebuild Remembered Sets and Scrub Regions 6.983ms
[2024-12-04T18:11:51.299+0100][4.089s] GC(8) Pause Cleanup
[2024-12-04T18:11:51.299+0100][4.090s] GC(8) Pause Cleanup 28M->28M(512M) 0.354ms
[2024-12-04T18:11:51.299+0100][4.090s] GC(8) User=0.00s Sys=0.00s Real=0.00s
[2024-12-04T18:11:51.300+0100][4.090s] GC(8) Concurrent Clear Claimed Marks
[2024-12-04T18:11:51.300+0100][4.090s] GC(8) Concurrent Clear Claimed Marks 0.113ms
[2024-12-04T18:11:51.300+0100][4.090s] GC(8) Concurrent Cleanup for Next Mark
[2024-12-04T18:11:51.300+0100][4.091s] GC(8) Concurrent Cleanup for Next Mark 0.571ms
[2024-12-04T18:11:51.300+0100][4.091s] GC(8) Concurrent Mark Cycle 29.762ms
[2024-12-04T18:12:08.986+0100][21.777s] GC(9) Pause Young (Prepare Mixed) (Metadata GC Threshold)
[2024-12-04T18:12:08.986+0100][21.777s] GC(9) Using 15 workers of 15 for evacuation
[2024-12-04T18:12:09.002+0100][21.792s] GC(9)   Pre Evacuate Collection Set: 0.5ms
[2024-12-04T18:12:09.002+0100][21.792s] GC(9)   Merge Heap Roots: 0.2ms
[2024-12-04T18:12:09.002+0100][21.792s] GC(9)   Evacuate Collection Set: 12.0ms
[2024-12-04T18:12:09.002+0100][21.792s] GC(9)   Post Evacuate Collection Set: 2.6ms
[2024-12-04T18:12:09.002+0100][21.792s] GC(9)   Other: 0.2ms
[2024-12-04T18:12:09.002+0100][21.792s] GC(9) Eden regions: 212->0(280)
[2024-12-04T18:12:09.002+0100][21.792s] GC(9) Survivor regions: 8->27(39)
[2024-12-04T18:12:09.002+0100][21.793s] GC(9) Old regions: 16->16
[2024-12-04T18:12:09.002+0100][21.793s] GC(9) Humongous regions: 4->4
[2024-12-04T18:12:09.002+0100][21.793s] GC(9) Metaspace: 61920K(62656K)->61920K(62656K) NonClass: 54532K(54912K)->54532K(54912K) Class: 7387K(7744K)->7387K(7744K)
[2024-12-04T18:12:09.002+0100][21.793s] GC(9) Pause Young (Prepare Mixed) (Metadata GC Threshold) 239M->46M(512M) 16.018ms
[2024-12-04T18:12:09.002+0100][21.793s] GC(9) User=0.18s Sys=0.00s Real=0.02s
[2024-12-04T18:12:09.076+0100][21.866s] GC(10) Pause Young (Mixed) (Metadata GC Threshold)
[2024-12-04T18:12:09.076+0100][21.866s] GC(10) Using 15 workers of 15 for evacuation
[2024-12-04T18:12:09.088+0100][21.879s] GC(10)   Pre Evacuate Collection Set: 0.5ms
[2024-12-04T18:12:09.089+0100][21.879s] GC(10)   Merge Heap Roots: 0.2ms
[2024-12-04T18:12:09.089+0100][21.879s] GC(10)   Evacuate Collection Set: 10.2ms
[2024-12-04T18:12:09.089+0100][21.879s] GC(10)   Post Evacuate Collection Set: 1.5ms
[2024-12-04T18:12:09.089+0100][21.879s] GC(10)   Other: 0.2ms
[2024-12-04T18:12:09.089+0100][21.879s] GC(10) Eden regions: 5->0(286)
[2024-12-04T18:12:09.089+0100][21.879s] GC(10) Survivor regions: 27->21(39)
[2024-12-04T18:12:09.089+0100][21.879s] GC(10) Old regions: 16->23
[2024-12-04T18:12:09.089+0100][21.879s] GC(10) Humongous regions: 4->4
[2024-12-04T18:12:09.089+0100][21.879s] GC(10) Metaspace: 62226K(62976K)->62226K(62976K) NonClass: 54795K(55168K)->54795K(55168K) Class: 7431K(7808K)->7431K(7808K)
[2024-12-04T18:12:09.089+0100][21.879s] GC(10) Pause Young (Mixed) (Metadata GC Threshold) 50M->46M(512M) 12.917ms
[2024-12-04T18:12:09.089+0100][21.879s] GC(10) User=0.15s Sys=0.01s Real=0.02s
[2024-12-04T18:12:09.131+0100][21.921s] GC(11) Pause Young (Concurrent Start) (Metadata GC Threshold)
[2024-12-04T18:12:09.131+0100][21.921s] GC(11) Using 15 workers of 15 for evacuation
[2024-12-04T18:12:09.141+0100][21.931s] GC(11)   Pre Evacuate Collection Set: 0.5ms
[2024-12-04T18:12:09.141+0100][21.931s] GC(11)   Merge Heap Roots: 0.1ms
[2024-12-04T18:12:09.141+0100][21.931s] GC(11)   Evacuate Collection Set: 6.9ms
[2024-12-04T18:12:09.141+0100][21.931s] GC(11)   Post Evacuate Collection Set: 2.1ms
[2024-12-04T18:12:09.141+0100][21.931s] GC(11)   Other: 0.2ms
[2024-12-04T18:12:09.141+0100][21.931s] GC(11) Eden regions: 2->0(287)
[2024-12-04T18:12:09.141+0100][21.931s] GC(11) Survivor regions: 21->20(39)
[2024-12-04T18:12:09.141+0100][21.931s] GC(11) Old regions: 23->23
[2024-12-04T18:12:09.141+0100][21.931s] GC(11) Humongous regions: 4->4
[2024-12-04T18:12:09.141+0100][21.931s] GC(11) Metaspace: 62584K(63296K)->62584K(63296K) NonClass: 55102K(55488K)->55102K(55488K) Class: 7482K(7808K)->7482K(7808K)
[2024-12-04T18:12:09.141+0100][21.931s] GC(11) Pause Young (Concurrent Start) (Metadata GC Threshold) 48M->46M(512M) 10.180ms
[2024-12-04T18:12:09.141+0100][21.931s] GC(11) User=0.10s Sys=0.00s Real=0.01s
[2024-12-04T18:12:09.141+0100][21.931s] GC(12) Concurrent Mark Cycle
[2024-12-04T18:12:09.141+0100][21.931s] GC(12) Concurrent Scan Root Regions
[2024-12-04T18:12:09.149+0100][21.940s] GC(12) Concurrent Scan Root Regions 8.230ms
[2024-12-04T18:12:09.149+0100][21.940s] GC(12) Concurrent Mark
[2024-12-04T18:12:09.149+0100][21.940s] GC(12) Concurrent Mark From Roots
[2024-12-04T18:12:09.149+0100][21.940s] GC(12) Using 4 workers of 4 for marking
[2024-12-04T18:12:09.168+0100][21.958s] GC(12) Concurrent Mark From Roots 18.513ms
[2024-12-04T18:12:09.168+0100][21.958s] GC(12) Concurrent Preclean
[2024-12-04T18:12:09.168+0100][21.959s] GC(12) Concurrent Preclean 0.262ms
[2024-12-04T18:12:09.169+0100][21.959s] GC(12) Pause Remark
[2024-12-04T18:12:09.174+0100][21.965s] GC(12) Pause Remark 48M->48M(512M) 5.657ms
[2024-12-04T18:12:09.174+0100][21.965s] GC(12) User=0.04s Sys=0.00s Real=0.00s
[2024-12-04T18:12:09.174+0100][21.965s] GC(12) Concurrent Mark 25.102ms
[2024-12-04T18:12:09.175+0100][21.965s] GC(12) Concurrent Rebuild Remembered Sets and Scrub Regions
[2024-12-04T18:12:09.185+0100][21.976s] GC(12) Concurrent Rebuild Remembered Sets and Scrub Regions 10.789ms
[2024-12-04T18:12:09.185+0100][21.976s] GC(12) Pause Cleanup
[2024-12-04T18:12:09.186+0100][21.976s] GC(12) Pause Cleanup 49M->49M(512M) 0.557ms
[2024-12-04T18:12:09.186+0100][21.977s] GC(12) User=0.00s Sys=0.00s Real=0.00s
[2024-12-04T18:12:09.186+0100][21.977s] GC(12) Concurrent Clear Claimed Marks
[2024-12-04T18:12:09.187+0100][21.977s] GC(12) Concurrent Clear Claimed Marks 0.199ms
[2024-12-04T18:12:09.187+0100][21.977s] GC(12) Concurrent Cleanup for Next Mark
[2024-12-04T18:12:09.188+0100][21.978s] GC(12) Concurrent Cleanup for Next Mark 0.877ms
[2024-12-04T18:12:09.188+0100][21.978s] GC(12) Concurrent Mark Cycle 46.687ms
[2024-12-04T18:14:07.502+0100][140.292s] Heap
[2024-12-04T18:14:07.502+0100][140.292s]  garbage-first heap   total 524288K, used 68919K [0x00000000e0000000, 0x0000000100000000)
[2024-12-04T18:14:07.502+0100][140.292s]   region size 1024K, 41 young (41984K), 20 survivors (20480K)
[2024-12-04T18:14:07.502+0100][140.292s]  Metaspace       used 63173K, committed 63936K, reserved 1114112K
[2024-12-04T18:14:07.502+0100][140.292s]   class space    used 7556K, committed 7872K, reserved 1048576K
