[2024-12-04T18:21:28.763+0100][0.006s] CardTable entry size: 512
[2024-12-04T18:21:28.764+0100][0.006s] Using G1
[2024-12-04T18:21:28.794+0100][0.036s] Version: 21.0.5+11-Ubuntu-1ubuntu124.04 (release)
[2024-12-04T18:21:28.794+0100][0.036s] CPUs: 20 total, 20 available
[2024-12-04T18:21:28.794+0100][0.037s] Memory: 15660M
[2024-12-04T18:21:28.794+0100][0.037s] Large Page Support: Disabled
[2024-12-04T18:21:28.794+0100][0.037s] NUMA Support: Disabled
[2024-12-04T18:21:28.794+0100][0.037s] Compressed Oops: Enabled (32-bit)
[2024-12-04T18:21:28.794+0100][0.037s] Heap Region Size: 1M
[2024-12-04T18:21:28.794+0100][0.037s] Heap Min Capacity: 512M
[2024-12-04T18:21:28.794+0100][0.037s] Heap Initial Capacity: 512M
[2024-12-04T18:21:28.794+0100][0.037s] Heap Max Capacity: 512M
[2024-12-04T18:21:28.794+0100][0.037s] Pre-touch: Enabled
[2024-12-04T18:21:28.794+0100][0.037s] Parallel Workers: 15
[2024-12-04T18:21:28.794+0100][0.037s] Concurrent Workers: 4
[2024-12-04T18:21:28.794+0100][0.037s] Concurrent Refinement Workers: 15
[2024-12-04T18:21:28.794+0100][0.037s] Periodic GC: Disabled
[2024-12-04T18:21:28.799+0100][0.041s] CDS archive(s) mapped at: [0x0000754547000000-0x0000754547c97000-0x0000754547c97000), size 13201408, SharedBaseAddress: 0x0000754547000000, ArchiveRelocationMode: 1.
[2024-12-04T18:21:28.799+0100][0.041s] Compressed class space mapped at: 0x0000754548000000-0x0000754588000000, reserved size: 1073741824
[2024-12-04T18:21:28.799+0100][0.041s] Narrow klass base: 0x0000754547000000, Narrow klass shift: 0, Narrow klass range: 0x100000000
[2024-12-04T18:21:29.065+0100][0.307s] GC(0) Pause Young (Normal) (G1 Evacuation Pause)
[2024-12-04T18:21:29.065+0100][0.307s] GC(0) Using 12 workers of 15 for evacuation
[2024-12-04T18:21:29.066+0100][0.308s] GC(0)   Pre Evacuate Collection Set: 0.1ms
[2024-12-04T18:21:29.066+0100][0.308s] GC(0)   Merge Heap Roots: 0.0ms
[2024-12-04T18:21:29.066+0100][0.308s] GC(0)   Evacuate Collection Set: 0.9ms
[2024-12-04T18:21:29.066+0100][0.308s] GC(0)   Post Evacuate Collection Set: 0.2ms
[2024-12-04T18:21:29.066+0100][0.308s] GC(0)   Other: 0.0ms
[2024-12-04T18:21:29.066+0100][0.308s] GC(0) Eden regions: 29->0(55)
[2024-12-04T18:21:29.066+0100][0.308s] GC(0) Survivor regions: 0->4(4)
[2024-12-04T18:21:29.066+0100][0.308s] GC(0) Old regions: 2->2
[2024-12-04T18:21:29.066+0100][0.308s] GC(0) Humongous regions: 0->0
[2024-12-04T18:21:29.066+0100][0.308s] GC(0) Metaspace: 7705K(7872K)->7705K(7872K) NonClass: 6843K(6912K)->6843K(6912K) Class: 862K(960K)->862K(960K)
[2024-12-04T18:21:29.066+0100][0.308s] GC(0) Pause Young (Normal) (G1 Evacuation Pause) 30M->4M(512M) 1.467ms
[2024-12-04T18:21:29.066+0100][0.308s] GC(0) User=0.01s Sys=0.00s Real=0.00s
[2024-12-04T18:21:29.430+0100][0.672s] GC(1) Pause Young (Normal) (G1 Evacuation Pause)
[2024-12-04T18:21:29.430+0100][0.672s] GC(1) Using 15 workers of 15 for evacuation
[2024-12-04T18:21:29.433+0100][0.676s] GC(1)   Pre Evacuate Collection Set: 0.1ms
[2024-12-04T18:21:29.433+0100][0.676s] GC(1)   Merge Heap Roots: 0.1ms
[2024-12-04T18:21:29.433+0100][0.676s] GC(1)   Evacuate Collection Set: 2.8ms
[2024-12-04T18:21:29.433+0100][0.676s] GC(1)   Post Evacuate Collection Set: 0.3ms
[2024-12-04T18:21:29.433+0100][0.676s] GC(1)   Other: 0.1ms
[2024-12-04T18:21:29.433+0100][0.676s] GC(1) Eden regions: 55->0(144)
[2024-12-04T18:21:29.433+0100][0.676s] GC(1) Survivor regions: 4->8(8)
[2024-12-04T18:21:29.433+0100][0.676s] GC(1) Old regions: 2->9
[2024-12-04T18:21:29.433+0100][0.676s] GC(1) Humongous regions: 4->4
[2024-12-04T18:21:29.433+0100][0.676s] GC(1) Metaspace: 19974K(20352K)->19974K(20352K) NonClass: 17734K(17920K)->17734K(17920K) Class: 2240K(2432K)->2240K(2432K)
[2024-12-04T18:21:29.433+0100][0.676s] GC(1) Pause Young (Normal) (G1 Evacuation Pause) 63M->19M(512M) 3.513ms
[2024-12-04T18:21:29.433+0100][0.676s] GC(1) User=0.05s Sys=0.01s Real=0.00s
[2024-12-04T18:21:29.556+0100][0.799s] GC(2) Pause Young (Concurrent Start) (Metadata GC Threshold)
[2024-12-04T18:21:29.556+0100][0.799s] GC(2) Using 15 workers of 15 for evacuation
[2024-12-04T18:21:29.558+0100][0.800s] GC(2)   Pre Evacuate Collection Set: 0.2ms
[2024-12-04T18:21:29.558+0100][0.801s] GC(2)   Merge Heap Roots: 0.0ms
[2024-12-04T18:21:29.558+0100][0.801s] GC(2)   Evacuate Collection Set: 1.3ms
[2024-12-04T18:21:29.558+0100][0.801s] GC(2)   Post Evacuate Collection Set: 0.3ms
[2024-12-04T18:21:29.558+0100][0.801s] GC(2)   Other: 0.1ms
[2024-12-04T18:21:29.558+0100][0.801s] GC(2) Eden regions: 108->0(294)
[2024-12-04T18:21:29.558+0100][0.801s] GC(2) Survivor regions: 8->13(19)
[2024-12-04T18:21:29.558+0100][0.801s] GC(2) Old regions: 9->9
[2024-12-04T18:21:29.558+0100][0.801s] GC(2) Humongous regions: 4->4
[2024-12-04T18:21:29.558+0100][0.801s] GC(2) Metaspace: 21127K(21504K)->21127K(21504K) NonClass: 18769K(18944K)->18769K(18944K) Class: 2358K(2560K)->2358K(2560K)
[2024-12-04T18:21:29.558+0100][0.801s] GC(2) Pause Young (Concurrent Start) (Metadata GC Threshold) 126M->24M(512M) 2.022ms
[2024-12-04T18:21:29.558+0100][0.801s] GC(2) User=0.02s Sys=0.00s Real=0.01s
[2024-12-04T18:21:29.558+0100][0.801s] GC(3) Concurrent Mark Cycle
[2024-12-04T18:21:29.558+0100][0.801s] GC(3) Concurrent Scan Root Regions
[2024-12-04T18:21:29.560+0100][0.802s] GC(3) Concurrent Scan Root Regions 1.382ms
[2024-12-04T18:21:29.560+0100][0.802s] GC(3) Concurrent Mark
[2024-12-04T18:21:29.560+0100][0.802s] GC(3) Concurrent Mark From Roots
[2024-12-04T18:21:29.560+0100][0.802s] GC(3) Using 4 workers of 4 for marking
[2024-12-04T18:21:29.562+0100][0.804s] GC(3) Concurrent Mark From Roots 2.290ms
[2024-12-04T18:21:29.562+0100][0.804s] GC(3) Concurrent Preclean
[2024-12-04T18:21:29.562+0100][0.804s] GC(3) Concurrent Preclean 0.028ms
[2024-12-04T18:21:29.562+0100][0.804s] GC(3) Pause Remark
[2024-12-04T18:21:29.563+0100][0.805s] GC(3) Pause Remark 25M->25M(512M) 0.912ms
[2024-12-04T18:21:29.563+0100][0.805s] GC(3) User=0.00s Sys=0.00s Real=0.00s
[2024-12-04T18:21:29.563+0100][0.805s] GC(3) Concurrent Mark 3.383ms
[2024-12-04T18:21:29.563+0100][0.805s] GC(3) Concurrent Rebuild Remembered Sets and Scrub Regions
[2024-12-04T18:21:29.565+0100][0.807s] GC(3) Concurrent Rebuild Remembered Sets and Scrub Regions 1.377ms
[2024-12-04T18:21:29.565+0100][0.807s] GC(3) Pause Cleanup
[2024-12-04T18:21:29.565+0100][0.807s] GC(3) Pause Cleanup 25M->25M(512M) 0.077ms
[2024-12-04T18:21:29.565+0100][0.807s] GC(3) User=0.00s Sys=0.00s Real=0.00s
[2024-12-04T18:21:29.565+0100][0.807s] GC(3) Concurrent Clear Claimed Marks
[2024-12-04T18:21:29.565+0100][0.807s] GC(3) Concurrent Clear Claimed Marks 0.018ms
[2024-12-04T18:21:29.565+0100][0.807s] GC(3) Concurrent Cleanup for Next Mark
[2024-12-04T18:21:29.565+0100][0.807s] GC(3) Concurrent Cleanup for Next Mark 0.185ms
[2024-12-04T18:21:29.565+0100][0.807s] GC(3) Concurrent Mark Cycle 6.614ms
[2024-12-04T18:21:29.975+0100][1.218s] GC(4) Pause Young (Prepare Mixed) (Metadata GC Threshold)
[2024-12-04T18:21:29.975+0100][1.218s] GC(4) Using 15 workers of 15 for evacuation
[2024-12-04T18:21:29.978+0100][1.221s] GC(4)   Pre Evacuate Collection Set: 0.3ms
[2024-12-04T18:21:29.978+0100][1.221s] GC(4)   Merge Heap Roots: 0.1ms
[2024-12-04T18:21:29.978+0100][1.221s] GC(4)   Evacuate Collection Set: 2.3ms
[2024-12-04T18:21:29.978+0100][1.221s] GC(4)   Post Evacuate Collection Set: 0.3ms
[2024-12-04T18:21:29.978+0100][1.221s] GC(4)   Other: 0.0ms
[2024-12-04T18:21:29.978+0100][1.221s] GC(4) Eden regions: 80->0(291)
[2024-12-04T18:21:29.978+0100][1.221s] GC(4) Survivor regions: 13->16(39)
[2024-12-04T18:21:29.978+0100][1.221s] GC(4) Old regions: 9->9
[2024-12-04T18:21:29.978+0100][1.221s] GC(4) Humongous regions: 4->4
[2024-12-04T18:21:29.978+0100][1.221s] GC(4) Metaspace: 35895K(36416K)->35895K(36416K) NonClass: 31852K(32128K)->31852K(32128K) Class: 4042K(4288K)->4042K(4288K)
[2024-12-04T18:21:29.978+0100][1.221s] GC(4) Pause Young (Prepare Mixed) (Metadata GC Threshold) 104M->27M(512M) 3.170ms
[2024-12-04T18:21:29.978+0100][1.221s] GC(4) User=0.03s Sys=0.00s Real=0.01s
[2024-12-04T18:21:29.988+0100][1.230s] GC(5) Pause Young (Mixed) (Metadata GC Threshold)
[2024-12-04T18:21:29.988+0100][1.230s] GC(5) Using 15 workers of 15 for evacuation
[2024-12-04T18:21:29.991+0100][1.233s] GC(5)   Pre Evacuate Collection Set: 0.1ms
[2024-12-04T18:21:29.991+0100][1.233s] GC(5)   Merge Heap Roots: 0.0ms
[2024-12-04T18:21:29.991+0100][1.233s] GC(5)   Evacuate Collection Set: 2.1ms
[2024-12-04T18:21:29.991+0100][1.233s] GC(5)   Post Evacuate Collection Set: 0.4ms
[2024-12-04T18:21:29.991+0100][1.233s] GC(5)   Other: 0.1ms
[2024-12-04T18:21:29.991+0100][1.233s] GC(5) Eden regions: 3->0(290)
[2024-12-04T18:21:29.991+0100][1.233s] GC(5) Survivor regions: 16->17(39)
[2024-12-04T18:21:29.991+0100][1.233s] GC(5) Old regions: 9->8
[2024-12-04T18:21:29.991+0100][1.233s] GC(5) Humongous regions: 4->4
[2024-12-04T18:21:29.991+0100][1.233s] GC(5) Metaspace: 36176K(36736K)->36176K(36736K) NonClass: 32103K(32384K)->32103K(32384K) Class: 4072K(4352K)->4072K(4352K)
[2024-12-04T18:21:29.991+0100][1.233s] GC(5) Pause Young (Mixed) (Metadata GC Threshold) 29M->27M(512M) 2.786ms
[2024-12-04T18:21:29.991+0100][1.233s] GC(5) User=0.03s Sys=0.00s Real=0.00s
[2024-12-04T18:21:29.995+0100][1.238s] GC(6) Pause Young (Concurrent Start) (Metadata GC Threshold)
[2024-12-04T18:21:29.996+0100][1.238s] GC(6) Using 15 workers of 15 for evacuation
[2024-12-04T18:21:29.998+0100][1.241s] GC(6)   Pre Evacuate Collection Set: 0.1ms
[2024-12-04T18:21:29.998+0100][1.241s] GC(6)   Merge Heap Roots: 0.0ms
[2024-12-04T18:21:29.998+0100][1.241s] GC(6)   Evacuate Collection Set: 2.2ms
[2024-12-04T18:21:29.998+0100][1.241s] GC(6)   Post Evacuate Collection Set: 0.3ms
[2024-12-04T18:21:29.998+0100][1.241s] GC(6)   Other: 0.1ms
[2024-12-04T18:21:29.998+0100][1.241s] GC(6) Eden regions: 1->0(290)
[2024-12-04T18:21:29.998+0100][1.241s] GC(6) Survivor regions: 17->17(39)
[2024-12-04T18:21:29.998+0100][1.241s] GC(6) Old regions: 8->8
[2024-12-04T18:21:29.998+0100][1.241s] GC(6) Humongous regions: 4->4
[2024-12-04T18:21:29.998+0100][1.241s] GC(6) Metaspace: 36451K(37056K)->36451K(37056K) NonClass: 32359K(32640K)->32359K(32640K) Class: 4091K(4416K)->4091K(4416K)
[2024-12-04T18:21:29.998+0100][1.241s] GC(6) Pause Young (Concurrent Start) (Metadata GC Threshold) 28M->27M(512M) 2.897ms
[2024-12-04T18:21:29.998+0100][1.241s] GC(6) User=0.04s Sys=0.01s Real=0.01s
[2024-12-04T18:21:29.998+0100][1.241s] GC(7) Concurrent Mark Cycle
[2024-12-04T18:21:29.998+0100][1.241s] GC(7) Concurrent Scan Root Regions
[2024-12-04T18:21:30.000+0100][1.242s] GC(7) Concurrent Scan Root Regions 1.223ms
[2024-12-04T18:21:30.000+0100][1.242s] GC(7) Concurrent Mark
[2024-12-04T18:21:30.000+0100][1.242s] GC(7) Concurrent Mark From Roots
[2024-12-04T18:21:30.000+0100][1.242s] GC(7) Using 4 workers of 4 for marking
[2024-12-04T18:21:30.002+0100][1.244s] GC(7) Concurrent Mark From Roots 2.188ms
[2024-12-04T18:21:30.002+0100][1.244s] GC(7) Concurrent Preclean
[2024-12-04T18:21:30.002+0100][1.244s] GC(7) Concurrent Preclean 0.014ms
[2024-12-04T18:21:30.002+0100][1.244s] GC(7) Pause Remark
[2024-12-04T18:21:30.004+0100][1.246s] GC(7) Pause Remark 28M->28M(512M) 1.980ms
[2024-12-04T18:21:30.004+0100][1.246s] GC(7) User=0.01s Sys=0.00s Real=0.00s
[2024-12-04T18:21:30.004+0100][1.246s] GC(7) Concurrent Mark 4.293ms
[2024-12-04T18:21:30.004+0100][1.246s] GC(7) Concurrent Rebuild Remembered Sets and Scrub Regions
[2024-12-04T18:21:30.006+0100][1.248s] GC(7) Concurrent Rebuild Remembered Sets and Scrub Regions 1.792ms
[2024-12-04T18:21:30.006+0100][1.248s] GC(7) Pause Cleanup
[2024-12-04T18:21:30.006+0100][1.248s] GC(7) Pause Cleanup 28M->28M(512M) 0.096ms
[2024-12-04T18:21:30.006+0100][1.248s] GC(7) User=0.00s Sys=0.00s Real=0.00s
[2024-12-04T18:21:30.006+0100][1.248s] GC(7) Concurrent Clear Claimed Marks
[2024-12-04T18:21:30.006+0100][1.248s] GC(7) Concurrent Clear Claimed Marks 0.033ms
[2024-12-04T18:21:30.006+0100][1.248s] GC(7) Concurrent Cleanup for Next Mark
[2024-12-04T18:21:30.006+0100][1.249s] GC(7) Concurrent Cleanup for Next Mark 0.276ms
[2024-12-04T18:21:30.006+0100][1.249s] GC(7) Concurrent Mark Cycle 7.932ms
[2024-12-04T18:21:43.008+0100][14.251s] GC(8) Pause Young (Concurrent Start) (Metadata GC Threshold)
[2024-12-04T18:21:43.008+0100][14.251s] GC(8) Using 15 workers of 15 for evacuation
[2024-12-04T18:21:43.016+0100][14.258s] GC(8)   Pre Evacuate Collection Set: 0.2ms
[2024-12-04T18:21:43.016+0100][14.258s] GC(8)   Merge Heap Roots: 0.1ms
[2024-12-04T18:21:43.016+0100][14.258s] GC(8)   Evacuate Collection Set: 6.3ms
[2024-12-04T18:21:43.016+0100][14.258s] GC(8)   Post Evacuate Collection Set: 0.9ms
[2024-12-04T18:21:43.016+0100][14.258s] GC(8)   Other: 0.1ms
[2024-12-04T18:21:43.016+0100][14.258s] GC(8) Eden regions: 209->0(272)
[2024-12-04T18:21:43.016+0100][14.258s] GC(8) Survivor regions: 17->35(39)
[2024-12-04T18:21:43.016+0100][14.258s] GC(8) Old regions: 8->8
[2024-12-04T18:21:43.016+0100][14.258s] GC(8) Humongous regions: 4->4
[2024-12-04T18:21:43.016+0100][14.258s] GC(8) Metaspace: 61249K(62016K)->61249K(62016K) NonClass: 53950K(54336K)->53950K(54336K) Class: 7298K(7680K)->7298K(7680K)
[2024-12-04T18:21:43.016+0100][14.258s] GC(8) Pause Young (Concurrent Start) (Metadata GC Threshold) 236M->45M(512M) 7.743ms
[2024-12-04T18:21:43.016+0100][14.258s] GC(9) Concurrent Mark Cycle
[2024-12-04T18:21:43.016+0100][14.258s] GC(8) User=0.09s Sys=0.00s Real=0.00s
[2024-12-04T18:21:43.016+0100][14.258s] GC(9) Concurrent Scan Root Regions
[2024-12-04T18:21:43.020+0100][14.262s] GC(9) Concurrent Scan Root Regions 3.405ms
[2024-12-04T18:21:43.020+0100][14.262s] GC(9) Concurrent Mark
[2024-12-04T18:21:43.020+0100][14.262s] GC(9) Concurrent Mark From Roots
[2024-12-04T18:21:43.020+0100][14.262s] GC(9) Using 4 workers of 4 for marking
[2024-12-04T18:21:43.022+0100][14.264s] GC(9) Concurrent Mark From Roots 2.424ms
[2024-12-04T18:21:43.022+0100][14.264s] GC(9) Concurrent Preclean
[2024-12-04T18:21:43.022+0100][14.264s] GC(9) Concurrent Preclean 0.011ms
[2024-12-04T18:21:43.022+0100][14.264s] GC(9) Pause Remark
[2024-12-04T18:21:43.024+0100][14.266s] GC(9) Pause Remark 47M->47M(512M) 1.439ms
[2024-12-04T18:21:43.024+0100][14.266s] GC(9) User=0.02s Sys=0.00s Real=0.00s
[2024-12-04T18:21:43.024+0100][14.266s] GC(9) Concurrent Mark 4.008ms
[2024-12-04T18:21:43.024+0100][14.266s] GC(9) Concurrent Rebuild Remembered Sets and Scrub Regions
[2024-12-04T18:21:43.025+0100][14.268s] GC(9) Concurrent Rebuild Remembered Sets and Scrub Regions 1.757ms
[2024-12-04T18:21:43.025+0100][14.268s] GC(9) Pause Cleanup
[2024-12-04T18:21:43.026+0100][14.268s] GC(9) Pause Cleanup 47M->47M(512M) 0.056ms
[2024-12-04T18:21:43.026+0100][14.268s] GC(9) User=0.00s Sys=0.00s Real=0.00s
[2024-12-04T18:21:43.026+0100][14.268s] GC(9) Concurrent Clear Claimed Marks
[2024-12-04T18:21:43.026+0100][14.268s] GC(9) Concurrent Clear Claimed Marks 0.049ms
[2024-12-04T18:21:43.026+0100][14.268s] GC(9) Concurrent Cleanup for Next Mark
[2024-12-04T18:21:43.026+0100][14.268s] GC(9) Concurrent Cleanup for Next Mark 0.277ms
[2024-12-04T18:21:43.026+0100][14.268s] GC(9) Concurrent Mark Cycle 9.715ms
[2024-12-04T18:24:02.115+0100][153.357s] GC(10) Pause Young (Normal) (G1 Evacuation Pause)
[2024-12-04T18:24:02.115+0100][153.357s] GC(10) Using 15 workers of 15 for evacuation
[2024-12-04T18:24:02.123+0100][153.365s] GC(10)   Pre Evacuate Collection Set: 0.1ms
[2024-12-04T18:24:02.123+0100][153.365s] GC(10)   Merge Heap Roots: 0.1ms
[2024-12-04T18:24:02.123+0100][153.365s] GC(10)   Evacuate Collection Set: 6.0ms
[2024-12-04T18:24:02.123+0100][153.365s] GC(10)   Post Evacuate Collection Set: 1.3ms
[2024-12-04T18:24:02.123+0100][153.365s] GC(10)   Other: 0.1ms
[2024-12-04T18:24:02.123+0100][153.365s] GC(10) Eden regions: 272->0(284)
[2024-12-04T18:24:02.123+0100][153.365s] GC(10) Survivor regions: 35->23(39)
[2024-12-04T18:24:02.123+0100][153.365s] GC(10) Old regions: 8->23
[2024-12-04T18:24:02.123+0100][153.365s] GC(10) Humongous regions: 4->4
[2024-12-04T18:24:02.123+0100][153.365s] GC(10) Metaspace: 65315K(66112K)->65315K(66112K) NonClass: 57805K(58240K)->57805K(58240K) Class: 7509K(7872K)->7509K(7872K)
[2024-12-04T18:24:02.123+0100][153.365s] GC(10) Pause Young (Normal) (G1 Evacuation Pause) 317M->48M(512M) 7.832ms
[2024-12-04T18:24:02.123+0100][153.365s] GC(10) User=0.08s Sys=0.01s Real=0.01s
[2024-12-04T18:25:38.930+0100][250.173s] GC(11) Pause Young (Normal) (G1 Evacuation Pause)
[2024-12-04T18:25:38.931+0100][250.173s] GC(11) Using 15 workers of 15 for evacuation
[2024-12-04T18:25:38.935+0100][250.177s] GC(11)   Pre Evacuate Collection Set: 0.1ms
[2024-12-04T18:25:38.935+0100][250.177s] GC(11)   Merge Heap Roots: 0.1ms
[2024-12-04T18:25:38.935+0100][250.177s] GC(11)   Evacuate Collection Set: 3.4ms
[2024-12-04T18:25:38.935+0100][250.177s] GC(11)   Post Evacuate Collection Set: 0.5ms
[2024-12-04T18:25:38.935+0100][250.177s] GC(11)   Other: 0.1ms
[2024-12-04T18:25:38.935+0100][250.177s] GC(11) Eden regions: 284->0(300)
[2024-12-04T18:25:38.935+0100][250.177s] GC(11) Survivor regions: 23->7(39)
[2024-12-04T18:25:38.935+0100][250.177s] GC(11) Old regions: 23->42
[2024-12-04T18:25:38.935+0100][250.177s] GC(11) Humongous regions: 4->4
[2024-12-04T18:25:38.935+0100][250.177s] GC(11) Metaspace: 65549K(66368K)->65549K(66368K) NonClass: 58037K(58496K)->58037K(58496K) Class: 7512K(7872K)->7512K(7872K)
[2024-12-04T18:25:38.935+0100][250.177s] GC(11) Pause Young (Normal) (G1 Evacuation Pause) 332M->52M(512M) 4.339ms
[2024-12-04T18:25:38.935+0100][250.177s] GC(11) User=0.05s Sys=0.00s Real=0.00s
[2024-12-04T18:28:11.300+0100][402.543s] GC(12) Pause Young (Normal) (G1 Evacuation Pause)
[2024-12-04T18:28:11.300+0100][402.543s] GC(12) Using 15 workers of 15 for evacuation
[2024-12-04T18:28:11.302+0100][402.544s] GC(12)   Pre Evacuate Collection Set: 0.1ms
[2024-12-04T18:28:11.302+0100][402.544s] GC(12)   Merge Heap Roots: 0.1ms
[2024-12-04T18:28:11.302+0100][402.544s] GC(12)   Evacuate Collection Set: 0.9ms
[2024-12-04T18:28:11.302+0100][402.544s] GC(12)   Post Evacuate Collection Set: 0.3ms
[2024-12-04T18:28:11.302+0100][402.544s] GC(12)   Other: 0.0ms
[2024-12-04T18:28:11.302+0100][402.544s] GC(12) Eden regions: 300->0(300)
[2024-12-04T18:28:11.302+0100][402.544s] GC(12) Survivor regions: 7->7(39)
[2024-12-04T18:28:11.302+0100][402.544s] GC(12) Old regions: 42->42
[2024-12-04T18:28:11.302+0100][402.544s] GC(12) Humongous regions: 4->4
[2024-12-04T18:28:11.302+0100][402.544s] GC(12) Metaspace: 65620K(66432K)->65620K(66432K) NonClass: 58107K(58560K)->58107K(58560K) Class: 7512K(7872K)->7512K(7872K)
[2024-12-04T18:28:11.302+0100][402.544s] GC(12) Pause Young (Normal) (G1 Evacuation Pause) 352M->52M(512M) 1.467ms
[2024-12-04T18:28:11.302+0100][402.544s] GC(12) User=0.02s Sys=0.00s Real=0.00s
[2024-12-04T18:28:15.252+0100][406.495s] GC(13) Pause Young (Normal) (G1 Evacuation Pause)
[2024-12-04T18:28:15.252+0100][406.495s] GC(13) Using 15 workers of 15 for evacuation
[2024-12-04T18:28:15.254+0100][406.496s] GC(13)   Pre Evacuate Collection Set: 0.1ms
[2024-12-04T18:28:15.254+0100][406.496s] GC(13)   Merge Heap Roots: 0.0ms
[2024-12-04T18:28:15.254+0100][406.496s] GC(13)   Evacuate Collection Set: 0.7ms
[2024-12-04T18:28:15.254+0100][406.496s] GC(13)   Post Evacuate Collection Set: 0.3ms
[2024-12-04T18:28:15.254+0100][406.496s] GC(13)   Other: 0.0ms
[2024-12-04T18:28:15.254+0100][406.496s] GC(13) Eden regions: 300->0(300)
[2024-12-04T18:28:15.254+0100][406.496s] GC(13) Survivor regions: 7->7(39)
[2024-12-04T18:28:15.254+0100][406.496s] GC(13) Old regions: 42->42
[2024-12-04T18:28:15.254+0100][406.496s] GC(13) Humongous regions: 4->4
[2024-12-04T18:28:15.254+0100][406.496s] GC(13) Metaspace: 65620K(66432K)->65620K(66432K) NonClass: 58107K(58560K)->58107K(58560K) Class: 7512K(7872K)->7512K(7872K)
[2024-12-04T18:28:15.254+0100][406.496s] GC(13) Pause Young (Normal) (G1 Evacuation Pause) 352M->52M(512M) 1.290ms
[2024-12-04T18:28:15.254+0100][406.496s] GC(13) User=0.02s Sys=0.00s Real=0.00s
[2024-12-04T18:41:19.855+0100][1191.097s] Heap
[2024-12-04T18:41:19.855+0100][1191.097s]  garbage-first heap   total 524288K, used 167897K [0x00000000e0000000, 0x0000000100000000)
[2024-12-04T18:41:19.855+0100][1191.097s]   region size 1024K, 119 young (121856K), 7 survivors (7168K)
[2024-12-04T18:41:19.855+0100][1191.097s]  Metaspace       used 65991K, committed 66752K, reserved 1114112K
[2024-12-04T18:41:19.855+0100][1191.097s]   class space    used 7571K, committed 7936K, reserved 1048576K
