[2024-11-27T17:59:13.915+0100][0.011s] CardTable entry size: 512
[2024-11-27T17:59:13.915+0100][0.012s] Using G1
[2024-11-27T17:59:13.996+0100][0.093s] Version: 21.0.5+11-Ubuntu-1ubuntu124.04 (release)
[2024-11-27T17:59:13.996+0100][0.093s] CPUs: 20 total, 20 available
[2024-11-27T17:59:13.997+0100][0.093s] Memory: 15660M
[2024-11-27T17:59:13.997+0100][0.093s] Large Page Support: Disabled
[2024-11-27T17:59:13.997+0100][0.093s] NUMA Support: Disabled
[2024-11-27T17:59:13.997+0100][0.093s] Compressed Oops: Enabled (32-bit)
[2024-11-27T17:59:13.997+0100][0.093s] Heap Region Size: 1M
[2024-11-27T17:59:13.997+0100][0.093s] Heap Min Capacity: 512M
[2024-11-27T17:59:13.997+0100][0.093s] Heap Initial Capacity: 512M
[2024-11-27T17:59:13.997+0100][0.093s] Heap Max Capacity: 512M
[2024-11-27T17:59:13.997+0100][0.093s] Pre-touch: Enabled
[2024-11-27T17:59:13.997+0100][0.093s] Parallel Workers: 15
[2024-11-27T17:59:13.997+0100][0.093s] Concurrent Workers: 4
[2024-11-27T17:59:13.997+0100][0.093s] Concurrent Refinement Workers: 15
[2024-11-27T17:59:13.997+0100][0.093s] Periodic GC: Disabled
[2024-11-27T17:59:14.009+0100][0.105s] CDS archive(s) mapped at: [0x00007bdfab000000-0x00007bdfabc97000-0x00007bdfabc97000), size 13201408, SharedBaseAddress: 0x00007bdfab000000, ArchiveRelocationMode: 1.
[2024-11-27T17:59:14.009+0100][0.105s] Compressed class space mapped at: 0x00007bdfac000000-0x00007bdfec000000, reserved size: 1073741824
[2024-11-27T17:59:14.009+0100][0.106s] Narrow klass base: 0x00007bdfab000000, Narrow klass shift: 0, Narrow klass range: 0x100000000
[2024-11-27T17:59:14.712+0100][0.808s] GC(0) Pause Young (Normal) (G1 Evacuation Pause)
[2024-11-27T17:59:14.712+0100][0.809s] GC(0) Using 12 workers of 15 for evacuation
[2024-11-27T17:59:14.716+0100][0.813s] GC(0)   Pre Evacuate Collection Set: 0.4ms
[2024-11-27T17:59:14.717+0100][0.813s] GC(0)   Merge Heap Roots: 0.1ms
[2024-11-27T17:59:14.717+0100][0.813s] GC(0)   Evacuate Collection Set: 2.6ms
[2024-11-27T17:59:14.717+0100][0.813s] GC(0)   Post Evacuate Collection Set: 1.0ms
[2024-11-27T17:59:14.717+0100][0.813s] GC(0)   Other: 0.2ms
[2024-11-27T17:59:14.717+0100][0.813s] GC(0) Eden regions: 29->0(56)
[2024-11-27T17:59:14.717+0100][0.813s] GC(0) Survivor regions: 0->4(4)
[2024-11-27T17:59:14.717+0100][0.813s] GC(0) Old regions: 2->2
[2024-11-27T17:59:14.717+0100][0.813s] GC(0) Humongous regions: 0->0
[2024-11-27T17:59:14.717+0100][0.813s] GC(0) Metaspace: 7665K(7872K)->7665K(7872K) NonClass: 6803K(6912K)->6803K(6912K) Class: 861K(960K)->861K(960K)
[2024-11-27T17:59:14.717+0100][0.813s] GC(0) Pause Young (Normal) (G1 Evacuation Pause) 30M->4M(512M) 4.759ms
[2024-11-27T17:59:14.717+0100][0.813s] GC(0) User=0.03s Sys=0.00s Real=0.00s
[2024-11-27T17:59:15.789+0100][1.885s] GC(1) Pause Young (Normal) (G1 Evacuation Pause)
[2024-11-27T17:59:15.789+0100][1.885s] GC(1) Using 15 workers of 15 for evacuation
[2024-11-27T17:59:15.796+0100][1.892s] GC(1)   Pre Evacuate Collection Set: 0.3ms
[2024-11-27T17:59:15.796+0100][1.892s] GC(1)   Merge Heap Roots: 0.2ms
[2024-11-27T17:59:15.796+0100][1.892s] GC(1)   Evacuate Collection Set: 5.8ms
[2024-11-27T17:59:15.796+0100][1.892s] GC(1)   Post Evacuate Collection Set: 0.5ms
[2024-11-27T17:59:15.796+0100][1.892s] GC(1)   Other: 0.1ms
[2024-11-27T17:59:15.796+0100][1.892s] GC(1) Eden regions: 56->0(75)
[2024-11-27T17:59:15.796+0100][1.892s] GC(1) Survivor regions: 4->8(8)
[2024-11-27T17:59:15.796+0100][1.892s] GC(1) Old regions: 2->9
[2024-11-27T17:59:15.796+0100][1.892s] GC(1) Humongous regions: 4->4
[2024-11-27T17:59:15.796+0100][1.892s] GC(1) Metaspace: 19969K(20352K)->19969K(20352K) NonClass: 17728K(17920K)->17728K(17920K) Class: 2240K(2432K)->2240K(2432K)
[2024-11-27T17:59:15.796+0100][1.892s] GC(1) Pause Young (Normal) (G1 Evacuation Pause) 64M->19M(512M) 7.016ms
[2024-11-27T17:59:15.796+0100][1.892s] GC(1) User=0.10s Sys=0.01s Real=0.00s
[2024-11-27T17:59:15.950+0100][2.047s] GC(2) Pause Young (Normal) (G1 Evacuation Pause)
[2024-11-27T17:59:15.951+0100][2.047s] GC(2) Using 15 workers of 15 for evacuation
[2024-11-27T17:59:15.955+0100][2.051s] GC(2)   Pre Evacuate Collection Set: 0.5ms
[2024-11-27T17:59:15.955+0100][2.051s] GC(2)   Merge Heap Roots: 0.1ms
[2024-11-27T17:59:15.955+0100][2.051s] GC(2)   Evacuate Collection Set: 2.9ms
[2024-11-27T17:59:15.955+0100][2.051s] GC(2)   Post Evacuate Collection Set: 0.6ms
[2024-11-27T17:59:15.955+0100][2.051s] GC(2)   Other: 0.1ms
[2024-11-27T17:59:15.955+0100][2.051s] GC(2) Eden regions: 75->0(302)
[2024-11-27T17:59:15.955+0100][2.051s] GC(2) Survivor regions: 8->5(11)
[2024-11-27T17:59:15.955+0100][2.051s] GC(2) Old regions: 9->17
[2024-11-27T17:59:15.955+0100][2.051s] GC(2) Humongous regions: 4->4
[2024-11-27T17:59:15.955+0100][2.051s] GC(2) Metaspace: 20142K(20544K)->20142K(20544K) NonClass: 17899K(18112K)->17899K(18112K) Class: 2243K(2432K)->2243K(2432K)
[2024-11-27T17:59:15.955+0100][2.051s] GC(2) Pause Young (Normal) (G1 Evacuation Pause) 94M->24M(512M) 4.474ms
[2024-11-27T17:59:15.955+0100][2.051s] GC(2) User=0.06s Sys=0.00s Real=0.00s
[2024-11-27T17:59:16.174+0100][2.270s] GC(3) Pause Young (Concurrent Start) (Metadata GC Threshold)
[2024-11-27T17:59:16.174+0100][2.270s] GC(3) Using 15 workers of 15 for evacuation
[2024-11-27T17:59:16.176+0100][2.273s] GC(3)   Pre Evacuate Collection Set: 0.3ms
[2024-11-27T17:59:16.176+0100][2.273s] GC(3)   Merge Heap Roots: 0.1ms
[2024-11-27T17:59:16.176+0100][2.273s] GC(3)   Evacuate Collection Set: 1.3ms
[2024-11-27T17:59:16.176+0100][2.273s] GC(3)   Post Evacuate Collection Set: 0.6ms
[2024-11-27T17:59:16.176+0100][2.273s] GC(3)   Other: 0.1ms
[2024-11-27T17:59:16.176+0100][2.273s] GC(3) Eden regions: 31->0(302)
[2024-11-27T17:59:16.176+0100][2.273s] GC(3) Survivor regions: 5->5(39)
[2024-11-27T17:59:16.176+0100][2.273s] GC(3) Old regions: 17->17
[2024-11-27T17:59:16.176+0100][2.273s] GC(3) Humongous regions: 4->4
[2024-11-27T17:59:16.176+0100][2.273s] GC(3) Metaspace: 21123K(21504K)->21123K(21504K) NonClass: 18765K(18944K)->18765K(18944K) Class: 2358K(2560K)->2358K(2560K)
[2024-11-27T17:59:16.176+0100][2.273s] GC(3) Pause Young (Concurrent Start) (Metadata GC Threshold) 55M->24M(512M) 2.537ms
[2024-11-27T17:59:16.176+0100][2.273s] GC(3) User=0.01s Sys=0.01s Real=0.00s
[2024-11-27T17:59:16.176+0100][2.273s] GC(4) Concurrent Mark Cycle
[2024-11-27T17:59:16.176+0100][2.273s] GC(4) Concurrent Scan Root Regions
[2024-11-27T17:59:16.178+0100][2.274s] GC(4) Concurrent Scan Root Regions 1.064ms
[2024-11-27T17:59:16.178+0100][2.274s] GC(4) Concurrent Mark
[2024-11-27T17:59:16.178+0100][2.274s] GC(4) Concurrent Mark From Roots
[2024-11-27T17:59:16.178+0100][2.274s] GC(4) Using 4 workers of 4 for marking
[2024-11-27T17:59:16.188+0100][2.284s] GC(4) Concurrent Mark From Roots 9.963ms
[2024-11-27T17:59:16.188+0100][2.284s] GC(4) Concurrent Preclean
[2024-11-27T17:59:16.188+0100][2.284s] GC(4) Concurrent Preclean 0.236ms
[2024-11-27T17:59:16.188+0100][2.284s] GC(4) Pause Remark
[2024-11-27T17:59:16.191+0100][2.287s] GC(4) Pause Remark 25M->25M(512M) 2.490ms
[2024-11-27T17:59:16.191+0100][2.287s] GC(4) User=0.01s Sys=0.00s Real=0.01s
[2024-11-27T17:59:16.191+0100][2.287s] GC(4) Concurrent Mark 13.022ms
[2024-11-27T17:59:16.191+0100][2.287s] GC(4) Concurrent Rebuild Remembered Sets and Scrub Regions
[2024-11-27T17:59:16.194+0100][2.291s] GC(4) Concurrent Rebuild Remembered Sets and Scrub Regions 3.842ms
[2024-11-27T17:59:16.195+0100][2.291s] GC(4) Pause Cleanup
[2024-11-27T17:59:16.195+0100][2.291s] GC(4) Pause Cleanup 25M->25M(512M) 0.195ms
[2024-11-27T17:59:16.195+0100][2.291s] GC(4) User=0.00s Sys=0.00s Real=0.00s
[2024-11-27T17:59:16.195+0100][2.291s] GC(4) Concurrent Clear Claimed Marks
[2024-11-27T17:59:16.195+0100][2.291s] GC(4) Concurrent Clear Claimed Marks 0.064ms
[2024-11-27T17:59:16.195+0100][2.291s] GC(4) Concurrent Cleanup for Next Mark
[2024-11-27T17:59:16.195+0100][2.292s] GC(4) Concurrent Cleanup for Next Mark 0.290ms
[2024-11-27T17:59:16.195+0100][2.292s] GC(4) Concurrent Mark Cycle 18.970ms
[2024-11-27T17:59:17.284+0100][3.381s] GC(5) Pause Young (Prepare Mixed) (Metadata GC Threshold)
[2024-11-27T17:59:17.284+0100][3.381s] GC(5) Using 15 workers of 15 for evacuation
[2024-11-27T17:59:17.288+0100][3.385s] GC(5)   Pre Evacuate Collection Set: 0.3ms
[2024-11-27T17:59:17.288+0100][3.385s] GC(5)   Merge Heap Roots: 0.1ms
[2024-11-27T17:59:17.288+0100][3.385s] GC(5)   Evacuate Collection Set: 2.7ms
[2024-11-27T17:59:17.288+0100][3.385s] GC(5)   Post Evacuate Collection Set: 0.6ms
[2024-11-27T17:59:17.288+0100][3.385s] GC(5)   Other: 0.1ms
[2024-11-27T17:59:17.288+0100][3.385s] GC(5) Eden regions: 92->0(299)
[2024-11-27T17:59:17.288+0100][3.385s] GC(5) Survivor regions: 5->8(39)
[2024-11-27T17:59:17.288+0100][3.385s] GC(5) Old regions: 17->17
[2024-11-27T17:59:17.288+0100][3.385s] GC(5) Humongous regions: 4->4
[2024-11-27T17:59:17.288+0100][3.385s] GC(5) Metaspace: 35903K(36416K)->35903K(36416K) NonClass: 31860K(32128K)->31860K(32128K) Class: 4042K(4288K)->4042K(4288K)
[2024-11-27T17:59:17.288+0100][3.385s] GC(5) Pause Young (Prepare Mixed) (Metadata GC Threshold) 115M->26M(512M) 3.899ms
[2024-11-27T17:59:17.288+0100][3.385s] GC(5) User=0.04s Sys=0.00s Real=0.00s
[2024-11-27T17:59:17.300+0100][3.396s] GC(6) Pause Young (Mixed) (Metadata GC Threshold)
[2024-11-27T17:59:17.300+0100][3.397s] GC(6) Using 15 workers of 15 for evacuation
[2024-11-27T17:59:17.304+0100][3.400s] GC(6)   Pre Evacuate Collection Set: 0.2ms
[2024-11-27T17:59:17.304+0100][3.400s] GC(6)   Merge Heap Roots: 0.0ms
[2024-11-27T17:59:17.304+0100][3.400s] GC(6)   Evacuate Collection Set: 2.7ms
[2024-11-27T17:59:17.304+0100][3.400s] GC(6)   Post Evacuate Collection Set: 0.5ms
[2024-11-27T17:59:17.304+0100][3.400s] GC(6)   Other: 0.1ms
[2024-11-27T17:59:17.304+0100][3.400s] GC(6) Eden regions: 2->0(299)
[2024-11-27T17:59:17.304+0100][3.400s] GC(6) Survivor regions: 8->8(39)
[2024-11-27T17:59:17.304+0100][3.400s] GC(6) Old regions: 17->16
[2024-11-27T17:59:17.304+0100][3.400s] GC(6) Humongous regions: 4->4
[2024-11-27T17:59:17.304+0100][3.400s] GC(6) Metaspace: 36145K(36736K)->36145K(36736K) NonClass: 32077K(32384K)->32077K(32384K) Class: 4067K(4352K)->4067K(4352K)
[2024-11-27T17:59:17.304+0100][3.400s] GC(6) Pause Young (Mixed) (Metadata GC Threshold) 28M->26M(512M) 3.702ms
[2024-11-27T17:59:17.304+0100][3.400s] GC(6) User=0.05s Sys=0.00s Real=0.00s
[2024-11-27T17:59:17.320+0100][3.417s] GC(7) Pause Young (Concurrent Start) (Metadata GC Threshold)
[2024-11-27T17:59:17.321+0100][3.417s] GC(7) Using 15 workers of 15 for evacuation
[2024-11-27T17:59:17.325+0100][3.422s] GC(7)   Pre Evacuate Collection Set: 0.2ms
[2024-11-27T17:59:17.325+0100][3.422s] GC(7)   Merge Heap Roots: 0.1ms
[2024-11-27T17:59:17.325+0100][3.422s] GC(7)   Evacuate Collection Set: 3.7ms
[2024-11-27T17:59:17.325+0100][3.422s] GC(7)   Post Evacuate Collection Set: 0.6ms
[2024-11-27T17:59:17.325+0100][3.422s] GC(7)   Other: 0.2ms
[2024-11-27T17:59:17.325+0100][3.422s] GC(7) Eden regions: 2->0(299)
[2024-11-27T17:59:17.325+0100][3.422s] GC(7) Survivor regions: 8->8(39)
[2024-11-27T17:59:17.325+0100][3.422s] GC(7) Old regions: 16->16
[2024-11-27T17:59:17.325+0100][3.422s] GC(7) Humongous regions: 4->4
[2024-11-27T17:59:17.325+0100][3.422s] GC(7) Metaspace: 36450K(37056K)->36450K(37056K) NonClass: 32352K(32640K)->32352K(32640K) Class: 4097K(4416K)->4097K(4416K)
[2024-11-27T17:59:17.325+0100][3.422s] GC(7) Pause Young (Concurrent Start) (Metadata GC Threshold) 28M->27M(512M) 5.028ms
[2024-11-27T17:59:17.326+0100][3.422s] GC(7) User=0.06s Sys=0.00s Real=0.00s
[2024-11-27T17:59:17.326+0100][3.422s] GC(8) Concurrent Mark Cycle
[2024-11-27T17:59:17.326+0100][3.422s] GC(8) Concurrent Scan Root Regions
[2024-11-27T17:59:17.328+0100][3.424s] GC(8) Concurrent Scan Root Regions 2.035ms
[2024-11-27T17:59:17.328+0100][3.424s] GC(8) Concurrent Mark
[2024-11-27T17:59:17.328+0100][3.424s] GC(8) Concurrent Mark From Roots
[2024-11-27T17:59:17.328+0100][3.424s] GC(8) Using 4 workers of 4 for marking
[2024-11-27T17:59:17.341+0100][3.438s] GC(8) Concurrent Mark From Roots 13.497ms
[2024-11-27T17:59:17.341+0100][3.438s] GC(8) Concurrent Preclean
[2024-11-27T17:59:17.341+0100][3.438s] GC(8) Concurrent Preclean 0.067ms
[2024-11-27T17:59:17.341+0100][3.438s] GC(8) Pause Remark
[2024-11-27T17:59:17.346+0100][3.442s] GC(8) Pause Remark 28M->28M(512M) 4.292ms
[2024-11-27T17:59:17.346+0100][3.442s] GC(8) User=0.03s Sys=0.00s Real=0.00s
[2024-11-27T17:59:17.346+0100][3.442s] GC(8) Concurrent Mark 18.167ms
[2024-11-27T17:59:17.346+0100][3.442s] GC(8) Concurrent Rebuild Remembered Sets and Scrub Regions
[2024-11-27T17:59:17.351+0100][3.447s] GC(8) Concurrent Rebuild Remembered Sets and Scrub Regions 5.224ms
[2024-11-27T17:59:17.352+0100][3.448s] GC(8) Pause Cleanup
[2024-11-27T17:59:17.352+0100][3.448s] GC(8) Pause Cleanup 28M->28M(512M) 0.297ms
[2024-11-27T17:59:17.352+0100][3.448s] GC(8) User=0.00s Sys=0.00s Real=0.00s
[2024-11-27T17:59:17.352+0100][3.448s] GC(8) Concurrent Clear Claimed Marks
[2024-11-27T17:59:17.352+0100][3.448s] GC(8) Concurrent Clear Claimed Marks 0.077ms
[2024-11-27T17:59:17.352+0100][3.448s] GC(8) Concurrent Cleanup for Next Mark
[2024-11-27T17:59:17.352+0100][3.449s] GC(8) Concurrent Cleanup for Next Mark 0.334ms
[2024-11-27T17:59:17.352+0100][3.449s] GC(8) Concurrent Mark Cycle 26.924ms
[2024-11-27T18:01:05.000+0100][111.097s] GC(9) Pause Young (Prepare Mixed) (Metadata GC Threshold)
[2024-11-27T18:01:05.000+0100][111.097s] GC(9) Using 15 workers of 15 for evacuation
[2024-11-27T18:01:05.012+0100][111.108s] GC(9)   Pre Evacuate Collection Set: 0.4ms
[2024-11-27T18:01:05.012+0100][111.108s] GC(9)   Merge Heap Roots: 0.1ms
[2024-11-27T18:01:05.012+0100][111.108s] GC(9)   Evacuate Collection Set: 9.5ms
[2024-11-27T18:01:05.012+0100][111.108s] GC(9)   Post Evacuate Collection Set: 1.2ms
[2024-11-27T18:01:05.012+0100][111.108s] GC(9)   Other: 0.2ms
[2024-11-27T18:01:05.012+0100][111.108s] GC(9) Eden regions: 210->0(280)
[2024-11-27T18:01:05.012+0100][111.108s] GC(9) Survivor regions: 8->27(39)
[2024-11-27T18:01:05.012+0100][111.108s] GC(9) Old regions: 16->16
[2024-11-27T18:01:05.012+0100][111.108s] GC(9) Humongous regions: 4->4
[2024-11-27T18:01:05.012+0100][111.108s] GC(9) Metaspace: 61362K(62080K)->61362K(62080K) NonClass: 54048K(54400K)->54048K(54400K) Class: 7314K(7680K)->7314K(7680K)
[2024-11-27T18:01:05.012+0100][111.108s] GC(9) Pause Young (Prepare Mixed) (Metadata GC Threshold) 236M->46M(512M) 11.512ms
[2024-11-27T18:01:05.012+0100][111.108s] GC(9) User=0.14s Sys=0.00s Real=0.01s
[2024-11-27T18:01:05.029+0100][111.125s] GC(10) Pause Young (Mixed) (Metadata GC Threshold)
[2024-11-27T18:01:05.029+0100][111.125s] GC(10) Using 15 workers of 15 for evacuation
[2024-11-27T18:01:05.039+0100][111.135s] GC(10)   Pre Evacuate Collection Set: 0.2ms
[2024-11-27T18:01:05.039+0100][111.135s] GC(10)   Merge Heap Roots: 0.1ms
[2024-11-27T18:01:05.039+0100][111.135s] GC(10)   Evacuate Collection Set: 8.2ms
[2024-11-27T18:01:05.039+0100][111.135s] GC(10)   Post Evacuate Collection Set: 1.0ms
[2024-11-27T18:01:05.039+0100][111.135s] GC(10)   Other: 0.1ms
[2024-11-27T18:01:05.039+0100][111.135s] GC(10) Eden regions: 3->0(286)
[2024-11-27T18:01:05.039+0100][111.135s] GC(10) Survivor regions: 27->21(39)
[2024-11-27T18:01:05.039+0100][111.135s] GC(10) Old regions: 16->23
[2024-11-27T18:01:05.039+0100][111.135s] GC(10) Humongous regions: 4->4
[2024-11-27T18:01:05.039+0100][111.135s] GC(10) Metaspace: 61596K(62400K)->61596K(62400K) NonClass: 54258K(54656K)->54258K(54656K) Class: 7338K(7744K)->7338K(7744K)
[2024-11-27T18:01:05.039+0100][111.135s] GC(10) Pause Young (Mixed) (Metadata GC Threshold) 48M->47M(512M) 9.894ms
[2024-11-27T18:01:05.039+0100][111.135s] GC(10) User=0.10s Sys=0.01s Real=0.01s
[2024-11-27T18:01:05.064+0100][111.161s] GC(11) Pause Young (Concurrent Start) (Metadata GC Threshold)
[2024-11-27T18:01:05.064+0100][111.161s] GC(11) Using 15 workers of 15 for evacuation
[2024-11-27T18:01:05.074+0100][111.170s] GC(11)   Pre Evacuate Collection Set: 0.3ms
[2024-11-27T18:01:05.074+0100][111.170s] GC(11)   Merge Heap Roots: 0.0ms
[2024-11-27T18:01:05.074+0100][111.170s] GC(11)   Evacuate Collection Set: 8.1ms
[2024-11-27T18:01:05.074+0100][111.170s] GC(11)   Post Evacuate Collection Set: 1.0ms
[2024-11-27T18:01:05.074+0100][111.170s] GC(11)   Other: 0.1ms
[2024-11-27T18:01:05.074+0100][111.170s] GC(11) Eden regions: 3->0(287)
[2024-11-27T18:01:05.074+0100][111.170s] GC(11) Survivor regions: 21->20(39)
[2024-11-27T18:01:05.074+0100][111.170s] GC(11) Old regions: 23->23
[2024-11-27T18:01:05.074+0100][111.170s] GC(11) Humongous regions: 4->4
[2024-11-27T18:01:05.074+0100][111.170s] GC(11) Metaspace: 61967K(62720K)->61967K(62720K) NonClass: 54578K(54976K)->54578K(54976K) Class: 7388K(7744K)->7388K(7744K)
[2024-11-27T18:01:05.074+0100][111.170s] GC(11) Pause Young (Concurrent Start) (Metadata GC Threshold) 49M->46M(512M) 9.868ms
[2024-11-27T18:01:05.074+0100][111.170s] GC(11) User=0.11s Sys=0.00s Real=0.01s
[2024-11-27T18:01:05.074+0100][111.171s] GC(12) Concurrent Mark Cycle
[2024-11-27T18:01:05.074+0100][111.171s] GC(12) Concurrent Scan Root Regions
[2024-11-27T18:01:05.083+0100][111.180s] GC(12) Concurrent Scan Root Regions 8.852ms
[2024-11-27T18:01:05.083+0100][111.180s] GC(12) Concurrent Mark
[2024-11-27T18:01:05.083+0100][111.180s] GC(12) Concurrent Mark From Roots
[2024-11-27T18:01:05.083+0100][111.180s] GC(12) Using 4 workers of 4 for marking
[2024-11-27T18:01:05.101+0100][111.197s] GC(12) Concurrent Mark From Roots 17.327ms
[2024-11-27T18:01:05.101+0100][111.197s] GC(12) Concurrent Preclean
[2024-11-27T18:01:05.101+0100][111.198s] GC(12) Concurrent Preclean 0.387ms
[2024-11-27T18:01:05.102+0100][111.198s] GC(12) Pause Remark
[2024-11-27T18:01:05.107+0100][111.203s] GC(12) Pause Remark 47M->47M(512M) 5.058ms
[2024-11-27T18:01:05.107+0100][111.203s] GC(12) User=0.03s Sys=0.00s Real=0.00s
[2024-11-27T18:01:05.107+0100][111.203s] GC(12) Concurrent Mark 23.506ms
[2024-11-27T18:01:05.107+0100][111.203s] GC(12) Concurrent Rebuild Remembered Sets and Scrub Regions
[2024-11-27T18:01:05.113+0100][111.210s] GC(12) Concurrent Rebuild Remembered Sets and Scrub Regions 6.542ms
[2024-11-27T18:01:05.114+0100][111.210s] GC(12) Pause Cleanup
[2024-11-27T18:01:05.114+0100][111.210s] GC(12) Pause Cleanup 48M->48M(512M) 0.240ms
[2024-11-27T18:01:05.114+0100][111.210s] GC(12) User=0.00s Sys=0.00s Real=0.00s
[2024-11-27T18:01:05.114+0100][111.210s] GC(12) Concurrent Clear Claimed Marks
[2024-11-27T18:01:05.114+0100][111.210s] GC(12) Concurrent Clear Claimed Marks 0.099ms
[2024-11-27T18:01:05.114+0100][111.210s] GC(12) Concurrent Cleanup for Next Mark
[2024-11-27T18:01:05.114+0100][111.211s] GC(12) Concurrent Cleanup for Next Mark 0.439ms
[2024-11-27T18:01:05.115+0100][111.211s] GC(12) Concurrent Mark Cycle 40.263ms
[2024-11-27T18:02:10.797+0100][176.893s] GC(13) Pause Young (Prepare Mixed) (G1 Evacuation Pause)
[2024-11-27T18:02:10.797+0100][176.893s] GC(13) Using 15 workers of 15 for evacuation
[2024-11-27T18:02:10.810+0100][176.907s] GC(13)   Pre Evacuate Collection Set: 0.4ms
[2024-11-27T18:02:10.811+0100][176.907s] GC(13)   Merge Heap Roots: 0.3ms
[2024-11-27T18:02:10.811+0100][176.907s] GC(13)   Evacuate Collection Set: 9.0ms
[2024-11-27T18:02:10.811+0100][176.907s] GC(13)   Post Evacuate Collection Set: 3.8ms
[2024-11-27T18:02:10.811+0100][176.907s] GC(13)   Other: 0.3ms
[2024-11-27T18:02:10.811+0100][176.907s] GC(13) Eden regions: 287->0(283)
[2024-11-27T18:02:10.811+0100][176.907s] GC(13) Survivor regions: 20->24(39)
[2024-11-27T18:02:10.811+0100][176.907s] GC(13) Old regions: 23->23
[2024-11-27T18:02:10.811+0100][176.907s] GC(13) Humongous regions: 4->4
[2024-11-27T18:02:10.811+0100][176.907s] GC(13) Metaspace: 65557K(66368K)->65557K(66368K) NonClass: 58054K(58496K)->58054K(58496K) Class: 7502K(7872K)->7502K(7872K)
[2024-11-27T18:02:10.811+0100][176.907s] GC(13) Pause Young (Prepare Mixed) (G1 Evacuation Pause) 333M->50M(512M) 14.335ms
[2024-11-27T18:02:10.811+0100][176.907s] GC(13) User=0.15s Sys=0.00s Real=0.02s
[2024-11-27T18:03:09.619+0100][235.715s] GC(14) Pause Young (Mixed) (G1 Evacuation Pause)
[2024-11-27T18:03:09.619+0100][235.715s] GC(14) Using 15 workers of 15 for evacuation
[2024-11-27T18:03:09.629+0100][235.725s] GC(14)   Pre Evacuate Collection Set: 0.3ms
[2024-11-27T18:03:09.629+0100][235.725s] GC(14)   Merge Heap Roots: 0.2ms
[2024-11-27T18:03:09.629+0100][235.725s] GC(14)   Evacuate Collection Set: 7.3ms
[2024-11-27T18:03:09.629+0100][235.725s] GC(14)   Post Evacuate Collection Set: 1.6ms
[2024-11-27T18:03:09.629+0100][235.725s] GC(14)   Other: 0.1ms
[2024-11-27T18:03:09.629+0100][235.725s] GC(14) Eden regions: 283->0(299)
[2024-11-27T18:03:09.629+0100][235.725s] GC(14) Survivor regions: 24->8(39)
[2024-11-27T18:03:09.629+0100][235.725s] GC(14) Old regions: 23->41
[2024-11-27T18:03:09.629+0100][235.725s] GC(14) Humongous regions: 4->4
[2024-11-27T18:03:09.629+0100][235.725s] GC(14) Metaspace: 65632K(66432K)->65632K(66432K) NonClass: 58129K(58560K)->58129K(58560K) Class: 7503K(7872K)->7503K(7872K)
[2024-11-27T18:03:09.629+0100][235.725s] GC(14) Pause Young (Mixed) (G1 Evacuation Pause) 333M->52M(512M) 9.872ms
[2024-11-27T18:03:09.629+0100][235.725s] GC(14) User=0.11s Sys=0.00s Real=0.01s
[2024-11-27T19:14:07.173+0100][4493.269s] GC(15) Pause Young (Normal) (G1 Evacuation Pause)
[2024-11-27T19:14:07.173+0100][4493.269s] GC(15) Using 15 workers of 15 for evacuation
[2024-11-27T19:14:07.175+0100][4493.272s] GC(15)   Pre Evacuate Collection Set: 0.3ms
[2024-11-27T19:14:07.176+0100][4493.272s] GC(15)   Merge Heap Roots: 0.2ms
[2024-11-27T19:14:07.176+0100][4493.272s] GC(15)   Evacuate Collection Set: 1.3ms
[2024-11-27T19:14:07.176+0100][4493.272s] GC(15)   Post Evacuate Collection Set: 0.8ms
[2024-11-27T19:14:07.176+0100][4493.272s] GC(15)   Other: 0.1ms
[2024-11-27T19:14:07.176+0100][4493.272s] GC(15) Eden regions: 299->0(300)
[2024-11-27T19:14:07.176+0100][4493.272s] GC(15) Survivor regions: 8->7(39)
[2024-11-27T19:14:07.176+0100][4493.272s] GC(15) Old regions: 41->41
[2024-11-27T19:14:07.176+0100][4493.272s] GC(15) Humongous regions: 4->4
[2024-11-27T19:14:07.176+0100][4493.272s] GC(15) Metaspace: 65659K(66496K)->65659K(66496K) NonClass: 58150K(58624K)->58150K(58624K) Class: 7508K(7872K)->7508K(7872K)
[2024-11-27T19:14:07.176+0100][4493.272s] GC(15) Pause Young (Normal) (G1 Evacuation Pause) 351M->51M(512M) 2.964ms
[2024-11-27T19:14:07.176+0100][4493.272s] GC(15) User=0.01s Sys=0.00s Real=0.00s
[2024-11-27T19:41:08.967+0100][6115.064s] GC(16) Pause Young (Concurrent Start) (G1 Evacuation Pause)
[2024-11-27T19:41:08.967+0100][6115.064s] GC(16) Using 15 workers of 15 for evacuation
[2024-11-27T19:41:08.972+0100][6115.069s] GC(16)   Pre Evacuate Collection Set: 0.5ms
[2024-11-27T19:41:08.972+0100][6115.069s] GC(16)   Merge Heap Roots: 0.2ms
[2024-11-27T19:41:08.972+0100][6115.069s] GC(16)   Evacuate Collection Set: 2.5ms
[2024-11-27T19:41:08.972+0100][6115.069s] GC(16)   Post Evacuate Collection Set: 1.2ms
[2024-11-27T19:41:08.972+0100][6115.069s] GC(16)   Other: 0.3ms
[2024-11-27T19:41:08.972+0100][6115.069s] GC(16) Eden regions: 300->0(300)
[2024-11-27T19:41:08.972+0100][6115.069s] GC(16) Survivor regions: 7->7(39)
[2024-11-27T19:41:08.972+0100][6115.069s] GC(16) Old regions: 41->41
[2024-11-27T19:41:08.972+0100][6115.069s] GC(16) Humongous regions: 4->4
[2024-11-27T19:41:08.972+0100][6115.069s] GC(16) Metaspace: 65794K(66624K)->65794K(66624K) NonClass: 58283K(58752K)->58283K(58752K) Class: 7511K(7872K)->7511K(7872K)
[2024-11-27T19:41:08.972+0100][6115.069s] GC(16) Pause Young (Concurrent Start) (G1 Evacuation Pause) 351M->51M(512M) 5.145ms
[2024-11-27T19:41:08.973+0100][6115.069s] GC(17) Concurrent Mark Cycle
[2024-11-27T19:41:08.973+0100][6115.069s] GC(17) Concurrent Scan Root Regions
[2024-11-27T19:41:08.973+0100][6115.069s] GC(16) User=0.03s Sys=0.01s Real=0.01s
[2024-11-27T19:41:08.974+0100][6115.071s] GC(17) Concurrent Scan Root Regions 1.685ms
[2024-11-27T19:41:08.974+0100][6115.071s] GC(17) Concurrent Mark
[2024-11-27T19:41:08.974+0100][6115.071s] GC(17) Concurrent Mark From Roots
[2024-11-27T19:41:08.974+0100][6115.071s] GC(17) Using 4 workers of 4 for marking
[2024-11-27T19:41:09.009+0100][6115.105s] GC(17) Concurrent Mark From Roots 34.166ms
[2024-11-27T19:41:09.009+0100][6115.105s] GC(17) Concurrent Preclean
[2024-11-27T19:41:09.010+0100][6115.106s] GC(17) Concurrent Preclean 1.218ms
[2024-11-27T19:41:09.010+0100][6115.106s] GC(17) Pause Remark
[2024-11-27T19:41:09.033+0100][6115.129s] GC(17) Pause Remark 54M->54M(512M) 23.020ms
[2024-11-27T19:41:09.033+0100][6115.130s] GC(17) User=0.26s Sys=0.00s Real=0.02s
[2024-11-27T19:41:09.033+0100][6115.130s] GC(17) Concurrent Mark 59.005ms
[2024-11-27T19:41:09.033+0100][6115.130s] GC(17) Concurrent Rebuild Remembered Sets and Scrub Regions
[2024-11-27T19:41:09.057+0100][6115.154s] GC(17) Concurrent Rebuild Remembered Sets and Scrub Regions 24.051ms
[2024-11-27T19:41:09.060+0100][6115.156s] GC(17) Pause Cleanup
[2024-11-27T19:41:09.060+0100][6115.156s] GC(17) Pause Cleanup 56M->56M(512M) 0.232ms
[2024-11-27T19:41:09.060+0100][6115.156s] GC(17) User=0.00s Sys=0.00s Real=0.00s
[2024-11-27T19:41:09.060+0100][6115.156s] GC(17) Concurrent Clear Claimed Marks
[2024-11-27T19:41:09.060+0100][6115.157s] GC(17) Concurrent Clear Claimed Marks 0.122ms
[2024-11-27T19:41:09.060+0100][6115.157s] GC(17) Concurrent Cleanup for Next Mark
[2024-11-27T19:41:09.061+0100][6115.157s] GC(17) Concurrent Cleanup for Next Mark 0.532ms
[2024-11-27T19:41:09.061+0100][6115.157s] GC(17) Concurrent Mark Cycle 88.234ms
