[2024-12-04T18:45:10.402+0100][0.006s] CardTable entry size: 512
[2024-12-04T18:45:10.402+0100][0.006s] Using G1
[2024-12-04T18:45:10.433+0100][0.037s] Version: 21.0.5+11-Ubuntu-1ubuntu124.04 (release)
[2024-12-04T18:45:10.433+0100][0.037s] CPUs: 20 total, 20 available
[2024-12-04T18:45:10.433+0100][0.037s] Memory: 15660M
[2024-12-04T18:45:10.433+0100][0.037s] Large Page Support: Disabled
[2024-12-04T18:45:10.433+0100][0.037s] NUMA Support: Disabled
[2024-12-04T18:45:10.433+0100][0.037s] Compressed Oops: Enabled (32-bit)
[2024-12-04T18:45:10.433+0100][0.037s] Heap Region Size: 1M
[2024-12-04T18:45:10.433+0100][0.037s] Heap Min Capacity: 512M
[2024-12-04T18:45:10.433+0100][0.037s] Heap Initial Capacity: 512M
[2024-12-04T18:45:10.433+0100][0.037s] Heap Max Capacity: 512M
[2024-12-04T18:45:10.433+0100][0.037s] Pre-touch: Enabled
[2024-12-04T18:45:10.433+0100][0.037s] Parallel Workers: 15
[2024-12-04T18:45:10.433+0100][0.037s] Concurrent Workers: 4
[2024-12-04T18:45:10.433+0100][0.037s] Concurrent Refinement Workers: 15
[2024-12-04T18:45:10.433+0100][0.037s] Periodic GC: Disabled
[2024-12-04T18:45:10.438+0100][0.042s] CDS archive(s) mapped at: [0x000070d29b000000-0x000070d29bc97000-0x000070d29bc97000), size 13201408, SharedBaseAddress: 0x000070d29b000000, ArchiveRelocationMode: 1.
[2024-12-04T18:45:10.438+0100][0.042s] Compressed class space mapped at: 0x000070d29c000000-0x000070d2dc000000, reserved size: 1073741824
[2024-12-04T18:45:10.438+0100][0.042s] Narrow klass base: 0x000070d29b000000, Narrow klass shift: 0, Narrow klass range: 0x100000000
[2024-12-04T18:45:10.698+0100][0.302s] GC(0) Pause Young (Normal) (G1 Evacuation Pause)
[2024-12-04T18:45:10.698+0100][0.302s] GC(0) Using 12 workers of 15 for evacuation
[2024-12-04T18:45:10.699+0100][0.303s] GC(0)   Pre Evacuate Collection Set: 0.1ms
[2024-12-04T18:45:10.699+0100][0.303s] GC(0)   Merge Heap Roots: 0.0ms
[2024-12-04T18:45:10.699+0100][0.303s] GC(0)   Evacuate Collection Set: 0.9ms
[2024-12-04T18:45:10.699+0100][0.303s] GC(0)   Post Evacuate Collection Set: 0.2ms
[2024-12-04T18:45:10.699+0100][0.303s] GC(0)   Other: 0.0ms
[2024-12-04T18:45:10.699+0100][0.303s] GC(0) Eden regions: 29->0(57)
[2024-12-04T18:45:10.699+0100][0.303s] GC(0) Survivor regions: 0->4(4)
[2024-12-04T18:45:10.699+0100][0.303s] GC(0) Old regions: 2->2
[2024-12-04T18:45:10.699+0100][0.303s] GC(0) Humongous regions: 0->0
[2024-12-04T18:45:10.699+0100][0.303s] GC(0) Metaspace: 7650K(7872K)->7650K(7872K) NonClass: 6787K(6912K)->6787K(6912K) Class: 862K(960K)->862K(960K)
[2024-12-04T18:45:10.699+0100][0.303s] GC(0) Pause Young (Normal) (G1 Evacuation Pause) 30M->4M(512M) 1.323ms
[2024-12-04T18:45:10.699+0100][0.303s] GC(0) User=0.01s Sys=0.01s Real=0.00s
[2024-12-04T18:45:11.070+0100][0.674s] GC(1) Pause Young (Normal) (G1 Evacuation Pause)
[2024-12-04T18:45:11.070+0100][0.674s] GC(1) Using 15 workers of 15 for evacuation
[2024-12-04T18:45:11.073+0100][0.677s] GC(1)   Pre Evacuate Collection Set: 0.1ms
[2024-12-04T18:45:11.073+0100][0.677s] GC(1)   Merge Heap Roots: 0.0ms
[2024-12-04T18:45:11.073+0100][0.677s] GC(1)   Evacuate Collection Set: 2.7ms
[2024-12-04T18:45:11.073+0100][0.677s] GC(1)   Post Evacuate Collection Set: 0.3ms
[2024-12-04T18:45:11.073+0100][0.677s] GC(1)   Other: 0.1ms
[2024-12-04T18:45:11.073+0100][0.677s] GC(1) Eden regions: 57->0(80)
[2024-12-04T18:45:11.073+0100][0.677s] GC(1) Survivor regions: 4->8(8)
[2024-12-04T18:45:11.073+0100][0.677s] GC(1) Old regions: 2->9
[2024-12-04T18:45:11.073+0100][0.677s] GC(1) Humongous regions: 4->4
[2024-12-04T18:45:11.073+0100][0.677s] GC(1) Metaspace: 19969K(20352K)->19969K(20352K) NonClass: 17729K(17920K)->17729K(17920K) Class: 2240K(2432K)->2240K(2432K)
[2024-12-04T18:45:11.073+0100][0.677s] GC(1) Pause Young (Normal) (G1 Evacuation Pause) 65M->19M(512M) 3.403ms
[2024-12-04T18:45:11.073+0100][0.677s] GC(1) User=0.05s Sys=0.00s Real=0.00s
[2024-12-04T18:45:11.142+0100][0.746s] GC(2) Pause Young (Normal) (G1 Evacuation Pause)
[2024-12-04T18:45:11.142+0100][0.746s] GC(2) Using 15 workers of 15 for evacuation
[2024-12-04T18:45:11.144+0100][0.748s] GC(2)   Pre Evacuate Collection Set: 0.2ms
[2024-12-04T18:45:11.144+0100][0.748s] GC(2)   Merge Heap Roots: 0.0ms
[2024-12-04T18:45:11.144+0100][0.748s] GC(2)   Evacuate Collection Set: 1.4ms
[2024-12-04T18:45:11.144+0100][0.748s] GC(2)   Post Evacuate Collection Set: 0.3ms
[2024-12-04T18:45:11.144+0100][0.748s] GC(2)   Other: 0.1ms
[2024-12-04T18:45:11.144+0100][0.748s] GC(2) Eden regions: 80->0(302)
[2024-12-04T18:45:11.144+0100][0.748s] GC(2) Survivor regions: 8->5(11)
[2024-12-04T18:45:11.144+0100][0.748s] GC(2) Old regions: 9->17
[2024-12-04T18:45:11.144+0100][0.748s] GC(2) Humongous regions: 4->4
[2024-12-04T18:45:11.144+0100][0.748s] GC(2) Metaspace: 20147K(20544K)->20147K(20544K) NonClass: 17904K(18112K)->17904K(18112K) Class: 2243K(2432K)->2243K(2432K)
[2024-12-04T18:45:11.144+0100][0.748s] GC(2) Pause Young (Normal) (G1 Evacuation Pause) 99M->24M(512M) 2.139ms
[2024-12-04T18:45:11.144+0100][0.748s] GC(2) User=0.02s Sys=0.00s Real=0.00s
[2024-12-04T18:45:11.194+0100][0.798s] GC(3) Pause Young (Concurrent Start) (Metadata GC Threshold)
[2024-12-04T18:45:11.194+0100][0.798s] GC(3) Using 15 workers of 15 for evacuation
[2024-12-04T18:45:11.195+0100][0.799s] GC(3)   Pre Evacuate Collection Set: 0.1ms
[2024-12-04T18:45:11.195+0100][0.799s] GC(3)   Merge Heap Roots: 0.0ms
[2024-12-04T18:45:11.195+0100][0.799s] GC(3)   Evacuate Collection Set: 0.4ms
[2024-12-04T18:45:11.195+0100][0.799s] GC(3)   Post Evacuate Collection Set: 0.2ms
[2024-12-04T18:45:11.195+0100][0.799s] GC(3)   Other: 0.0ms
[2024-12-04T18:45:11.195+0100][0.799s] GC(3) Eden regions: 27->0(302)
[2024-12-04T18:45:11.195+0100][0.799s] GC(3) Survivor regions: 5->5(39)
[2024-12-04T18:45:11.195+0100][0.799s] GC(3) Old regions: 17->17
[2024-12-04T18:45:11.195+0100][0.799s] GC(3) Humongous regions: 4->4
[2024-12-04T18:45:11.195+0100][0.799s] GC(3) Metaspace: 21123K(21504K)->21123K(21504K) NonClass: 18765K(18944K)->18765K(18944K) Class: 2358K(2560K)->2358K(2560K)
[2024-12-04T18:45:11.195+0100][0.799s] GC(3) Pause Young (Concurrent Start) (Metadata GC Threshold) 51M->24M(512M) 0.872ms
[2024-12-04T18:45:11.195+0100][0.799s] GC(3) User=0.01s Sys=0.00s Real=0.00s
[2024-12-04T18:45:11.195+0100][0.799s] GC(4) Concurrent Mark Cycle
[2024-12-04T18:45:11.195+0100][0.799s] GC(4) Concurrent Scan Root Regions
[2024-12-04T18:45:11.195+0100][0.800s] GC(4) Concurrent Scan Root Regions 0.609ms
[2024-12-04T18:45:11.196+0100][0.800s] GC(4) Concurrent Mark
[2024-12-04T18:45:11.196+0100][0.800s] GC(4) Concurrent Mark From Roots
[2024-12-04T18:45:11.196+0100][0.800s] GC(4) Using 4 workers of 4 for marking
[2024-12-04T18:45:11.201+0100][0.805s] GC(4) Concurrent Mark From Roots 5.056ms
[2024-12-04T18:45:11.201+0100][0.805s] GC(4) Concurrent Preclean
[2024-12-04T18:45:11.201+0100][0.805s] GC(4) Concurrent Preclean 0.033ms
[2024-12-04T18:45:11.201+0100][0.805s] GC(4) Pause Remark
[2024-12-04T18:45:11.202+0100][0.806s] GC(4) Pause Remark 25M->25M(512M) 1.079ms
[2024-12-04T18:45:11.202+0100][0.806s] GC(4) User=0.01s Sys=0.00s Real=0.00s
[2024-12-04T18:45:11.202+0100][0.806s] GC(4) Concurrent Mark 6.268ms
[2024-12-04T18:45:11.202+0100][0.806s] GC(4) Concurrent Rebuild Remembered Sets and Scrub Regions
[2024-12-04T18:45:11.204+0100][0.808s] GC(4) Concurrent Rebuild Remembered Sets and Scrub Regions 2.039ms
[2024-12-04T18:45:11.204+0100][0.808s] GC(4) Pause Cleanup
[2024-12-04T18:45:11.204+0100][0.808s] GC(4) Pause Cleanup 25M->25M(512M) 0.097ms
[2024-12-04T18:45:11.204+0100][0.808s] GC(4) User=0.00s Sys=0.00s Real=0.00s
[2024-12-04T18:45:11.204+0100][0.808s] GC(4) Concurrent Clear Claimed Marks
[2024-12-04T18:45:11.204+0100][0.808s] GC(4) Concurrent Clear Claimed Marks 0.018ms
[2024-12-04T18:45:11.204+0100][0.808s] GC(4) Concurrent Cleanup for Next Mark
[2024-12-04T18:45:11.204+0100][0.808s] GC(4) Concurrent Cleanup for Next Mark 0.189ms
[2024-12-04T18:45:11.204+0100][0.808s] GC(4) Concurrent Mark Cycle 9.437ms
[2024-12-04T18:45:11.629+0100][1.233s] GC(5) Pause Young (Prepare Mixed) (Metadata GC Threshold)
[2024-12-04T18:45:11.629+0100][1.233s] GC(5) Using 15 workers of 15 for evacuation
[2024-12-04T18:45:11.631+0100][1.235s] GC(5)   Pre Evacuate Collection Set: 0.2ms
[2024-12-04T18:45:11.631+0100][1.235s] GC(5)   Merge Heap Roots: 0.1ms
[2024-12-04T18:45:11.631+0100][1.235s] GC(5)   Evacuate Collection Set: 1.2ms
[2024-12-04T18:45:11.631+0100][1.235s] GC(5)   Post Evacuate Collection Set: 0.4ms
[2024-12-04T18:45:11.631+0100][1.235s] GC(5)   Other: 0.1ms
[2024-12-04T18:45:11.631+0100][1.235s] GC(5) Eden regions: 81->0(299)
[2024-12-04T18:45:11.631+0100][1.235s] GC(5) Survivor regions: 5->8(39)
[2024-12-04T18:45:11.631+0100][1.235s] GC(5) Old regions: 17->17
[2024-12-04T18:45:11.631+0100][1.235s] GC(5) Humongous regions: 4->4
[2024-12-04T18:45:11.631+0100][1.235s] GC(5) Metaspace: 36184K(36736K)->36184K(36736K) NonClass: 32109K(32384K)->32109K(32384K) Class: 4075K(4352K)->4075K(4352K)
[2024-12-04T18:45:11.631+0100][1.235s] GC(5) Pause Young (Prepare Mixed) (Metadata GC Threshold) 105M->27M(512M) 2.185ms
[2024-12-04T18:45:11.631+0100][1.235s] GC(5) User=0.02s Sys=0.00s Real=0.00s
[2024-12-04T18:45:11.637+0100][1.241s] GC(6) Pause Young (Mixed) (Metadata GC Threshold)
[2024-12-04T18:45:11.637+0100][1.241s] GC(6) Using 15 workers of 15 for evacuation
[2024-12-04T18:45:11.639+0100][1.243s] GC(6)   Pre Evacuate Collection Set: 0.2ms
[2024-12-04T18:45:11.639+0100][1.243s] GC(6)   Merge Heap Roots: 0.0ms
[2024-12-04T18:45:11.639+0100][1.243s] GC(6)   Evacuate Collection Set: 1.1ms
[2024-12-04T18:45:11.639+0100][1.243s] GC(6)   Post Evacuate Collection Set: 0.2ms
[2024-12-04T18:45:11.639+0100][1.243s] GC(6)   Other: 0.0ms
[2024-12-04T18:45:11.639+0100][1.243s] GC(6) Eden regions: 2->0(299)
[2024-12-04T18:45:11.639+0100][1.243s] GC(6) Survivor regions: 8->8(39)
[2024-12-04T18:45:11.639+0100][1.243s] GC(6) Old regions: 17->16
[2024-12-04T18:45:11.639+0100][1.243s] GC(6) Humongous regions: 4->4
[2024-12-04T18:45:11.639+0100][1.243s] GC(6) Metaspace: 36457K(37056K)->36457K(37056K) NonClass: 32359K(32640K)->32359K(32640K) Class: 4097K(4416K)->4097K(4416K)
[2024-12-04T18:45:11.639+0100][1.243s] GC(6) Pause Young (Mixed) (Metadata GC Threshold) 29M->27M(512M) 1.745ms
[2024-12-04T18:45:11.639+0100][1.243s] GC(6) User=0.02s Sys=0.00s Real=0.01s
[2024-12-04T18:45:11.647+0100][1.251s] GC(7) Pause Young (Concurrent Start) (Metadata GC Threshold)
[2024-12-04T18:45:11.647+0100][1.251s] GC(7) Using 15 workers of 15 for evacuation
[2024-12-04T18:45:11.648+0100][1.252s] GC(7)   Pre Evacuate Collection Set: 0.1ms
[2024-12-04T18:45:11.648+0100][1.252s] GC(7)   Merge Heap Roots: 0.0ms
[2024-12-04T18:45:11.648+0100][1.252s] GC(7)   Evacuate Collection Set: 1.3ms
[2024-12-04T18:45:11.648+0100][1.252s] GC(7)   Post Evacuate Collection Set: 0.2ms
[2024-12-04T18:45:11.648+0100][1.252s] GC(7)   Other: 0.1ms
[2024-12-04T18:45:11.648+0100][1.252s] GC(7) Eden regions: 2->0(299)
[2024-12-04T18:45:11.648+0100][1.252s] GC(7) Survivor regions: 8->8(39)
[2024-12-04T18:45:11.648+0100][1.252s] GC(7) Old regions: 16->16
[2024-12-04T18:45:11.648+0100][1.253s] GC(7) Humongous regions: 4->4
[2024-12-04T18:45:11.648+0100][1.253s] GC(7) Metaspace: 36816K(37376K)->36816K(37376K) NonClass: 32685K(32960K)->32685K(32960K) Class: 4131K(4416K)->4131K(4416K)
[2024-12-04T18:45:11.648+0100][1.253s] GC(7) Pause Young (Concurrent Start) (Metadata GC Threshold) 28M->27M(512M) 1.766ms
[2024-12-04T18:45:11.649+0100][1.253s] GC(7) User=0.01s Sys=0.00s Real=0.01s
[2024-12-04T18:45:11.649+0100][1.253s] GC(8) Concurrent Mark Cycle
[2024-12-04T18:45:11.649+0100][1.253s] GC(8) Concurrent Scan Root Regions
[2024-12-04T18:45:11.649+0100][1.253s] GC(8) Concurrent Scan Root Regions 0.666ms
[2024-12-04T18:45:11.649+0100][1.253s] GC(8) Concurrent Mark
[2024-12-04T18:45:11.649+0100][1.253s] GC(8) Concurrent Mark From Roots
[2024-12-04T18:45:11.649+0100][1.253s] GC(8) Using 4 workers of 4 for marking
[2024-12-04T18:45:11.653+0100][1.257s] GC(8) Concurrent Mark From Roots 3.902ms
[2024-12-04T18:45:11.653+0100][1.257s] GC(8) Concurrent Preclean
[2024-12-04T18:45:11.653+0100][1.257s] GC(8) Concurrent Preclean 0.023ms
[2024-12-04T18:45:11.653+0100][1.257s] GC(8) Pause Remark
[2024-12-04T18:45:11.655+0100][1.259s] GC(8) Pause Remark 28M->28M(512M) 1.249ms
[2024-12-04T18:45:11.655+0100][1.259s] GC(8) User=0.01s Sys=0.00s Real=0.00s
[2024-12-04T18:45:11.655+0100][1.259s] GC(8) Concurrent Mark 5.403ms
[2024-12-04T18:45:11.655+0100][1.259s] GC(8) Concurrent Rebuild Remembered Sets and Scrub Regions
[2024-12-04T18:45:11.657+0100][1.261s] GC(8) Concurrent Rebuild Remembered Sets and Scrub Regions 1.905ms
[2024-12-04T18:45:11.657+0100][1.261s] GC(8) Pause Cleanup
[2024-12-04T18:45:11.657+0100][1.261s] GC(8) Pause Cleanup 28M->28M(512M) 0.085ms
[2024-12-04T18:45:11.657+0100][1.261s] GC(8) User=0.00s Sys=0.00s Real=0.00s
[2024-12-04T18:45:11.657+0100][1.261s] GC(8) Concurrent Clear Claimed Marks
[2024-12-04T18:45:11.657+0100][1.261s] GC(8) Concurrent Clear Claimed Marks 0.020ms
[2024-12-04T18:45:11.657+0100][1.261s] GC(8) Concurrent Cleanup for Next Mark
[2024-12-04T18:45:11.657+0100][1.261s] GC(8) Concurrent Cleanup for Next Mark 0.203ms
[2024-12-04T18:45:11.657+0100][1.261s] GC(8) Concurrent Mark Cycle 8.492ms
[2024-12-04T18:45:19.463+0100][9.067s] GC(9) Pause Young (Prepare Mixed) (Metadata GC Threshold)
[2024-12-04T18:45:19.463+0100][9.067s] GC(9) Using 15 workers of 15 for evacuation
[2024-12-04T18:45:19.470+0100][9.074s] GC(9)   Pre Evacuate Collection Set: 0.2ms
[2024-12-04T18:45:19.470+0100][9.074s] GC(9)   Merge Heap Roots: 0.1ms
[2024-12-04T18:45:19.470+0100][9.074s] GC(9)   Evacuate Collection Set: 6.1ms
[2024-12-04T18:45:19.470+0100][9.074s] GC(9)   Post Evacuate Collection Set: 0.7ms
[2024-12-04T18:45:19.470+0100][9.074s] GC(9)   Other: 0.1ms
[2024-12-04T18:45:19.470+0100][9.074s] GC(9) Eden regions: 212->0(279)
[2024-12-04T18:45:19.470+0100][9.074s] GC(9) Survivor regions: 8->28(39)
[2024-12-04T18:45:19.470+0100][9.074s] GC(9) Old regions: 16->16
[2024-12-04T18:45:19.470+0100][9.074s] GC(9) Humongous regions: 4->4
[2024-12-04T18:45:19.470+0100][9.074s] GC(9) Metaspace: 61869K(62656K)->61869K(62656K) NonClass: 54496K(54912K)->54496K(54912K) Class: 7373K(7744K)->7373K(7744K)
[2024-12-04T18:45:19.470+0100][9.074s] GC(9) Pause Young (Prepare Mixed) (Metadata GC Threshold) 239M->47M(512M) 7.404ms
[2024-12-04T18:45:19.470+0100][9.074s] GC(9) User=0.06s Sys=0.00s Real=0.01s
[2024-12-04T18:45:19.487+0100][9.092s] GC(10) Pause Young (Mixed) (Metadata GC Threshold)
[2024-12-04T18:45:19.488+0100][9.092s] GC(10) Using 15 workers of 15 for evacuation
[2024-12-04T18:45:19.492+0100][9.096s] GC(10)   Pre Evacuate Collection Set: 0.1ms
[2024-12-04T18:45:19.492+0100][9.096s] GC(10)   Merge Heap Roots: 0.1ms
[2024-12-04T18:45:19.492+0100][9.096s] GC(10)   Evacuate Collection Set: 4.1ms
[2024-12-04T18:45:19.492+0100][9.096s] GC(10)   Post Evacuate Collection Set: 0.6ms
[2024-12-04T18:45:19.492+0100][9.096s] GC(10)   Other: 0.0ms
[2024-12-04T18:45:19.492+0100][9.096s] GC(10) Eden regions: 3->0(287)
[2024-12-04T18:45:19.492+0100][9.096s] GC(10) Survivor regions: 28->20(39)
[2024-12-04T18:45:19.492+0100][9.096s] GC(10) Old regions: 16->23
[2024-12-04T18:45:19.492+0100][9.096s] GC(10) Humongous regions: 4->4
[2024-12-04T18:45:19.492+0100][9.096s] GC(10) Metaspace: 62208K(62976K)->62208K(62976K) NonClass: 54786K(55168K)->54786K(55168K) Class: 7422K(7808K)->7422K(7808K)
[2024-12-04T18:45:19.492+0100][9.096s] GC(10) Pause Young (Mixed) (Metadata GC Threshold) 49M->46M(512M) 4.957ms
[2024-12-04T18:45:19.492+0100][9.096s] GC(10) User=0.04s Sys=0.01s Real=0.01s
[2024-12-04T18:45:19.516+0100][9.120s] GC(11) Pause Young (Concurrent Start) (Metadata GC Threshold)
[2024-12-04T18:45:19.516+0100][9.120s] GC(11) Using 15 workers of 15 for evacuation
[2024-12-04T18:45:19.520+0100][9.124s] GC(11)   Pre Evacuate Collection Set: 0.2ms
[2024-12-04T18:45:19.520+0100][9.124s] GC(11)   Merge Heap Roots: 0.1ms
[2024-12-04T18:45:19.520+0100][9.124s] GC(11)   Evacuate Collection Set: 2.5ms
[2024-12-04T18:45:19.520+0100][9.124s] GC(11)   Post Evacuate Collection Set: 0.3ms
[2024-12-04T18:45:19.520+0100][9.124s] GC(11)   Other: 0.1ms
[2024-12-04T18:45:19.520+0100][9.124s] GC(11) Eden regions: 5->0(287)
[2024-12-04T18:45:19.520+0100][9.124s] GC(11) Survivor regions: 20->20(39)
[2024-12-04T18:45:19.520+0100][9.124s] GC(11) Old regions: 23->23
[2024-12-04T18:45:19.520+0100][9.124s] GC(11) Humongous regions: 4->4
[2024-12-04T18:45:19.520+0100][9.124s] GC(11) Metaspace: 62573K(63296K)->62573K(63296K) NonClass: 55101K(55488K)->55101K(55488K) Class: 7471K(7808K)->7471K(7808K)
[2024-12-04T18:45:19.520+0100][9.124s] GC(11) Pause Young (Concurrent Start) (Metadata GC Threshold) 51M->46M(512M) 3.239ms
[2024-12-04T18:45:19.520+0100][9.124s] GC(12) Concurrent Mark Cycle
[2024-12-04T18:45:19.520+0100][9.124s] GC(11) User=0.04s Sys=0.00s Real=0.01s
[2024-12-04T18:45:19.520+0100][9.124s] GC(12) Concurrent Scan Root Regions
[2024-12-04T18:45:19.522+0100][9.126s] GC(12) Concurrent Scan Root Regions 2.328ms
[2024-12-04T18:45:19.522+0100][9.126s] GC(12) Concurrent Mark
[2024-12-04T18:45:19.522+0100][9.126s] GC(12) Concurrent Mark From Roots
[2024-12-04T18:45:19.522+0100][9.126s] GC(12) Using 4 workers of 4 for marking
[2024-12-04T18:45:19.527+0100][9.131s] GC(12) Concurrent Mark From Roots 4.954ms
[2024-12-04T18:45:19.527+0100][9.131s] GC(12) Concurrent Preclean
[2024-12-04T18:45:19.527+0100][9.131s] GC(12) Concurrent Preclean 0.073ms
[2024-12-04T18:45:19.527+0100][9.131s] GC(12) Pause Remark
[2024-12-04T18:45:19.529+0100][9.133s] GC(12) Pause Remark 48M->48M(512M) 1.653ms
[2024-12-04T18:45:19.529+0100][9.133s] GC(12) User=0.01s Sys=0.00s Real=0.01s
[2024-12-04T18:45:19.529+0100][9.133s] GC(12) Concurrent Mark 6.796ms
[2024-12-04T18:45:19.529+0100][9.133s] GC(12) Concurrent Rebuild Remembered Sets and Scrub Regions
[2024-12-04T18:45:19.532+0100][9.136s] GC(12) Concurrent Rebuild Remembered Sets and Scrub Regions 2.686ms
[2024-12-04T18:45:19.532+0100][9.136s] GC(12) Pause Cleanup
[2024-12-04T18:45:19.532+0100][9.136s] GC(12) Pause Cleanup 48M->48M(512M) 0.125ms
[2024-12-04T18:45:19.532+0100][9.136s] GC(12) User=0.00s Sys=0.00s Real=0.00s
[2024-12-04T18:45:19.532+0100][9.136s] GC(12) Concurrent Clear Claimed Marks
[2024-12-04T18:45:19.532+0100][9.136s] GC(12) Concurrent Clear Claimed Marks 0.069ms
[2024-12-04T18:45:19.532+0100][9.136s] GC(12) Concurrent Cleanup for Next Mark
[2024-12-04T18:45:19.532+0100][9.136s] GC(12) Concurrent Cleanup for Next Mark 0.217ms
[2024-12-04T18:45:19.532+0100][9.136s] GC(12) Concurrent Mark Cycle 12.407ms
[2024-12-04T18:46:19.396+0100][69.000s] Heap
[2024-12-04T18:46:19.396+0100][69.000s]  garbage-first heap   total 524288K, used 67129K [0x00000000e0000000, 0x0000000100000000)
[2024-12-04T18:46:19.396+0100][69.000s]   region size 1024K, 39 young (39936K), 20 survivors (20480K)
[2024-12-04T18:46:19.396+0100][69.000s]  Metaspace       used 63025K, committed 63744K, reserved 1114112K
[2024-12-04T18:46:19.396+0100][69.000s]   class space    used 7550K, committed 7872K, reserved 1048576K
