[2024-11-27T14:20:56.435+0100][0.015s] CardTable entry size: 512
[2024-11-27T14:20:56.436+0100][0.015s] Using G1
[2024-11-27T14:20:56.533+0100][0.112s] Version: 21.0.5+11-Ubuntu-1ubuntu124.04 (release)
[2024-11-27T14:20:56.533+0100][0.113s] CPUs: 20 total, 20 available
[2024-11-27T14:20:56.533+0100][0.113s] Memory: 15660M
[2024-11-27T14:20:56.533+0100][0.113s] Large Page Support: Disabled
[2024-11-27T14:20:56.533+0100][0.113s] NUMA Support: Disabled
[2024-11-27T14:20:56.533+0100][0.113s] Compressed Oops: Enabled (32-bit)
[2024-11-27T14:20:56.533+0100][0.113s] Heap Region Size: 1M
[2024-11-27T14:20:56.533+0100][0.113s] Heap Min Capacity: 512M
[2024-11-27T14:20:56.533+0100][0.113s] Heap Initial Capacity: 512M
[2024-11-27T14:20:56.533+0100][0.113s] Heap Max Capacity: 512M
[2024-11-27T14:20:56.533+0100][0.113s] Pre-touch: Enabled
[2024-11-27T14:20:56.533+0100][0.113s] Parallel Workers: 15
[2024-11-27T14:20:56.533+0100][0.113s] Concurrent Workers: 4
[2024-11-27T14:20:56.533+0100][0.113s] Concurrent Refinement Workers: 15
[2024-11-27T14:20:56.533+0100][0.113s] Periodic GC: Disabled
[2024-11-27T14:20:56.544+0100][0.123s] CDS archive(s) mapped at: [0x000074c7f3000000-0x000074c7f3c97000-0x000074c7f3c97000), size 13201408, SharedBaseAddress: 0x000074c7f3000000, ArchiveRelocationMode: 1.
[2024-11-27T14:20:56.544+0100][0.123s] Compressed class space mapped at: 0x000074c7f4000000-0x000074c834000000, reserved size: 1073741824
[2024-11-27T14:20:56.544+0100][0.123s] Narrow klass base: 0x000074c7f3000000, Narrow klass shift: 0, Narrow klass range: 0x100000000
[2024-11-27T14:20:57.078+0100][0.658s] GC(0) Pause Young (Normal) (G1 Evacuation Pause)
[2024-11-27T14:20:57.078+0100][0.658s] GC(0) Using 12 workers of 15 for evacuation
[2024-11-27T14:20:57.082+0100][0.661s] GC(0)   Pre Evacuate Collection Set: 0.4ms
[2024-11-27T14:20:57.082+0100][0.661s] GC(0)   Merge Heap Roots: 0.1ms
[2024-11-27T14:20:57.082+0100][0.661s] GC(0)   Evacuate Collection Set: 2.1ms
[2024-11-27T14:20:57.082+0100][0.661s] GC(0)   Post Evacuate Collection Set: 0.6ms
[2024-11-27T14:20:57.082+0100][0.661s] GC(0)   Other: 0.2ms
[2024-11-27T14:20:57.082+0100][0.661s] GC(0) Eden regions: 29->0(56)
[2024-11-27T14:20:57.082+0100][0.661s] GC(0) Survivor regions: 0->4(4)
[2024-11-27T14:20:57.082+0100][0.661s] GC(0) Old regions: 2->2
[2024-11-27T14:20:57.082+0100][0.661s] GC(0) Humongous regions: 0->0
[2024-11-27T14:20:57.082+0100][0.661s] GC(0) Metaspace: 7640K(7808K)->7640K(7808K) NonClass: 6779K(6848K)->6779K(6848K) Class: 861K(960K)->861K(960K)
[2024-11-27T14:20:57.082+0100][0.661s] GC(0) Pause Young (Normal) (G1 Evacuation Pause) 30M->4M(512M) 3.625ms
[2024-11-27T14:20:57.082+0100][0.661s] GC(0) User=0.03s Sys=0.00s Real=0.00s
[2024-11-27T14:20:57.948+0100][1.528s] GC(1) Pause Young (Normal) (G1 Evacuation Pause)
[2024-11-27T14:20:57.948+0100][1.528s] GC(1) Using 15 workers of 15 for evacuation
[2024-11-27T14:20:57.956+0100][1.536s] GC(1)   Pre Evacuate Collection Set: 0.4ms
[2024-11-27T14:20:57.956+0100][1.536s] GC(1)   Merge Heap Roots: 0.1ms
[2024-11-27T14:20:57.956+0100][1.536s] GC(1)   Evacuate Collection Set: 6.4ms
[2024-11-27T14:20:57.956+0100][1.536s] GC(1)   Post Evacuate Collection Set: 0.8ms
[2024-11-27T14:20:57.956+0100][1.536s] GC(1)   Other: 0.1ms
[2024-11-27T14:20:57.956+0100][1.536s] GC(1) Eden regions: 56->0(76)
[2024-11-27T14:20:57.956+0100][1.536s] GC(1) Survivor regions: 4->8(8)
[2024-11-27T14:20:57.956+0100][1.536s] GC(1) Old regions: 2->9
[2024-11-27T14:20:57.956+0100][1.536s] GC(1) Humongous regions: 4->4
[2024-11-27T14:20:57.956+0100][1.536s] GC(1) Metaspace: 19963K(20352K)->19963K(20352K) NonClass: 17722K(17920K)->17722K(17920K) Class: 2240K(2432K)->2240K(2432K)
[2024-11-27T14:20:57.956+0100][1.536s] GC(1) Pause Young (Normal) (G1 Evacuation Pause) 64M->19M(512M) 8.121ms
[2024-11-27T14:20:57.956+0100][1.536s] GC(1) User=0.11s Sys=0.00s Real=0.01s
[2024-11-27T14:20:58.166+0100][1.745s] GC(2) Pause Young (Normal) (G1 Evacuation Pause)
[2024-11-27T14:20:58.166+0100][1.745s] GC(2) Using 15 workers of 15 for evacuation
[2024-11-27T14:20:58.171+0100][1.751s] GC(2)   Pre Evacuate Collection Set: 0.4ms
[2024-11-27T14:20:58.171+0100][1.751s] GC(2)   Merge Heap Roots: 0.1ms
[2024-11-27T14:20:58.171+0100][1.751s] GC(2)   Evacuate Collection Set: 3.3ms
[2024-11-27T14:20:58.171+0100][1.751s] GC(2)   Post Evacuate Collection Set: 1.2ms
[2024-11-27T14:20:58.171+0100][1.751s] GC(2)   Other: 0.2ms
[2024-11-27T14:20:58.171+0100][1.751s] GC(2) Eden regions: 76->0(302)
[2024-11-27T14:20:58.171+0100][1.751s] GC(2) Survivor regions: 8->5(11)
[2024-11-27T14:20:58.171+0100][1.751s] GC(2) Old regions: 9->17
[2024-11-27T14:20:58.171+0100][1.751s] GC(2) Humongous regions: 4->4
[2024-11-27T14:20:58.171+0100][1.751s] GC(2) Metaspace: 20139K(20544K)->20139K(20544K) NonClass: 17896K(18112K)->17896K(18112K) Class: 2243K(2432K)->2243K(2432K)
[2024-11-27T14:20:58.171+0100][1.751s] GC(2) Pause Young (Normal) (G1 Evacuation Pause) 95M->24M(512M) 5.481ms
[2024-11-27T14:20:58.171+0100][1.751s] GC(2) User=0.07s Sys=0.00s Real=0.00s
[2024-11-27T14:20:58.289+0100][1.868s] GC(3) Pause Young (Concurrent Start) (Metadata GC Threshold)
[2024-11-27T14:20:58.289+0100][1.868s] GC(3) Using 15 workers of 15 for evacuation
[2024-11-27T14:20:58.292+0100][1.871s] GC(3)   Pre Evacuate Collection Set: 0.7ms
[2024-11-27T14:20:58.292+0100][1.871s] GC(3)   Merge Heap Roots: 0.1ms
[2024-11-27T14:20:58.292+0100][1.871s] GC(3)   Evacuate Collection Set: 1.3ms
[2024-11-27T14:20:58.292+0100][1.871s] GC(3)   Post Evacuate Collection Set: 0.5ms
[2024-11-27T14:20:58.292+0100][1.871s] GC(3)   Other: 0.2ms
[2024-11-27T14:20:58.292+0100][1.871s] GC(3) Eden regions: 31->0(302)
[2024-11-27T14:20:58.292+0100][1.871s] GC(3) Survivor regions: 5->5(39)
[2024-11-27T14:20:58.292+0100][1.871s] GC(3) Old regions: 17->17
[2024-11-27T14:20:58.292+0100][1.871s] GC(3) Humongous regions: 4->4
[2024-11-27T14:20:58.292+0100][1.871s] GC(3) Metaspace: 21135K(21504K)->21135K(21504K) NonClass: 18776K(18944K)->18776K(18944K) Class: 2359K(2560K)->2359K(2560K)
[2024-11-27T14:20:58.292+0100][1.871s] GC(3) Pause Young (Concurrent Start) (Metadata GC Threshold) 54M->24M(512M) 3.150ms
[2024-11-27T14:20:58.292+0100][1.871s] GC(3) User=0.02s Sys=0.00s Real=0.00s
[2024-11-27T14:20:58.292+0100][1.872s] GC(4) Concurrent Mark Cycle
[2024-11-27T14:20:58.292+0100][1.872s] GC(4) Concurrent Scan Root Regions
[2024-11-27T14:20:58.293+0100][1.873s] GC(4) Concurrent Scan Root Regions 1.324ms
[2024-11-27T14:20:58.293+0100][1.873s] GC(4) Concurrent Mark
[2024-11-27T14:20:58.293+0100][1.873s] GC(4) Concurrent Mark From Roots
[2024-11-27T14:20:58.293+0100][1.873s] GC(4) Using 4 workers of 4 for marking
[2024-11-27T14:20:58.303+0100][1.883s] GC(4) Concurrent Mark From Roots 9.662ms
[2024-11-27T14:20:58.303+0100][1.883s] GC(4) Concurrent Preclean
[2024-11-27T14:20:58.303+0100][1.883s] GC(4) Concurrent Preclean 0.097ms
[2024-11-27T14:20:58.304+0100][1.883s] GC(4) Pause Remark
[2024-11-27T14:20:58.307+0100][1.886s] GC(4) Pause Remark 25M->25M(512M) 3.111ms
[2024-11-27T14:20:58.307+0100][1.886s] GC(4) User=0.02s Sys=0.01s Real=0.00s
[2024-11-27T14:20:58.307+0100][1.887s] GC(4) Concurrent Mark 13.519ms
[2024-11-27T14:20:58.307+0100][1.887s] GC(4) Concurrent Rebuild Remembered Sets and Scrub Regions
[2024-11-27T14:20:58.311+0100][1.890s] GC(4) Concurrent Rebuild Remembered Sets and Scrub Regions 3.963ms
[2024-11-27T14:20:58.311+0100][1.891s] GC(4) Pause Cleanup
[2024-11-27T14:20:58.312+0100][1.891s] GC(4) Pause Cleanup 25M->25M(512M) 0.160ms
[2024-11-27T14:20:58.312+0100][1.891s] GC(4) User=0.00s Sys=0.00s Real=0.00s
[2024-11-27T14:20:58.312+0100][1.891s] GC(4) Concurrent Clear Claimed Marks
[2024-11-27T14:20:58.312+0100][1.891s] GC(4) Concurrent Clear Claimed Marks 0.037ms
[2024-11-27T14:20:58.312+0100][1.891s] GC(4) Concurrent Cleanup for Next Mark
[2024-11-27T14:20:58.312+0100][1.892s] GC(4) Concurrent Cleanup for Next Mark 0.549ms
[2024-11-27T14:20:58.312+0100][1.892s] GC(4) Concurrent Mark Cycle 20.217ms
[2024-11-27T14:20:59.405+0100][2.985s] GC(5) Pause Young (Prepare Mixed) (Metadata GC Threshold)
[2024-11-27T14:20:59.405+0100][2.985s] GC(5) Using 15 workers of 15 for evacuation
[2024-11-27T14:20:59.409+0100][2.988s] GC(5)   Pre Evacuate Collection Set: 0.4ms
[2024-11-27T14:20:59.409+0100][2.988s] GC(5)   Merge Heap Roots: 0.1ms
[2024-11-27T14:20:59.409+0100][2.988s] GC(5)   Evacuate Collection Set: 2.5ms
[2024-11-27T14:20:59.409+0100][2.988s] GC(5)   Post Evacuate Collection Set: 0.6ms
[2024-11-27T14:20:59.409+0100][2.988s] GC(5)   Other: 0.1ms
[2024-11-27T14:20:59.409+0100][2.988s] GC(5) Eden regions: 88->0(299)
[2024-11-27T14:20:59.409+0100][2.988s] GC(5) Survivor regions: 5->8(39)
[2024-11-27T14:20:59.409+0100][2.988s] GC(5) Old regions: 17->17
[2024-11-27T14:20:59.409+0100][2.988s] GC(5) Humongous regions: 4->4
[2024-11-27T14:20:59.409+0100][2.988s] GC(5) Metaspace: 36069K(36608K)->36069K(36608K) NonClass: 32009K(32320K)->32009K(32320K) Class: 4059K(4288K)->4059K(4288K)
[2024-11-27T14:20:59.409+0100][2.988s] GC(5) Pause Young (Prepare Mixed) (Metadata GC Threshold) 112M->27M(512M) 3.834ms
[2024-11-27T14:20:59.409+0100][2.988s] GC(5) User=0.04s Sys=0.00s Real=0.00s
[2024-11-27T14:20:59.423+0100][3.003s] GC(6) Pause Young (Mixed) (Metadata GC Threshold)
[2024-11-27T14:20:59.423+0100][3.003s] GC(6) Using 15 workers of 15 for evacuation
[2024-11-27T14:20:59.427+0100][3.006s] GC(6)   Pre Evacuate Collection Set: 0.3ms
[2024-11-27T14:20:59.427+0100][3.006s] GC(6)   Merge Heap Roots: 0.1ms
[2024-11-27T14:20:59.427+0100][3.006s] GC(6)   Evacuate Collection Set: 2.5ms
[2024-11-27T14:20:59.427+0100][3.006s] GC(6)   Post Evacuate Collection Set: 0.4ms
[2024-11-27T14:20:59.427+0100][3.006s] GC(6)   Other: 0.1ms
[2024-11-27T14:20:59.427+0100][3.006s] GC(6) Eden regions: 2->0(299)
[2024-11-27T14:20:59.427+0100][3.006s] GC(6) Survivor regions: 8->8(39)
[2024-11-27T14:20:59.427+0100][3.006s] GC(6) Old regions: 17->16
[2024-11-27T14:20:59.427+0100][3.006s] GC(6) Humongous regions: 4->4
[2024-11-27T14:20:59.427+0100][3.006s] GC(6) Metaspace: 36316K(36928K)->36316K(36928K) NonClass: 32229K(32512K)->32229K(32512K) Class: 4086K(4416K)->4086K(4416K)
[2024-11-27T14:20:59.427+0100][3.006s] GC(6) Pause Young (Mixed) (Metadata GC Threshold) 29M->27M(512M) 3.567ms
[2024-11-27T14:20:59.427+0100][3.006s] GC(6) User=0.04s Sys=0.00s Real=0.00s
[2024-11-27T14:20:59.445+0100][3.024s] GC(7) Pause Young (Concurrent Start) (Metadata GC Threshold)
[2024-11-27T14:20:59.445+0100][3.025s] GC(7) Using 15 workers of 15 for evacuation
[2024-11-27T14:20:59.450+0100][3.030s] GC(7)   Pre Evacuate Collection Set: 0.4ms
[2024-11-27T14:20:59.450+0100][3.030s] GC(7)   Merge Heap Roots: 0.1ms
[2024-11-27T14:20:59.450+0100][3.030s] GC(7)   Evacuate Collection Set: 4.2ms
[2024-11-27T14:20:59.450+0100][3.030s] GC(7)   Post Evacuate Collection Set: 0.6ms
[2024-11-27T14:20:59.450+0100][3.030s] GC(7)   Other: 0.1ms
[2024-11-27T14:20:59.450+0100][3.030s] GC(7) Eden regions: 1->0(299)
[2024-11-27T14:20:59.450+0100][3.030s] GC(7) Survivor regions: 8->8(39)
[2024-11-27T14:20:59.450+0100][3.030s] GC(7) Old regions: 16->16
[2024-11-27T14:20:59.450+0100][3.030s] GC(7) Humongous regions: 4->4
[2024-11-27T14:20:59.450+0100][3.030s] GC(7) Metaspace: 36663K(37248K)->36663K(37248K) NonClass: 32550K(32832K)->32550K(32832K) Class: 4113K(4416K)->4113K(4416K)
[2024-11-27T14:20:59.451+0100][3.030s] GC(7) Pause Young (Concurrent Start) (Metadata GC Threshold) 28M->27M(512M) 5.644ms
[2024-11-27T14:20:59.451+0100][3.030s] GC(7) User=0.06s Sys=0.00s Real=0.00s
[2024-11-27T14:20:59.451+0100][3.030s] GC(8) Concurrent Mark Cycle
[2024-11-27T14:20:59.451+0100][3.030s] GC(8) Concurrent Scan Root Regions
[2024-11-27T14:20:59.453+0100][3.032s] GC(8) Concurrent Scan Root Regions 2.338ms
[2024-11-27T14:20:59.453+0100][3.033s] GC(8) Concurrent Mark
[2024-11-27T14:20:59.453+0100][3.033s] GC(8) Concurrent Mark From Roots
[2024-11-27T14:20:59.453+0100][3.033s] GC(8) Using 4 workers of 4 for marking
[2024-11-27T14:20:59.465+0100][3.044s] GC(8) Concurrent Mark From Roots 11.729ms
[2024-11-27T14:20:59.465+0100][3.044s] GC(8) Concurrent Preclean
[2024-11-27T14:20:59.465+0100][3.044s] GC(8) Concurrent Preclean 0.042ms
[2024-11-27T14:20:59.465+0100][3.044s] GC(8) Pause Remark
[2024-11-27T14:20:59.470+0100][3.049s] GC(8) Pause Remark 28M->28M(512M) 4.563ms
[2024-11-27T14:20:59.470+0100][3.049s] GC(8) User=0.02s Sys=0.00s Real=0.00s
[2024-11-27T14:20:59.470+0100][3.049s] GC(8) Concurrent Mark 16.774ms
[2024-11-27T14:20:59.470+0100][3.049s] GC(8) Concurrent Rebuild Remembered Sets and Scrub Regions
[2024-11-27T14:20:59.476+0100][3.055s] GC(8) Concurrent Rebuild Remembered Sets and Scrub Regions 5.884ms
[2024-11-27T14:20:59.476+0100][3.055s] GC(8) Pause Cleanup
[2024-11-27T14:20:59.476+0100][3.056s] GC(8) Pause Cleanup 28M->28M(512M) 0.325ms
[2024-11-27T14:20:59.476+0100][3.056s] GC(8) User=0.00s Sys=0.00s Real=0.00s
[2024-11-27T14:20:59.476+0100][3.056s] GC(8) Concurrent Clear Claimed Marks
[2024-11-27T14:20:59.476+0100][3.056s] GC(8) Concurrent Clear Claimed Marks 0.119ms
[2024-11-27T14:20:59.476+0100][3.056s] GC(8) Concurrent Cleanup for Next Mark
[2024-11-27T14:20:59.477+0100][3.057s] GC(8) Concurrent Cleanup for Next Mark 0.597ms
[2024-11-27T14:20:59.477+0100][3.057s] GC(8) Concurrent Mark Cycle 26.610ms
[2024-11-27T14:21:04.259+0100][7.838s] GC(9) Pause Young (Prepare Mixed) (Metadata GC Threshold)
[2024-11-27T14:21:04.259+0100][7.838s] GC(9) Using 15 workers of 15 for evacuation
[2024-11-27T14:21:04.271+0100][7.850s] GC(9)   Pre Evacuate Collection Set: 0.4ms
[2024-11-27T14:21:04.271+0100][7.850s] GC(9)   Merge Heap Roots: 0.2ms
[2024-11-27T14:21:04.271+0100][7.850s] GC(9)   Evacuate Collection Set: 8.7ms
[2024-11-27T14:21:04.271+0100][7.850s] GC(9)   Post Evacuate Collection Set: 2.5ms
[2024-11-27T14:21:04.271+0100][7.850s] GC(9)   Other: 0.2ms
[2024-11-27T14:21:04.271+0100][7.850s] GC(9) Eden regions: 210->0(280)
[2024-11-27T14:21:04.271+0100][7.850s] GC(9) Survivor regions: 8->27(39)
[2024-11-27T14:21:04.271+0100][7.850s] GC(9) Old regions: 16->16
[2024-11-27T14:21:04.271+0100][7.850s] GC(9) Humongous regions: 4->4
[2024-11-27T14:21:04.271+0100][7.850s] GC(9) Metaspace: 61741K(62528K)->61741K(62528K) NonClass: 54385K(54784K)->54385K(54784K) Class: 7355K(7744K)->7355K(7744K)
[2024-11-27T14:21:04.271+0100][7.850s] GC(9) Pause Young (Prepare Mixed) (Metadata GC Threshold) 237M->46M(512M) 12.158ms
[2024-11-27T14:21:04.271+0100][7.850s] GC(9) User=0.12s Sys=0.00s Real=0.01s
[2024-11-27T14:21:04.306+0100][7.885s] GC(10) Pause Young (Mixed) (Metadata GC Threshold)
[2024-11-27T14:21:04.306+0100][7.886s] GC(10) Using 15 workers of 15 for evacuation
[2024-11-27T14:21:04.319+0100][7.899s] GC(10)   Pre Evacuate Collection Set: 0.6ms
[2024-11-27T14:21:04.320+0100][7.899s] GC(10)   Merge Heap Roots: 0.3ms
[2024-11-27T14:21:04.320+0100][7.899s] GC(10)   Evacuate Collection Set: 10.9ms
[2024-11-27T14:21:04.320+0100][7.899s] GC(10)   Post Evacuate Collection Set: 1.4ms
[2024-11-27T14:21:04.320+0100][7.899s] GC(10)   Other: 0.1ms
[2024-11-27T14:21:04.320+0100][7.899s] GC(10) Eden regions: 3->0(287)
[2024-11-27T14:21:04.320+0100][7.899s] GC(10) Survivor regions: 27->20(39)
[2024-11-27T14:21:04.320+0100][7.899s] GC(10) Old regions: 16->23
[2024-11-27T14:21:04.320+0100][7.899s] GC(10) Humongous regions: 4->4
[2024-11-27T14:21:04.320+0100][7.899s] GC(10) Metaspace: 62114K(62848K)->62114K(62848K) NonClass: 54710K(55104K)->54710K(55104K) Class: 7404K(7744K)->7404K(7744K)
[2024-11-27T14:21:04.320+0100][7.899s] GC(10) Pause Young (Mixed) (Metadata GC Threshold) 48M->46M(512M) 13.736ms
[2024-11-27T14:21:04.320+0100][7.899s] GC(10) User=0.15s Sys=0.00s Real=0.01s
[2024-11-27T14:21:06.717+0100][10.297s] GC(11) Pause Young (Concurrent Start) (Metadata GC Threshold)
[2024-11-27T14:21:06.717+0100][10.297s] GC(11) Using 15 workers of 15 for evacuation
[2024-11-27T14:21:06.727+0100][10.307s] GC(11)   Pre Evacuate Collection Set: 0.5ms
[2024-11-27T14:21:06.728+0100][10.308s] GC(11)   Merge Heap Roots: 0.1ms
[2024-11-27T14:21:06.728+0100][10.308s] GC(11)   Evacuate Collection Set: 8.1ms
[2024-11-27T14:21:06.728+0100][10.308s] GC(11)   Post Evacuate Collection Set: 1.3ms
[2024-11-27T14:21:06.728+0100][10.308s] GC(11)   Other: 0.2ms
[2024-11-27T14:21:06.728+0100][10.308s] GC(11) Eden regions: 6->0(286)
[2024-11-27T14:21:06.728+0100][10.308s] GC(11) Survivor regions: 20->21(39)
[2024-11-27T14:21:06.728+0100][10.308s] GC(11) Old regions: 23->23
[2024-11-27T14:21:06.728+0100][10.308s] GC(11) Humongous regions: 4->4
[2024-11-27T14:21:06.728+0100][10.308s] GC(11) Metaspace: 62397K(63168K)->62397K(63168K) NonClass: 54953K(55360K)->54953K(55360K) Class: 7443K(7808K)->7443K(7808K)
[2024-11-27T14:21:06.728+0100][10.308s] GC(11) Pause Young (Concurrent Start) (Metadata GC Threshold) 52M->47M(512M) 11.447ms
[2024-11-27T14:21:06.729+0100][10.308s] GC(11) User=0.11s Sys=0.00s Real=0.01s
[2024-11-27T14:21:06.729+0100][10.308s] GC(12) Concurrent Mark Cycle
[2024-11-27T14:21:06.729+0100][10.308s] GC(12) Concurrent Scan Root Regions
[2024-11-27T14:21:06.738+0100][10.317s] GC(12) Concurrent Scan Root Regions 9.247ms
[2024-11-27T14:21:06.738+0100][10.318s] GC(12) Concurrent Mark
[2024-11-27T14:21:06.738+0100][10.318s] GC(12) Concurrent Mark From Roots
[2024-11-27T14:21:06.738+0100][10.318s] GC(12) Using 4 workers of 4 for marking
[2024-11-27T14:21:06.759+0100][10.338s] GC(12) Concurrent Mark From Roots 20.830ms
[2024-11-27T14:21:06.759+0100][10.339s] GC(12) Concurrent Preclean
[2024-11-27T14:21:06.759+0100][10.339s] GC(12) Concurrent Preclean 0.323ms
[2024-11-27T14:21:06.760+0100][10.339s] GC(12) Pause Remark
[2024-11-27T14:21:06.767+0100][10.346s] GC(12) Pause Remark 50M->50M(512M) 7.240ms
[2024-11-27T14:21:06.767+0100][10.347s] GC(12) User=0.05s Sys=0.00s Real=0.01s
[2024-11-27T14:21:06.767+0100][10.347s] GC(12) Concurrent Mark 29.130ms
[2024-11-27T14:21:06.767+0100][10.347s] GC(12) Concurrent Rebuild Remembered Sets and Scrub Regions
[2024-11-27T14:21:06.781+0100][10.361s] GC(12) Concurrent Rebuild Remembered Sets and Scrub Regions 14.033ms
[2024-11-27T14:21:06.782+0100][10.361s] GC(12) Pause Cleanup
[2024-11-27T14:21:06.782+0100][10.362s] GC(12) Pause Cleanup 52M->52M(512M) 0.463ms
[2024-11-27T14:21:06.782+0100][10.362s] GC(12) User=0.00s Sys=0.00s Real=0.00s
[2024-11-27T14:21:06.782+0100][10.362s] GC(12) Concurrent Clear Claimed Marks
[2024-11-27T14:21:06.783+0100][10.362s] GC(12) Concurrent Clear Claimed Marks 0.221ms
[2024-11-27T14:21:06.783+0100][10.362s] GC(12) Concurrent Cleanup for Next Mark
[2024-11-27T14:21:06.783+0100][10.363s] GC(12) Concurrent Cleanup for Next Mark 0.825ms
[2024-11-27T14:21:06.783+0100][10.363s] GC(12) Concurrent Mark Cycle 54.878ms
[2024-11-27T14:21:53.057+0100][56.636s] Heap
[2024-11-27T14:21:53.057+0100][56.636s]  garbage-first heap   total 524288K, used 80994K [0x00000000e0000000, 0x0000000100000000)
[2024-11-27T14:21:53.057+0100][56.636s]   region size 1024K, 53 young (54272K), 21 survivors (21504K)
[2024-11-27T14:21:53.057+0100][56.636s]  Metaspace       used 63675K, committed 64512K, reserved 1114112K
[2024-11-27T14:21:53.057+0100][56.636s]   class space    used 7579K, committed 7936K, reserved 1048576K
